Archive member included to satisfy reference by file (symbol)

C:/ST/STM32CubeIDE_1.18.1/STM32CubeIDE/plugins/com.st.stm32cube.ide.mcu.externaltools.gnu-tools-for-stm32.13.3.rel1.win32_1.0.0.202411081344/tools/bin/../lib/gcc/arm-none-eabi/13.3.1/../../../../arm-none-eabi/lib/thumb/v7e-m+fp/hard\libc_nano.a(libc_a-exit.o)
                              C:/ST/STM32CubeIDE_1.18.1/STM32CubeIDE/plugins/com.st.stm32cube.ide.mcu.externaltools.gnu-tools-for-stm32.13.3.rel1.win32_1.0.0.202411081344/tools/bin/../lib/gcc/arm-none-eabi/13.3.1/../../../../arm-none-eabi/lib/thumb/v7e-m+fp/hard/crt0.o (exit)
C:/ST/STM32CubeIDE_1.18.1/STM32CubeIDE/plugins/com.st.stm32cube.ide.mcu.externaltools.gnu-tools-for-stm32.13.3.rel1.win32_1.0.0.202411081344/tools/bin/../lib/gcc/arm-none-eabi/13.3.1/../../../../arm-none-eabi/lib/thumb/v7e-m+fp/hard\libc_nano.a(libc_a-malloc.o)
                              ./Core/Src/fan_management.o (malloc)
C:/ST/STM32CubeIDE_1.18.1/STM32CubeIDE/plugins/com.st.stm32cube.ide.mcu.externaltools.gnu-tools-for-stm32.13.3.rel1.win32_1.0.0.202411081344/tools/bin/../lib/gcc/arm-none-eabi/13.3.1/../../../../arm-none-eabi/lib/thumb/v7e-m+fp/hard\libc_nano.a(libc_a-mallocr.o)
                              C:/ST/STM32CubeIDE_1.18.1/STM32CubeIDE/plugins/com.st.stm32cube.ide.mcu.externaltools.gnu-tools-for-stm32.13.3.rel1.win32_1.0.0.202411081344/tools/bin/../lib/gcc/arm-none-eabi/13.3.1/../../../../arm-none-eabi/lib/thumb/v7e-m+fp/hard\libc_nano.a(libc_a-malloc.o) (_malloc_r)
C:/ST/STM32CubeIDE_1.18.1/STM32CubeIDE/plugins/com.st.stm32cube.ide.mcu.externaltools.gnu-tools-for-stm32.13.3.rel1.win32_1.0.0.202411081344/tools/bin/../lib/gcc/arm-none-eabi/13.3.1/../../../../arm-none-eabi/lib/thumb/v7e-m+fp/hard\libc_nano.a(libc_a-mlock.o)
                              C:/ST/STM32CubeIDE_1.18.1/STM32CubeIDE/plugins/com.st.stm32cube.ide.mcu.externaltools.gnu-tools-for-stm32.13.3.rel1.win32_1.0.0.202411081344/tools/bin/../lib/gcc/arm-none-eabi/13.3.1/../../../../arm-none-eabi/lib/thumb/v7e-m+fp/hard\libc_nano.a(libc_a-mallocr.o) (__malloc_lock)
C:/ST/STM32CubeIDE_1.18.1/STM32CubeIDE/plugins/com.st.stm32cube.ide.mcu.externaltools.gnu-tools-for-stm32.13.3.rel1.win32_1.0.0.202411081344/tools/bin/../lib/gcc/arm-none-eabi/13.3.1/../../../../arm-none-eabi/lib/thumb/v7e-m+fp/hard\libc_nano.a(libc_a-qsort.o)
                              ./Core/Src/fan_management.o (qsort)
C:/ST/STM32CubeIDE_1.18.1/STM32CubeIDE/plugins/com.st.stm32cube.ide.mcu.externaltools.gnu-tools-for-stm32.13.3.rel1.win32_1.0.0.202411081344/tools/bin/../lib/gcc/arm-none-eabi/13.3.1/../../../../arm-none-eabi/lib/thumb/v7e-m+fp/hard\libc_nano.a(libc_a-nano-vfprintf_float.o)
                              (_printf_float)
C:/ST/STM32CubeIDE_1.18.1/STM32CubeIDE/plugins/com.st.stm32cube.ide.mcu.externaltools.gnu-tools-for-stm32.13.3.rel1.win32_1.0.0.202411081344/tools/bin/../lib/gcc/arm-none-eabi/13.3.1/../../../../arm-none-eabi/lib/thumb/v7e-m+fp/hard\libc_nano.a(libc_a-nano-vfprintf_i.o)
                              C:/ST/STM32CubeIDE_1.18.1/STM32CubeIDE/plugins/com.st.stm32cube.ide.mcu.externaltools.gnu-tools-for-stm32.13.3.rel1.win32_1.0.0.202411081344/tools/bin/../lib/gcc/arm-none-eabi/13.3.1/../../../../arm-none-eabi/lib/thumb/v7e-m+fp/hard\libc_nano.a(libc_a-nano-vfprintf_float.o) (_printf_common)
C:/ST/STM32CubeIDE_1.18.1/STM32CubeIDE/plugins/com.st.stm32cube.ide.mcu.externaltools.gnu-tools-for-stm32.13.3.rel1.win32_1.0.0.202411081344/tools/bin/../lib/gcc/arm-none-eabi/13.3.1/../../../../arm-none-eabi/lib/thumb/v7e-m+fp/hard\libc_nano.a(libc_a-findfp.o)
                              C:/ST/STM32CubeIDE_1.18.1/STM32CubeIDE/plugins/com.st.stm32cube.ide.mcu.externaltools.gnu-tools-for-stm32.13.3.rel1.win32_1.0.0.202411081344/tools/bin/../lib/gcc/arm-none-eabi/13.3.1/../../../../arm-none-eabi/lib/thumb/v7e-m+fp/hard\libc_nano.a(libc_a-exit.o) (__stdio_exit_handler)
C:/ST/STM32CubeIDE_1.18.1/STM32CubeIDE/plugins/com.st.stm32cube.ide.mcu.externaltools.gnu-tools-for-stm32.13.3.rel1.win32_1.0.0.202411081344/tools/bin/../lib/gcc/arm-none-eabi/13.3.1/../../../../arm-none-eabi/lib/thumb/v7e-m+fp/hard\libc_nano.a(libc_a-fwalk.o)
                              C:/ST/STM32CubeIDE_1.18.1/STM32CubeIDE/plugins/com.st.stm32cube.ide.mcu.externaltools.gnu-tools-for-stm32.13.3.rel1.win32_1.0.0.202411081344/tools/bin/../lib/gcc/arm-none-eabi/13.3.1/../../../../arm-none-eabi/lib/thumb/v7e-m+fp/hard\libc_nano.a(libc_a-findfp.o) (_fwalk_sglue)
C:/ST/STM32CubeIDE_1.18.1/STM32CubeIDE/plugins/com.st.stm32cube.ide.mcu.externaltools.gnu-tools-for-stm32.13.3.rel1.win32_1.0.0.202411081344/tools/bin/../lib/gcc/arm-none-eabi/13.3.1/../../../../arm-none-eabi/lib/thumb/v7e-m+fp/hard\libc_nano.a(libc_a-puts.o)
                              ./Core/Src/isa_ivt-s.o (puts)
[...]
Memory Configuration

Name             Origin             Length             Attributes
RAM              0x20000000         0x00040000         xrw
FLASH            0x08000000         0x00080000         xr
*default*        0x00000000         0xffffffff

Linker script and memory map

LOAD C:/ST/STM32CubeIDE_1.18.1/STM32CubeIDE/plugins/com.st.stm32cube.ide.mcu.externaltools.gnu-tools-for-stm32.13.3.rel1.win32_1.0.0.202411081344/tools/bin/../lib/gcc/arm-none-eabi/13.3.1/thumb/v7e-m+fp/hard/crti.o
LOAD C:/ST/STM32CubeIDE_1.18.1/STM32CubeIDE/plugins/com.st.stm32cube.ide.mcu.externaltools.gnu-tools-for-stm32.13.3.rel1.win32_1.0.0.202411081344/tools/bin/../lib/gcc/arm-none-eabi/13.3.1/thumb/v7e-m+fp/hard/crtbegin.o
LOAD C:/ST/STM32CubeIDE_1.18.1/STM32CubeIDE/plugins/com.st.stm32cube.ide.mcu.externaltools.gnu-tools-for-stm32.13.3.rel1.win32_1.0.0.202411081344/tools/bin/../lib/gcc/arm-none-eabi/13.3.1/../../../../arm-none-eabi/lib/thumb/v7e-m+fp/hard/crt0.o
LOAD ./Core/Src/bms_cmdlist.o
LOAD ./Core/Src/bms_libWrapper.o
LOAD ./Core/Src/bms_mcuWrapper.o
LOAD ./Core/Src/bms_utility.o
LOAD ./Core/Src/contactors.o
LOAD ./Core/Src/ee24.o
LOAD ./Core/Src/eeprom_utils.o
LOAD ./Core/Src/fan_management.o
LOAD ./Core/Src/isa_ivt-s.o
LOAD ./Core/Src/main.o
LOAD ./Core/Src/stm32f4xx_hal_msp.o
LOAD ./Core/Src/stm32f4xx_it.o
LOAD ./Core/Src/syscalls.o
LOAD ./Core/Src/sysmem.o
LOAD ./Core/Src/system_stm32f4xx.o
LOAD ./Core/Src/time_rtc.o
LOAD ./Core/Src/uartDMA.o
LOAD ./Core/Src/version.o
LOAD ./Core/Startup/startup_stm32f412retx.o
LOAD ./Drivers/STM32F4xx_HAL_Driver/Src/stm32f4xx_hal.o
LOAD ./Drivers/STM32F4xx_HAL_Driver/Src/stm32f4xx_hal_adc.o
LOAD ./Drivers/STM32F4xx_HAL_Driver/Src/stm32f4xx_hal_adc_ex.o
LOAD ./Drivers/STM32F4xx_HAL_Driver/Src/stm32f4xx_hal_can.o
LOAD ./Drivers/STM32F4xx_HAL_Driver/Src/stm32f4xx_hal_cortex.o
LOAD ./Drivers/STM32F4xx_HAL_Driver/Src/stm32f4xx_hal_dma.o
LOAD ./Drivers/STM32F4xx_HAL_Driver/Src/stm32f4xx_hal_dma_ex.o
LOAD ./Drivers/STM32F4xx_HAL_Driver/Src/stm32f4xx_hal_exti.o
LOAD ./Drivers/STM32F4xx_HAL_Driver/Src/stm32f4xx_hal_flash.o
LOAD ./Drivers/STM32F4xx_HAL_Driver/Src/stm32f4xx_hal_flash_ex.o
LOAD ./Drivers/STM32F4xx_HAL_Driver/Src/stm32f4xx_hal_flash_ramfunc.o
LOAD ./Drivers/STM32F4xx_HAL_Driver/Src/stm32f4xx_hal_gpio.o
LOAD ./Drivers/STM32F4xx_HAL_Driver/Src/stm32f4xx_hal_i2c.o
LOAD ./Drivers/STM32F4xx_HAL_Driver/Src/stm32f4xx_hal_i2c_ex.o
LOAD ./Drivers/STM32F4xx_HAL_Driver/Src/stm32f4xx_hal_pwr.o
LOAD ./Drivers/STM32F4xx_HAL_Driver/Src/stm32f4xx_hal_pwr_ex.o
LOAD ./Drivers/STM32F4xx_HAL_Driver/Src/stm32f4xx_hal_rcc.o
LOAD ./Drivers/STM32F4xx_HAL_Driver/Src/stm32f4xx_hal_rcc_ex.o
LOAD ./Drivers/STM32F4xx_HAL_Driver/Src/stm32f4xx_hal_rtc.o
LOAD ./Drivers/STM32F4xx_HAL_Driver/Src/stm32f4xx_hal_rtc_ex.o
LOAD ./Drivers/STM32F4xx_HAL_Driver/Src/stm32f4xx_hal_spi.o
LOAD ./Drivers/STM32F4xx_HAL_Driver/Src/stm32f4xx_hal_tim.o
LOAD ./Drivers/STM32F4xx_HAL_Driver/Src/stm32f4xx_hal_tim_ex.o
LOAD ./Drivers/STM32F4xx_HAL_Driver/Src/stm32f4xx_hal_uart.o
LOAD ./Drivers/STM32F4xx_HAL_Driver/Src/stm32f4xx_ll_adc.o
START GROUP
LOAD C:/ST/STM32CubeIDE_1.18.1/STM32CubeIDE/plugins/com.st.stm32cube.ide.mcu.externaltools.gnu-tools-for-stm32.13.3.rel1.win32_1.0.0.202411081344/tools/bin/../lib/gcc/arm-none-eabi/13.3.1/../../../../arm-none-eabi/lib/thumb/v7e-m+fp/hard\libc_nano.a
LOAD C:/ST/STM32CubeIDE_1.18.1/STM32CubeIDE/plugins/com.st.stm32cube.ide.mcu.externaltools.gnu-tools-for-stm32.13.3.rel1.win32_1.0.0.202411081344/tools/bin/../lib/gcc/arm-none-eabi/13.3.1/../../../../arm-none-eabi/lib/thumb/v7e-m+fp/hard\libm.a
END GROUP
START GROUP
LOAD C:/ST/STM32CubeIDE_1.18.1/STM32CubeIDE/plugins/com.st.stm32cube.ide.mcu.externaltools.gnu-tools-for-stm32.13.3.rel1.win32_1.0.0.202411081344/tools/bin/../lib/gcc/arm-none-eabi/13.3.1/thumb/v7e-m+fp/hard\libgcc.a
LOAD C:/ST/STM32CubeIDE_1.18.1/STM32CubeIDE/plugins/com.st.stm32cube.ide.mcu.externaltools.gnu-tools-for-stm32.13.3.rel1.win32_1.0.0.202411081344/tools/bin/../lib/gcc/arm-none-eabi/13.3.1/../../../../arm-none-eabi/lib/thumb/v7e-m+fp/hard\libc_nano.a
END GROUP
START GROUP
LOAD C:/ST/STM32CubeIDE_1.18.1/STM32CubeIDE/plugins/com.st.stm32cube.ide.mcu.externaltools.gnu-tools-for-stm32.13.3.rel1.win32_1.0.0.202411081344/tools/bin/../lib/gcc/arm-none-eabi/13.3.1/thumb/v7e-m+fp/hard\libgcc.a
LOAD C:/ST/STM32CubeIDE_1.18.1/STM32CubeIDE/plugins/com.st.stm32cube.ide.mcu.externaltools.gnu-tools-for-stm32.13.3.rel1.win32_1.0.0.202411081344/tools/bin/../lib/gcc/arm-none-eabi/13.3.1/../../../../arm-none-eabi/lib/thumb/v7e-m+fp/hard\libc_nano.a
LOAD C:/ST/STM32CubeIDE_1.18.1/STM32CubeIDE/plugins/com.st.stm32cube.ide.mcu.externaltools.gnu-tools-for-stm32.13.3.rel1.win32_1.0.0.202411081344/tools/bin/../lib/gcc/arm-none-eabi/13.3.1/../../../../arm-none-eabi/lib/thumb/v7e-m+fp/hard\libnosys.a
END GROUP
START GROUP
LOAD C:/ST/STM32CubeIDE_1.18.1/STM32CubeIDE/plugins/com.st.stm32cube.ide.mcu.externaltools.gnu-tools-for-stm32.13.3.rel1.win32_1.0.0.202411081344/tools/bin/../lib/gcc/arm-none-eabi/13.3.1/thumb/v7e-m+fp/hard\libgcc.a
LOAD C:/ST/STM32CubeIDE_1.18.1/STM32CubeIDE/plugins/com.st.stm32cube.ide.mcu.externaltools.gnu-tools-for-stm32.13.3.rel1.win32_1.0.0.202411081344/tools/bin/../lib/gcc/arm-none-eabi/13.3.1/../../../../arm-none-eabi/lib/thumb/v7e-m+fp/hard\libc_nano.a
LOAD C:/ST/STM32CubeIDE_1.18.1/STM32CubeIDE/plugins/com.st.stm32cube.ide.mcu.externaltools.gnu-tools-for-stm32.13.3.rel1.win32_1.0.0.202411081344/tools/bin/../lib/gcc/arm-none-eabi/13.3.1/../../../../arm-none-eabi/lib/thumb/v7e-m+fp/hard\libnosys.a
END GROUP
LOAD C:/ST/STM32CubeIDE_1.18.1/STM32CubeIDE/plugins/com.st.stm32cube.ide.mcu.externaltools.gnu-tools-for-stm32.13.3.rel1.win32_1.0.0.202411081344/tools/bin/../lib/gcc/arm-none-eabi/13.3.1/thumb/v7e-m+fp/hard/crtend.o
LOAD C:/ST/STM32CubeIDE_1.18.1/STM32CubeIDE/plugins/com.st.stm32cube.ide.mcu.externaltools.gnu-tools-for-stm32.13.3.rel1.win32_1.0.0.202411081344/tools/bin/../lib/gcc/arm-none-eabi/13.3.1/thumb/v7e-m+fp/hard/crtn.o
                0x20040000                        _estack = (ORIGIN (RAM) + LENGTH (RAM))
                0x00000200                        _Min_Heap_Size = 0x200
                0x00000400                        _Min_Stack_Size = 0x400

.isr_vector     0x08000000      0x1c4
                0x08000000                        . = ALIGN (0x4)
 *(.isr_vector)
 .isr_vector    0x08000000      0x1c4 ./Core/Startup/startup_stm32f412retx.o
                0x08000000                g_pfnVectors
                0x080001c4                        . = ALIGN (0x4)

.text           0x080001d0     0xbbc4
                0x080001d0                        . = ALIGN (0x4)
 *(.text)
 .text          0x080001d0       0x40 C:/ST/STM32CubeIDE_1.18.1/STM32CubeIDE/plugins/com.st.stm32cube.ide.mcu.externaltools.gnu-tools-for-stm32.13.3.rel1.win32_1.0.0.202411081344/tools/bin/../lib/gcc/arm-none-eabi/13.3.1/thumb/v7e-m+fp/hard/crtbegin.o
 .text          0x08000210       0xa0 C:/ST/STM32CubeIDE_1.18.1/STM32CubeIDE/plugins/com.st.stm32cube.ide.mcu.externaltools.gnu-tools-for-stm32.13.3.rel1.win32_1.0.0.202411081344/tools/bin/../lib/gcc/arm-none-eabi/13.3.1/../../../../arm-none-eabi/lib/thumb/v7e-m+fp/hard\libc_nano.a(libc_a-memchr.o)
                0x08000210                memchr
 .text          0x080002b0       0x10 C:/ST/STM32CubeIDE_1.18.1/STM32CubeIDE/plugins/com.st.stm32cube.ide.mcu.externaltools.gnu-tools-for-stm32.13.3.rel1.win32_1.0.0.202411081344/tools/bin/../lib/gcc/arm-none-eabi/13.3.1/../../../../arm-none-eabi/lib/thumb/v7e-m+fp/hard\libc_nano.a(libc_a-strlen.o)
                0x080002b0                strlen
 .text          0x080002c0      0x378 C:/ST/STM32CubeIDE_1.18.1/STM32CubeIDE/plugins/com.st.stm32cube.ide.mcu.externaltools.gnu-tools-for-stm32.13.3.rel1.win32_1.0.0.202411081344/tools/bin/../lib/gcc/arm-none-eabi/13.3.1/thumb/v7e-m+fp/hard\libgcc.a(_arm_addsubdf3.o)
                0x080002c0                __aeabi_drsub
                0x080002c8                __aeabi_dsub
                0x080002c8                __subdf3
                0x080002cc                __aeabi_dadd
                0x080002cc                __adddf3
                0x08000544                __floatunsidf
                0x08000544                __aeabi_ui2d
                0x08000564                __floatsidf
                0x08000564                __aeabi_i2d
                0x08000588                __aeabi_f2d
                0x08000588                __extendsfdf2
                0x080005cc                __floatundidf
                0x080005cc                __aeabi_ul2d
                0x080005dc                __floatdidf
                0x080005dc                __aeabi_l2d
 .text          0x08000638      0x424 C:/ST/STM32CubeIDE_1.18.1/STM32CubeIDE/plugins/com.st.stm32cube.ide.mcu.externaltools.gnu-tools-for-stm32.13.3.rel1.win32_1.0.0.202411081344/tools/bin/../lib/gcc/arm-none-eabi/13.3.1/thumb/v7e-m+fp/hard\libgcc.a(_arm_muldivdf3.o)
                0x08000638                __aeabi_dmul
                0x08000638                __muldf3
                0x0800088c                __divdf3
                0x0800088c                __aeabi_ddiv
 .text          0x08000a5c      0x110 C:/ST/STM32CubeIDE_1.18.1/STM32CubeIDE/plugins/com.st.stm32cube.ide.mcu.externaltools.gnu-tools-for-stm32.13.3.rel1.win32_1.0.0.202411081344/tools/bin/../lib/gcc/arm-none-eabi/13.3.1/thumb/v7e-m+fp/hard\libgcc.a(_arm_cmpdf2.o)
                0x08000a5c                __gtdf2
                0x08000a5c                __gedf2
                0x08000a64                __ltdf2
                0x08000a64                __ledf2
                0x08000a6c                __nedf2
                0x08000a6c                __eqdf2
                0x08000a6c                __cmpdf2
                0x08000ae8                __aeabi_cdrcmple
                0x08000af8                __aeabi_cdcmpeq
                0x08000af8                __aeabi_cdcmple
                0x08000b08                __aeabi_dcmpeq
                0x08000b1c                __aeabi_dcmplt
                0x08000b30                __aeabi_dcmple
                0x08000b44                __aeabi_dcmpge
                0x08000b58                __aeabi_dcmpgt
 .text          0x08000b6c       0x2c C:/ST/STM32CubeIDE_1.18.1/STM32CubeIDE/plugins/com.st.stm32cube.ide.mcu.externaltools.gnu-tools-for-stm32.13.3.rel1.win32_1.0.0.202411081344/tools/bin/../lib/gcc/arm-none-eabi/13.3.1/thumb/v7e-m+fp/hard\libgcc.a(_arm_unorddf2.o)
                0x08000b6c                __unorddf2
                0x08000b6c                __aeabi_dcmpun
 .text          0x08000b98       0x50 C:/ST/STM32CubeIDE_1.18.1/STM32CubeIDE/plugins/com.st.stm32cube.ide.mcu.externaltools.gnu-tools-for-stm32.13.3.rel1.win32_1.0.0.202411081344/tools/bin/../lib/gcc/arm-none-eabi/13.3.1/thumb/v7e-m+fp/hard\libgcc.a(_arm_fixdfsi.o)
                0x08000b98                __aeabi_d2iz
                0x08000b98                __fixdfsi
 .text          0x08000be8       0xa0 C:/ST/STM32CubeIDE_1.18.1/STM32CubeIDE/plugins/com.st.stm32cube.ide.mcu.externaltools.gnu-tools-for-stm32.13.3.rel1.win32_1.0.0.202411081344/tools/bin/../lib/gcc/arm-none-eabi/13.3.1/thumb/v7e-m+fp/hard\libgcc.a(_arm_truncdfsf2.o)
                0x08000be8                __truncdfsf2
                0x08000be8                __aeabi_d2f
 .text          0x08000c88       0x30 C:/ST/STM32CubeIDE_1.18.1/STM32CubeIDE/plugins/com.st.stm32cube.ide.mcu.externaltools.gnu-tools-for-stm32.13.3.rel1.win32_1.0.0.202411081344/tools/bin/../lib/gcc/arm-none-eabi/13.3.1/thumb/v7e-m+fp/hard\libgcc.a(_aeabi_uldivmod.o)
                0x08000c88                __aeabi_uldivmod
 .text          0x08000cb8      0x2f8 C:/ST/STM32CubeIDE_1.18.1/STM32CubeIDE/plugins/com.st.stm32cube.ide.mcu.externaltools.gnu-tools-for-stm32.13.3.rel1.win32_1.0.0.202411081344/tools/bin/../lib/gcc/arm-none-eabi/13.3.1/thumb/v7e-m+fp/hard\libgcc.a(_udivmoddi4.o)
                0x08000cb8                __udivmoddi4
 .text          0x08000fb0        0x4 C:/ST/STM32CubeIDE_1.18.1/STM32CubeIDE/plugins/com.st.stm32cube.ide.mcu.externaltools.gnu-tools-for-stm32.13.3.rel1.win32_1.0.0.202411081344/tools/bin/../lib/gcc/arm-none-eabi/13.3.1/thumb/v7e-m+fp/hard\libgcc.a(_dvmd_tls.o)
                0x08000fb0                __aeabi_idiv0
                0x08000fb0                __aeabi_ldiv0
 *(.text*)
 .text.bms_checkRxFault
                0x08000fb4       0x54 ./Core/Src/bms_libWrapper.o
                0x08000fb4                bms_checkRxFault
 .text.bms_startAdcvCont
                0x08001008       0x44 ./Core/Src/bms_libWrapper.o
                0x08001008                bms_startAdcvCont
 *fill*         0x0800104c        0x4 
 .text.bms_parseVoltage
                0x08001050       0xd4 ./Core/Src/bms_libWrapper.o
                0x08001050                bms_parseVoltage
 *fill*         0x08001124        0x4 
 .text.bms_parseAuxVoltage
                0x08001128      0x1d8 ./Core/Src/bms_libWrapper.o
                0x08001128                bms_parseAuxVoltage
 .text.bms_calculateStats
                0x08001300      0x11c ./Core/Src/bms_libWrapper.o
                0x08001300                bms_calculateStats
 .text.bms_readAvgCellVoltage
                0x0800141c       0x80 ./Core/Src/bms_libWrapper.o
                0x0800141c                bms_readAvgCellVoltage
 .text.bms_getAuxVoltage
                0x0800149c       0x80 ./Core/Src/bms_libWrapper.o
                0x0800149c                bms_getAuxVoltage
 *fill*         0x0800151c        0x4 
 .text.convertCellTemp
                0x08001520      0x118 ./Core/Src/bms_libWrapper.o
                0x08001520                convertCellTemp
 .text.bms_parseTemps
                0x08001638       0x80 ./Core/Src/bms_libWrapper.o
                0x08001638                bms_parseTemps
 .text.bms_getAuxMeasurement
                0x080016b8       0x54 ./Core/Src/bms_libWrapper.o
                0x080016b8                bms_getAuxMeasurement
 .text.bms_calculateBalancing
                0x0800170c       0xd4 ./Core/Src/bms_libWrapper.o
                0x0800170c                bms_calculateBalancing
 .text.bms_stopDischarge
                0x080017e0       0x20 ./Core/Src/bms_libWrapper.o
                0x080017e0                bms_stopDischarge
 .text.ad68_dump_csv_bt
                0x08001800      0x354 ./Core/Src/bms_libWrapper.o
                0x08001800                ad68_dump_csv_bt
 .text.bms_csLow
                0x08001b54       0x18 ./Core/Src/bms_mcuWrapper.o
                0x08001b54                bms_csLow
 .text.bms_csHigh
                0x08001b6c       0x18 ./Core/Src/bms_mcuWrapper.o
                0x08001b6c                bms_csHigh
 .text.bms_stopTimer_delay
                0x08001b84       0x20 ./Core/Src/bms_mcuWrapper.o
                0x08001b84                bms_stopTimer_delay
 .text.bms_startTimer_delay
                0x08001ba4       0x18 ./Core/Src/bms_mcuWrapper.o
                0x08001ba4                bms_startTimer_delay
 .text.bms_getTimCount_delay
                0x08001bbc       0x1c ./Core/Src/bms_mcuWrapper.o
                0x08001bbc                bms_getTimCount_delay
 .text.bms_wakeupChain
                0x08001bd8       0x36 ./Core/Src/bms_mcuWrapper.o
                0x08001bd8                bms_wakeupChain
 .text.bms_delayUs
                0x08001c0e       0x26 ./Core/Src/bms_mcuWrapper.o
                0x08001c0e                bms_delayUs
 .text.bms_delayMsActive
                0x08001c34       0x3e ./Core/Src/bms_mcuWrapper.o
                0x08001c34                bms_delayMsActive
 *fill*         0x08001c72        0x2 
 .text.bms_calcPec15
                0x08001c74       0x68 ./Core/Src/bms_utility.o
                0x08001c74                bms_calcPec15
 .text.bms_calcPec10
                0x08001cdc       0xb0 ./Core/Src/bms_utility.o
                0x08001cdc                bms_calcPec10
 .text.bms_spiTransmitCmd
                0x08001d8c       0x50 ./Core/Src/bms_utility.o
                0x08001d8c                bms_spiTransmitCmd
 .text.bms_spiReceiveData
                0x08001ddc       0xb0 ./Core/Src/bms_utility.o
                0x08001ddc                bms_spiReceiveData
 .text.bms_checkRxPec
                0x08001e8c       0x78 ./Core/Src/bms_utility.o
                0x08001e8c                bms_checkRxPec
 .text.bms_transmitCmd
                0x08001f04       0x1e ./Core/Src/bms_utility.o
                0x08001f04                bms_transmitCmd
 *fill*         0x08001f22        0x2 
 .text.bms_transmitPoll
                0x08001f24       0x40 ./Core/Src/bms_utility.o
                0x08001f24                bms_transmitPoll
 .text.bms_receiveData
                0x08001f64       0x2e ./Core/Src/bms_utility.o
                0x08001f64                bms_receiveData
 .text.OpenAllContactors
                0x08001f92       0x18 ./Core/Src/contactors.o
                0x08001f92                OpenAllContactors
 *fill*         0x08001faa        0x2 
 .text.OpenPreCarga
                0x08001fac       0x18 ./Core/Src/contactors.o
                0x08001fac                OpenPreCarga
 .text.OpenAIR_negativo
                0x08001fc4       0x18 ./Core/Src/contactors.o
                0x08001fc4                OpenAIR_negativo
 .text.OpenAIR_positivo
                0x08001fdc       0x18 ./Core/Src/contactors.o
                0x08001fdc                OpenAIR_positivo
 .text.OpenDescarga
                0x08001ff4       0x18 ./Core/Src/contactors.o
                0x08001ff4                OpenDescarga
 .text.ClosePreCarga
                0x0800200c       0x18 ./Core/Src/contactors.o
                0x0800200c                ClosePreCarga
 .text.main     0x08002024      0x268 ./Core/Src/main.o
                0x08002024                main
 .text.SystemClock_Config
                0x0800228c       0xe0 ./Core/Src/main.o
                0x0800228c                SystemClock_Config
 .text.MX_ADC1_Init
                0x0800236c       0xa4 ./Core/Src/main.o
 .text.MX_CAN1_Init
                0x08002410       0x6c ./Core/Src/main.o
 .text.MX_CAN2_Init
                0x0800247c       0x6c ./Core/Src/main.o
 .text.MX_I2C1_Init
                0x080024e8       0x5c ./Core/Src/main.o
 .text.MX_RTC_Init
                0x08002544       0x4c ./Core/Src/main.o
 .text.MX_SPI1_Init
                0x08002590       0x6c ./Core/Src/main.o
 .text.MX_TIM2_Init
                0x080025fc       0x98 ./Core/Src/main.o
 .text.MX_TIM5_Init
                0x08002694       0x9c ./Core/Src/main.o
 .text.MX_TIM6_Init
                0x08002730       0x6c ./Core/Src/main.o
 .text.MX_TIM8_Init
                0x0800279c       0xa4 ./Core/Src/main.o
 .text.MX_TIM10_Init
                0x08002840       0x48 ./Core/Src/main.o
 .text.MX_TIM11_Init
                0x08002888       0x48 ./Core/Src/main.o
 .text.MX_USART1_UART_Init
                0x080028d0       0x54 ./Core/Src/main.o
 .text.MX_USART2_UART_Init
                0x08002924       0x54 ./Core/Src/main.o
 .text.MX_DMA_Init
                0x08002978       0x6c ./Core/Src/main.o
 .text.MX_GPIO_Init
                0x080029e4      0x158 ./Core/Src/main.o
 .text.__io_putchar
                0x08002b3c       0x40 ./Core/Src/main.o
                0x08002b3c                __io_putchar
 .text.HAL_TIM_PeriodElapsedCallback
                0x08002b7c       0x88 ./Core/Src/main.o
                0x08002b7c                HAL_TIM_PeriodElapsedCallback
 .text.HAL_SYSTICK_Callback
                0x08002c04       0x64 ./Core/Src/main.o
                0x08002c04                HAL_SYSTICK_Callback
 .text.getRuntimeMs
                0x08002c68        0xe ./Core/Src/main.o
                0x08002c68                getRuntimeMs
 .text.getRuntimeMsDiff
                0x08002c76       0x1a ./Core/Src/main.o
                0x08002c76                getRuntimeMsDiff
 .text.HAL_GPIO_EXTI_Callback
                0x08002c90       0x3c ./Core/Src/main.o
                0x08002c90                HAL_GPIO_EXTI_Callback
 .text.Error_Handler
                0x08002ccc        0xc ./Core/Src/main.o
                0x08002ccc                Error_Handler
 .text.HAL_MspInit
                0x08002cd8       0x50 ./Core/Src/stm32f4xx_hal_msp.o
                0x08002cd8                HAL_MspInit
 .text.HAL_ADC_MspInit
                0x08002d28       0x44 ./Core/Src/stm32f4xx_hal_msp.o
                0x08002d28                HAL_ADC_MspInit
 .text.HAL_CAN_MspInit
                0x08002d6c      0x144 ./Core/Src/stm32f4xx_hal_msp.o
                0x08002d6c                HAL_CAN_MspInit
 .text.HAL_I2C_MspInit
                0x08002eb0       0x90 ./Core/Src/stm32f4xx_hal_msp.o
                0x08002eb0                HAL_I2C_MspInit
 .text.HAL_RTC_MspInit
                0x08002f40       0x54 ./Core/Src/stm32f4xx_hal_msp.o
                0x08002f40                HAL_RTC_MspInit
 .text.HAL_SPI_MspInit
                0x08002f94       0x90 ./Core/Src/stm32f4xx_hal_msp.o
                0x08002f94                HAL_SPI_MspInit
 .text.HAL_TIM_Base_MspInit
                0x08003024      0x158 ./Core/Src/stm32f4xx_hal_msp.o
                0x08003024                HAL_TIM_Base_MspInit
 .text.HAL_UART_MspInit
                0x0800317c      0x1e0 ./Core/Src/stm32f4xx_hal_msp.o
                0x0800317c                HAL_UART_MspInit
 .text.NMI_Handler
                0x0800335c        0x8 ./Core/Src/stm32f4xx_it.o
                0x0800335c                NMI_Handler
 .text.HardFault_Handler
                0x08003364        0x8 ./Core/Src/stm32f4xx_it.o
                0x08003364                HardFault_Handler
 .text.MemManage_Handler
                0x0800336c        0x8 ./Core/Src/stm32f4xx_it.o
                0x0800336c                MemManage_Handler
 .text.BusFault_Handler
                0x08003374        0x8 ./Core/Src/stm32f4xx_it.o
                0x08003374                BusFault_Handler
 .text.UsageFault_Handler
                0x0800337c        0x8 ./Core/Src/stm32f4xx_it.o
                0x0800337c                UsageFault_Handler
 .text.SVC_Handler
                0x08003384        0xe ./Core/Src/stm32f4xx_it.o
                0x08003384                SVC_Handler
 .text.DebugMon_Handler
                0x08003392        0xe ./Core/Src/stm32f4xx_it.o
                0x08003392                DebugMon_Handler
 .text.PendSV_Handler
                0x080033a0        0xe ./Core/Src/stm32f4xx_it.o
                0x080033a0                PendSV_Handler
 .text.SysTick_Handler
                0x080033ae       0x10 ./Core/Src/stm32f4xx_it.o
                0x080033ae                SysTick_Handler
 *fill*         0x080033be        0x2 
 .text.DMA1_Stream6_IRQHandler
                0x080033c0       0x14 ./Core/Src/stm32f4xx_it.o
                0x080033c0                DMA1_Stream6_IRQHandler
 .text.TIM1_UP_TIM10_IRQHandler
                0x080033d4       0x14 ./Core/Src/stm32f4xx_it.o
                0x080033d4                TIM1_UP_TIM10_IRQHandler
 .text.TIM1_TRG_COM_TIM11_IRQHandler
                0x080033e8       0x14 ./Core/Src/stm32f4xx_it.o
                0x080033e8                TIM1_TRG_COM_TIM11_IRQHandler
 .text.USART1_IRQHandler
                0x080033fc       0x14 ./Core/Src/stm32f4xx_it.o
                0x080033fc                USART1_IRQHandler
 .text.USART2_IRQHandler
                0x08003410       0x14 ./Core/Src/stm32f4xx_it.o
                0x08003410                USART2_IRQHandler
 .text.EXTI15_10_IRQHandler
                0x08003424       0x10 ./Core/Src/stm32f4xx_it.o
                0x08003424                EXTI15_10_IRQHandler
 .text.TIM8_UP_TIM13_IRQHandler
                0x08003434       0x14 ./Core/Src/stm32f4xx_it.o
                0x08003434                TIM8_UP_TIM13_IRQHandler
 .text.TIM6_IRQHandler
                0x08003448       0x14 ./Core/Src/stm32f4xx_it.o
                0x08003448                TIM6_IRQHandler
 .text.DMA2_Stream7_IRQHandler
                0x0800345c       0x14 ./Core/Src/stm32f4xx_it.o
                0x0800345c                DMA2_Stream7_IRQHandler
 .text._getpid  0x08003470       0x10 ./Core/Src/syscalls.o
                0x08003470                _getpid
 .text._kill    0x08003480       0x20 ./Core/Src/syscalls.o
                0x08003480                _kill
 .text._exit    0x080034a0       0x16 ./Core/Src/syscalls.o
                0x080034a0                _exit
 .text._read    0x080034b6       0x3a ./Core/Src/syscalls.o
                0x080034b6                _read
 .text._write   0x080034f0       0x38 ./Core/Src/syscalls.o
                0x080034f0                _write
 .text._close   0x08003528       0x18 ./Core/Src/syscalls.o
                0x08003528                _close
 .text._fstat   0x08003540       0x20 ./Core/Src/syscalls.o
                0x08003540                _fstat
 .text._isatty  0x08003560       0x16 ./Core/Src/syscalls.o
                0x08003560                _isatty
 .text._lseek   0x08003576       0x1a ./Core/Src/syscalls.o
                0x08003576                _lseek
 .text._sbrk    0x08003590       0x6c ./Core/Src/sysmem.o
                0x08003590                _sbrk
 .text.SystemInit
                0x080035fc       0x24 ./Core/Src/system_stm32f4xx.o
                0x080035fc                SystemInit
 .text.getDataLen
                0x08003620       0x44 ./Core/Src/uartDMA.o
                0x08003620                getDataLen
 .text.getDataLen2
                0x08003664       0x44 ./Core/Src/uartDMA.o
                0x08003664                getDataLen2
 .text.startUartDmaTx
                0x080036a8       0x84 ./Core/Src/uartDMA.o
                0x080036a8                startUartDmaTx
 .text.startUart2DmaTx
                0x0800372c       0x74 ./Core/Src/uartDMA.o
                0x0800372c                startUart2DmaTx
 .text.HAL_UART_TxCpltCallback
                0x080037a0       0xa8 ./Core/Src/uartDMA.o
                0x080037a0                HAL_UART_TxCpltCallback
 .text.printfDma
                0x08003848      0x134 ./Core/Src/uartDMA.o
                0x08003848                printfDma
 .text.printfDmaBT
                0x0800397c      0x128 ./Core/Src/uartDMA.o
                0x0800397c                printfDmaBT
 .text.printConsole
                0x08003aa4       0xb0 ./Core/Src/uartDMA.o
                0x08003aa4                printConsole
 .text.jsonSendEscaped
                0x08003b54      0x128 ./Core/Src/uartDMA.o
 .text.startUI  0x08003c7c       0x24 ./Core/Src/version.o
                0x08003c7c                startUI
 .text.Reset_Handler
                0x08003ca0       0x50 ./Core/Startup/startup_stm32f412retx.o
                0x08003ca0                Reset_Handler
 .text.Default_Handler
                0x08003cf0        0x2 ./Core/Startup/startup_stm32f412retx.o
                0x08003cf0                RTC_Alarm_IRQHandler
                0x08003cf0                EXTI2_IRQHandler
                0x08003cf0                TIM8_CC_IRQHandler
                0x08003cf0                FMPI2C1_EV_IRQHandler
                0x08003cf0                SPI4_IRQHandler
                0x08003cf0                TIM1_CC_IRQHandler
                0x08003cf0                DMA2_Stream5_IRQHandler
                0x08003cf0                DMA1_Stream5_IRQHandler
                0x08003cf0                PVD_IRQHandler
                0x08003cf0                SDIO_IRQHandler
                0x08003cf0                TAMP_STAMP_IRQHandler
                0x08003cf0                CAN2_RX1_IRQHandler
                0x08003cf0                EXTI3_IRQHandler
                0x08003cf0                TIM8_TRG_COM_TIM14_IRQHandler
                0x08003cf0                DFSDM1_FLT1_IRQHandler
                0x08003cf0                I2C3_ER_IRQHandler
                0x08003cf0                EXTI0_IRQHandler
                0x08003cf0                I2C2_EV_IRQHandler
                0x08003cf0                DMA1_Stream2_IRQHandler
                0x08003cf0                CAN1_RX0_IRQHandler
                0x08003cf0                FPU_IRQHandler
                0x08003cf0                CAN2_SCE_IRQHandler
                0x08003cf0                DMA2_Stream2_IRQHandler
                0x08003cf0                SPI1_IRQHandler
                0x08003cf0                TIM1_BRK_TIM9_IRQHandler
                0x08003cf0                CAN2_RX0_IRQHandler
                0x08003cf0                DMA2_Stream3_IRQHandler
                0x08003cf0                USART6_IRQHandler
                0x08003cf0                USART3_IRQHandler
                0x08003cf0                CAN1_RX1_IRQHandler
                0x08003cf0                DMA2_Stream0_IRQHandler
                0x08003cf0                TIM4_IRQHandler
                0x08003cf0                QUADSPI_IRQHandler
                0x08003cf0                I2C1_EV_IRQHandler
                0x08003cf0                DMA1_Stream1_IRQHandler
                0x08003cf0                TIM3_IRQHandler
                0x08003cf0                RCC_IRQHandler
                0x08003cf0                TIM8_BRK_TIM12_IRQHandler
                0x08003cf0                Default_Handler
                0x08003cf0                ADC_IRQHandler
                0x08003cf0                DMA1_Stream7_IRQHandler
                0x08003cf0                SPI5_IRQHandler
                0x08003cf0                TIM7_IRQHandler
                0x08003cf0                CAN2_TX_IRQHandler
                0x08003cf0                TIM5_IRQHandler
                0x08003cf0                I2C3_EV_IRQHandler
                0x08003cf0                EXTI9_5_IRQHandler
                0x08003cf0                RTC_WKUP_IRQHandler
                0x08003cf0                SPI2_IRQHandler
                0x08003cf0                DMA1_Stream0_IRQHandler
                0x08003cf0                CAN1_TX_IRQHandler
                0x08003cf0                FMPI2C1_ER_IRQHandler
                0x08003cf0                EXTI4_IRQHandler
                0x08003cf0                RNG_IRQHandler
                0x08003cf0                WWDG_IRQHandler
                0x08003cf0                TIM2_IRQHandler
                0x08003cf0                OTG_FS_WKUP_IRQHandler
                0x08003cf0                EXTI1_IRQHandler
                0x08003cf0                DFSDM1_FLT0_IRQHandler
                0x08003cf0                I2C2_ER_IRQHandler
                0x08003cf0                DMA2_Stream1_IRQHandler
                0x08003cf0                CAN1_SCE_IRQHandler
                0x08003cf0                FLASH_IRQHandler
                0x08003cf0                DMA2_Stream4_IRQHandler
                0x08003cf0                OTG_FS_IRQHandler
                0x08003cf0                SPI3_IRQHandler
                0x08003cf0                DMA1_Stream4_IRQHandler
                0x08003cf0                I2C1_ER_IRQHandler
                0x08003cf0                DMA2_Stream6_IRQHandler
                0x08003cf0                DMA1_Stream3_IRQHandler
 *fill*         0x08003cf2        0x2 
 .text.HAL_Init
                0x08003cf4       0x44 ./Drivers/STM32F4xx_HAL_Driver/Src/stm32f4xx_hal.o
                0x08003cf4                HAL_Init
 .text.HAL_InitTick
                0x08003d38       0x60 ./Drivers/STM32F4xx_HAL_Driver/Src/stm32f4xx_hal.o
                0x08003d38                HAL_InitTick
 .text.HAL_IncTick
                0x08003d98       0x28 ./Drivers/STM32F4xx_HAL_Driver/Src/stm32f4xx_hal.o
                0x08003d98                HAL_IncTick
 .text.HAL_GetTick
                0x08003dc0       0x18 ./Drivers/STM32F4xx_HAL_Driver/Src/stm32f4xx_hal.o
                0x08003dc0                HAL_GetTick
 .text.HAL_Delay
                0x08003dd8       0x48 ./Drivers/STM32F4xx_HAL_Driver/Src/stm32f4xx_hal.o
                0x08003dd8                HAL_Delay
 .text.HAL_ADC_Init
                0x08003e20       0x86 ./Drivers/STM32F4xx_HAL_Driver/Src/stm32f4xx_hal_adc.o
                0x08003e20                HAL_ADC_Init
 *fill*         0x08003ea6        0x2 
 .text.HAL_ADC_ConfigChannel
                0x08003ea8      0x244 ./Drivers/STM32F4xx_HAL_Driver/Src/stm32f4xx_hal_adc.o
                0x08003ea8                HAL_ADC_ConfigChannel
 .text.ADC_Init
                0x080040ec      0x1f8 ./Drivers/STM32F4xx_HAL_Driver/Src/stm32f4xx_hal_adc.o
 .text.HAL_CAN_Init
                0x080042e4      0x1f6 ./Drivers/STM32F4xx_HAL_Driver/Src/stm32f4xx_hal_can.o
                0x080042e4                HAL_CAN_Init
 *fill*         0x080044da        0x2 
 .text.__NVIC_SetPriorityGrouping
                0x080044dc       0x48 ./Drivers/STM32F4xx_HAL_Driver/Src/stm32f4xx_hal_cortex.o
 .text.__NVIC_GetPriorityGrouping
                0x08004524       0x1c ./Drivers/STM32F4xx_HAL_Driver/Src/stm32f4xx_hal_cortex.o
 .text.__NVIC_EnableIRQ
                0x08004540       0x3c ./Drivers/STM32F4xx_HAL_Driver/Src/stm32f4xx_hal_cortex.o
 .text.__NVIC_SetPriority
                0x0800457c       0x54 ./Drivers/STM32F4xx_HAL_Driver/Src/stm32f4xx_hal_cortex.o
 .text.NVIC_EncodePriority
                0x080045d0       0x66 ./Drivers/STM32F4xx_HAL_Driver/Src/stm32f4xx_hal_cortex.o
 *fill*         0x08004636        0x2 
 .text.SysTick_Config
                0x08004638       0x44 ./Drivers/STM32F4xx_HAL_Driver/Src/stm32f4xx_hal_cortex.o
 .text.HAL_NVIC_SetPriorityGrouping
                0x0800467c       0x16 ./Drivers/STM32F4xx_HAL_Driver/Src/stm32f4xx_hal_cortex.o
                0x0800467c                HAL_NVIC_SetPriorityGrouping
 .text.HAL_NVIC_SetPriority
                0x08004692       0x38 ./Drivers/STM32F4xx_HAL_Driver/Src/stm32f4xx_hal_cortex.o
                0x08004692                HAL_NVIC_SetPriority
 .text.HAL_NVIC_EnableIRQ
                0x080046ca       0x1c ./Drivers/STM32F4xx_HAL_Driver/Src/stm32f4xx_hal_cortex.o
                0x080046ca                HAL_NVIC_EnableIRQ
 .text.HAL_SYSTICK_Config
                0x080046e6       0x18 ./Drivers/STM32F4xx_HAL_Driver/Src/stm32f4xx_hal_cortex.o
                0x080046e6                HAL_SYSTICK_Config
 .text.HAL_SYSTICK_IRQHandler
                0x080046fe        0xc ./Drivers/STM32F4xx_HAL_Driver/Src/stm32f4xx_hal_cortex.o
                0x080046fe                HAL_SYSTICK_IRQHandler
 *fill*         0x0800470a        0x2 
 .text.HAL_DMA_Init
                0x0800470c      0x15c ./Drivers/STM32F4xx_HAL_Driver/Src/stm32f4xx_hal_dma.o
                0x0800470c                HAL_DMA_Init
 .text.HAL_DMA_Start_IT
                0x08004868       0xb0 ./Drivers/STM32F4xx_HAL_Driver/Src/stm32f4xx_hal_dma.o
                0x08004868                HAL_DMA_Start_IT
 .text.HAL_DMA_Abort
                0x08004918       0xe0 ./Drivers/STM32F4xx_HAL_Driver/Src/stm32f4xx_hal_dma.o
                0x08004918                HAL_DMA_Abort
 .text.HAL_DMA_Abort_IT
                0x080049f8       0x44 ./Drivers/STM32F4xx_HAL_Driver/Src/stm32f4xx_hal_dma.o
                0x080049f8                HAL_DMA_Abort_IT
 .text.HAL_DMA_IRQHandler
                0x08004a3c      0x314 ./Drivers/STM32F4xx_HAL_Driver/Src/stm32f4xx_hal_dma.o
                0x08004a3c                HAL_DMA_IRQHandler
 .text.DMA_SetConfig
                0x08004d50       0x5c ./Drivers/STM32F4xx_HAL_Driver/Src/stm32f4xx_hal_dma.o
 .text.DMA_CalcBaseAndBitshift
                0x08004dac       0x6c ./Drivers/STM32F4xx_HAL_Driver/Src/stm32f4xx_hal_dma.o
 .text.DMA_CheckFifoParam
                0x08004e18       0xf8 ./Drivers/STM32F4xx_HAL_Driver/Src/stm32f4xx_hal_dma.o
 .text.HAL_GPIO_Init
                0x08004f10      0x2f8 ./Drivers/STM32F4xx_HAL_Driver/Src/stm32f4xx_hal_gpio.o
                0x08004f10                HAL_GPIO_Init
 .text.HAL_GPIO_WritePin
                0x08005208       0x32 ./Drivers/STM32F4xx_HAL_Driver/Src/stm32f4xx_hal_gpio.o
                0x08005208                HAL_GPIO_WritePin
 .text.HAL_GPIO_TogglePin
                0x0800523a       0x34 ./Drivers/STM32F4xx_HAL_Driver/Src/stm32f4xx_hal_gpio.o
                0x0800523a                HAL_GPIO_TogglePin
 *fill*         0x0800526e        0x2 
 .text.HAL_GPIO_EXTI_IRQHandler
                0x08005270       0x30 ./Drivers/STM32F4xx_HAL_Driver/Src/stm32f4xx_hal_gpio.o
                0x08005270                HAL_GPIO_EXTI_IRQHandler
 .text.HAL_I2C_Init
                0x080052a0      0x288 ./Drivers/STM32F4xx_HAL_Driver/Src/stm32f4xx_hal_i2c.o
                0x080052a0                HAL_I2C_Init
 .text.HAL_RCC_ClockConfig
                0x08005528      0x1cc ./Drivers/STM32F4xx_HAL_Driver/Src/stm32f4xx_hal_rcc.o
                0x08005528                HAL_RCC_ClockConfig
 .text.HAL_RCC_GetSysClockFreq
                0x080056f4      0x20c ./Drivers/STM32F4xx_HAL_Driver/Src/stm32f4xx_hal_rcc.o
                0x080056f4                HAL_RCC_GetSysClockFreq
 .text.HAL_RCC_GetHCLKFreq
                0x08005900       0x18 ./Drivers/STM32F4xx_HAL_Driver/Src/stm32f4xx_hal_rcc.o
                0x08005900                HAL_RCC_GetHCLKFreq
 .text.HAL_RCC_GetPCLK1Freq
                0x08005918       0x28 ./Drivers/STM32F4xx_HAL_Driver/Src/stm32f4xx_hal_rcc.o
                0x08005918                HAL_RCC_GetPCLK1Freq
 .text.HAL_RCC_GetPCLK2Freq
                0x08005940       0x28 ./Drivers/STM32F4xx_HAL_Driver/Src/stm32f4xx_hal_rcc.o
                0x08005940                HAL_RCC_GetPCLK2Freq
 .text.HAL_RCCEx_PeriphCLKConfig
                0x08005968      0x39c ./Drivers/STM32F4xx_HAL_Driver/Src/stm32f4xx_hal_rcc_ex.o
                0x08005968                HAL_RCCEx_PeriphCLKConfig
 .text.HAL_RCC_OscConfig
                0x08005d04      0x508 ./Drivers/STM32F4xx_HAL_Driver/Src/stm32f4xx_hal_rcc_ex.o
                0x08005d04                HAL_RCC_OscConfig
 .text.HAL_RTC_Init
                0x0800620c      0x102 ./Drivers/STM32F4xx_HAL_Driver/Src/stm32f4xx_hal_rtc.o
                0x0800620c                HAL_RTC_Init
 *fill*         0x0800630e        0x2 
 .text.HAL_RTC_WaitForSynchro
                0x08006310       0x4c ./Drivers/STM32F4xx_HAL_Driver/Src/stm32f4xx_hal_rtc.o
                0x08006310                HAL_RTC_WaitForSynchro
 .text.RTC_EnterInitMode
                0x0800635c       0x6e ./Drivers/STM32F4xx_HAL_Driver/Src/stm32f4xx_hal_rtc.o
                0x0800635c                RTC_EnterInitMode
 .text.RTC_ExitInitMode
                0x080063ca       0x4a ./Drivers/STM32F4xx_HAL_Driver/Src/stm32f4xx_hal_rtc.o
                0x080063ca                RTC_ExitInitMode
 .text.HAL_SPI_Init
                0x08006414      0x112 ./Drivers/STM32F4xx_HAL_Driver/Src/stm32f4xx_hal_spi.o
                0x08006414                HAL_SPI_Init
 .text.HAL_SPI_Transmit
                0x08006526      0x288 ./Drivers/STM32F4xx_HAL_Driver/Src/stm32f4xx_hal_spi.o
                0x08006526                HAL_SPI_Transmit
 .text.HAL_SPI_Receive
                0x080067ae      0x232 ./Drivers/STM32F4xx_HAL_Driver/Src/stm32f4xx_hal_spi.o
                0x080067ae                HAL_SPI_Receive
 .text.HAL_SPI_TransmitReceive
                0x080069e0      0x352 ./Drivers/STM32F4xx_HAL_Driver/Src/stm32f4xx_hal_spi.o
                0x080069e0                HAL_SPI_TransmitReceive
 *fill*         0x08006d32        0x2 
 .text.SPI_WaitFlagStateUntilTimeout
                0x08006d34      0x110 ./Drivers/STM32F4xx_HAL_Driver/Src/stm32f4xx_hal_spi.o
 .text.SPI_EndRxTransaction
                0x08006e44       0xca ./Drivers/STM32F4xx_HAL_Driver/Src/stm32f4xx_hal_spi.o
 *fill*         0x08006f0e        0x2 
 .text.SPI_EndRxTxTransaction
                0x08006f10       0xa8 ./Drivers/STM32F4xx_HAL_Driver/Src/stm32f4xx_hal_spi.o
 .text.HAL_TIM_Base_Init
                0x08006fb8       0x9e ./Drivers/STM32F4xx_HAL_Driver/Src/stm32f4xx_hal_tim.o
                0x08006fb8                HAL_TIM_Base_Init
 *fill*         0x08007056        0x2 
 .text.HAL_TIM_Base_Start
                0x08007058       0xd0 ./Drivers/STM32F4xx_HAL_Driver/Src/stm32f4xx_hal_tim.o
                0x08007058                HAL_TIM_Base_Start
 .text.HAL_TIM_Base_Stop
                0x08007128       0x4e ./Drivers/STM32F4xx_HAL_Driver/Src/stm32f4xx_hal_tim.o
                0x08007128                HAL_TIM_Base_Stop
 *fill*         0x08007176        0x2 
 .text.HAL_TIM_Base_Start_IT
                0x08007178       0xe0 ./Drivers/STM32F4xx_HAL_Driver/Src/stm32f4xx_hal_tim.o
                0x08007178                HAL_TIM_Base_Start_IT
 .text.HAL_TIM_IRQHandler
                0x08007258      0x1e0 ./Drivers/STM32F4xx_HAL_Driver/Src/stm32f4xx_hal_tim.o
                0x08007258                HAL_TIM_IRQHandler
 .text.HAL_TIM_ConfigClockSource
                0x08007438      0x18e ./Drivers/STM32F4xx_HAL_Driver/Src/stm32f4xx_hal_tim.o
                0x08007438                HAL_TIM_ConfigClockSource
 .text.HAL_TIM_OC_DelayElapsedCallback
                0x080075c6       0x14 ./Drivers/STM32F4xx_HAL_Driver/Src/stm32f4xx_hal_tim.o
                0x080075c6                HAL_TIM_OC_DelayElapsedCallback
 .text.HAL_TIM_IC_CaptureCallback
                0x080075da       0x14 ./Drivers/STM32F4xx_HAL_Driver/Src/stm32f4xx_hal_tim.o
                0x080075da                HAL_TIM_IC_CaptureCallback
 .text.HAL_TIM_PWM_PulseFinishedCallback
                0x080075ee       0x14 ./Drivers/STM32F4xx_HAL_Driver/Src/stm32f4xx_hal_tim.o
                0x080075ee                HAL_TIM_PWM_PulseFinishedCallback
 .text.HAL_TIM_TriggerCallback
                0x08007602       0x14 ./Drivers/STM32F4xx_HAL_Driver/Src/stm32f4xx_hal_tim.o
                0x08007602                HAL_TIM_TriggerCallback
 *fill*         0x08007616        0x2 
 .text.TIM_Base_SetConfig
                0x08007618      0x14c ./Drivers/STM32F4xx_HAL_Driver/Src/stm32f4xx_hal_tim.o
                0x08007618                TIM_Base_SetConfig
 .text.TIM_TI1_ConfigInputStage
                0x08007764       0x5e ./Drivers/STM32F4xx_HAL_Driver/Src/stm32f4xx_hal_tim.o
 .text.TIM_TI2_ConfigInputStage
                0x080077c2       0x60 ./Drivers/STM32F4xx_HAL_Driver/Src/stm32f4xx_hal_tim.o
 .text.TIM_ITRx_SetConfig
                0x08007822       0x36 ./Drivers/STM32F4xx_HAL_Driver/Src/stm32f4xx_hal_tim.o
 .text.TIM_ETR_SetConfig
                0x08007858       0x40 ./Drivers/STM32F4xx_HAL_Driver/Src/stm32f4xx_hal_tim.o
                0x08007858                TIM_ETR_SetConfig
 .text.HAL_TIMEx_MasterConfigSynchronization
                0x08007898       0xf8 ./Drivers/STM32F4xx_HAL_Driver/Src/stm32f4xx_hal_tim_ex.o
                0x08007898                HAL_TIMEx_MasterConfigSynchronization
 .text.HAL_TIMEx_CommutCallback
                0x08007990       0x14 ./Drivers/STM32F4xx_HAL_Driver/Src/stm32f4xx_hal_tim_ex.o
                0x08007990                HAL_TIMEx_CommutCallback
 .text.HAL_TIMEx_BreakCallback
                0x080079a4       0x14 ./Drivers/STM32F4xx_HAL_Driver/Src/stm32f4xx_hal_tim_ex.o
                0x080079a4                HAL_TIMEx_BreakCallback
 .text.HAL_UART_Init
                0x080079b8       0xa0 ./Drivers/STM32F4xx_HAL_Driver/Src/stm32f4xx_hal_uart.o
                0x080079b8                HAL_UART_Init
 .text.HAL_UART_Transmit
                0x08007a58      0x116 ./Drivers/STM32F4xx_HAL_Driver/Src/stm32f4xx_hal_uart.o
                0x08007a58                HAL_UART_Transmit
 *fill*         0x08007b6e        0x2 
 .text.HAL_UART_Transmit_DMA
                0x08007b70       0xf8 ./Drivers/STM32F4xx_HAL_Driver/Src/stm32f4xx_hal_uart.o
                0x08007b70                HAL_UART_Transmit_DMA
 .text.HAL_UART_IRQHandler
                0x08007c68      0x554 ./Drivers/STM32F4xx_HAL_Driver/Src/stm32f4xx_hal_uart.o
                0x08007c68                HAL_UART_IRQHandler
 .text.HAL_UART_TxHalfCpltCallback
                0x080081bc       0x14 ./Drivers/STM32F4xx_HAL_Driver/Src/stm32f4xx_hal_uart.o
                0x080081bc                HAL_UART_TxHalfCpltCallback
 .text.HAL_UART_RxCpltCallback
                0x080081d0       0x14 ./Drivers/STM32F4xx_HAL_Driver/Src/stm32f4xx_hal_uart.o
                0x080081d0                HAL_UART_RxCpltCallback
 .text.HAL_UART_ErrorCallback
                0x080081e4       0x14 ./Drivers/STM32F4xx_HAL_Driver/Src/stm32f4xx_hal_uart.o
                0x080081e4                HAL_UART_ErrorCallback
 .text.HAL_UARTEx_RxEventCallback
                0x080081f8       0x18 ./Drivers/STM32F4xx_HAL_Driver/Src/stm32f4xx_hal_uart.o
                0x080081f8                HAL_UARTEx_RxEventCallback
 .text.HAL_UART_GetState
                0x08008210       0x3c ./Drivers/STM32F4xx_HAL_Driver/Src/stm32f4xx_hal_uart.o
                0x08008210                HAL_UART_GetState
 .text.UART_DMATransmitCplt
                0x0800824c       0x9a ./Drivers/STM32F4xx_HAL_Driver/Src/stm32f4xx_hal_uart.o
 .text.UART_DMATxHalfCplt
                0x080082e6       0x1c ./Drivers/STM32F4xx_HAL_Driver/Src/stm32f4xx_hal_uart.o
 .text.UART_DMAError
                0x08008302       0x94 ./Drivers/STM32F4xx_HAL_Driver/Src/stm32f4xx_hal_uart.o
 .text.UART_WaitOnFlagUntilTimeout
                0x08008396       0xb2 ./Drivers/STM32F4xx_HAL_Driver/Src/stm32f4xx_hal_uart.o
 .text.UART_EndTxTransfer
                0x08008448       0x50 ./Drivers/STM32F4xx_HAL_Driver/Src/stm32f4xx_hal_uart.o
 .text.UART_EndRxTransfer
                0x08008498       0xc6 ./Drivers/STM32F4xx_HAL_Driver/Src/stm32f4xx_hal_uart.o
 .text.UART_DMAAbortOnError
                0x0800855e       0x22 ./Drivers/STM32F4xx_HAL_Driver/Src/stm32f4xx_hal_uart.o
 .text.UART_Transmit_IT
                0x08008580       0xa0 ./Drivers/STM32F4xx_HAL_Driver/Src/stm32f4xx_hal_uart.o
 .text.UART_EndTransmit_IT
                0x08008620       0x30 ./Drivers/STM32F4xx_HAL_Driver/Src/stm32f4xx_hal_uart.o
 .text.UART_Receive_IT
                0x08008650      0x17c ./Drivers/STM32F4xx_HAL_Driver/Src/stm32f4xx_hal_uart.o
 .text.UART_SetConfig
                0x080087cc      0x4e8 ./Drivers/STM32F4xx_HAL_Driver/Src/stm32f4xx_hal_uart.o
 .text.malloc   0x08008cb4       0x10 C:/ST/STM32CubeIDE_1.18.1/STM32CubeIDE/plugins/com.st.stm32cube.ide.mcu.externaltools.gnu-tools-for-stm32.13.3.rel1.win32_1.0.0.202411081344/tools/bin/../lib/gcc/arm-none-eabi/13.3.1/../../../../arm-none-eabi/lib/thumb/v7e-m+fp/hard\libc_nano.a(libc_a-malloc.o)
                0x08008cb4                malloc
 .text.sbrk_aligned
                0x08008cc4       0x44 C:/ST/STM32CubeIDE_1.18.1/STM32CubeIDE/plugins/com.st.stm32cube.ide.mcu.externaltools.gnu-tools-for-stm32.13.3.rel1.win32_1.0.0.202411081344/tools/bin/../lib/gcc/arm-none-eabi/13.3.1/../../../../arm-none-eabi/lib/thumb/v7e-m+fp/hard\libc_nano.a(libc_a-mallocr.o)
 .text._malloc_r
                0x08008d08      0x100 C:/ST/STM32CubeIDE_1.18.1/STM32CubeIDE/plugins/com.st.stm32cube.ide.mcu.externaltools.gnu-tools-for-stm32.13.3.rel1.win32_1.0.0.202411081344/tools/bin/../lib/gcc/arm-none-eabi/13.3.1/../../../../arm-none-eabi/lib/thumb/v7e-m+fp/hard\libc_nano.a(libc_a-mallocr.o)
                0x08008d08                _malloc_r
 .text.__malloc_lock
                0x08008e08        0xc C:/ST/STM32CubeIDE_1.18.1/STM32CubeIDE/plugins/com.st.stm32cube.ide.mcu.externaltools.gnu-tools-for-stm32.13.3.rel1.win32_1.0.0.202411081344/tools/bin/../lib/gcc/arm-none-eabi/13.3.1/../../../../arm-none-eabi/lib/thumb/v7e-m+fp/hard\libc_nano.a(libc_a-mlock.o)
                0x08008e08                __malloc_lock
 .text.__malloc_unlock
                0x08008e14        0xc C:/ST/STM32CubeIDE_1.18.1/STM32CubeIDE/plugins/com.st.stm32cube.ide.mcu.externaltools.gnu-tools-for-stm32.13.3.rel1.win32_1.0.0.202411081344/tools/bin/../lib/gcc/arm-none-eabi/13.3.1/../../../../arm-none-eabi/lib/thumb/v7e-m+fp/hard\libc_nano.a(libc_a-mlock.o)
                0x08008e14                __malloc_unlock
 .text.__cvt    0x08008e20       0xca C:/ST/STM32CubeIDE_1.18.1/STM32CubeIDE/plugins/com.st.stm32cube.ide.mcu.externaltools.gnu-tools-for-stm32.13.3.rel1.win32_1.0.0.202411081344/tools/bin/../lib/gcc/arm-none-eabi/13.3.1/../../../../arm-none-eabi/lib/thumb/v7e-m+fp/hard\libc_nano.a(libc_a-nano-vfprintf_float.o)
                0x08008e20                __cvt
 .text.__exponent
                0x08008eea       0x74 C:/ST/STM32CubeIDE_1.18.1/STM32CubeIDE/plugins/com.st.stm32cube.ide.mcu.externaltools.gnu-tools-for-stm32.13.3.rel1.win32_1.0.0.202411081344/tools/bin/../lib/gcc/arm-none-eabi/13.3.1/../../../../arm-none-eabi/lib/thumb/v7e-m+fp/hard\libc_nano.a(libc_a-nano-vfprintf_float.o)
                0x08008eea                __exponent
 *fill*         0x08008f5e        0x2 
 .text._printf_float
                0x08008f60      0x454 C:/ST/STM32CubeIDE_1.18.1/STM32CubeIDE/plugins/com.st.stm32cube.ide.mcu.externaltools.gnu-tools-for-stm32.13.3.rel1.win32_1.0.0.202411081344/tools/bin/../lib/gcc/arm-none-eabi/13.3.1/../../../../arm-none-eabi/lib/thumb/v7e-m+fp/hard\libc_nano.a(libc_a-nano-vfprintf_float.o)
                0x08008f60                _printf_float
 .text._printf_common
                0x080093b4       0xda C:/ST/STM32CubeIDE_1.18.1/STM32CubeIDE/plugins/com.st.stm32cube.ide.mcu.externaltools.gnu-tools-for-stm32.13.3.rel1.win32_1.0.0.202411081344/tools/bin/../lib/gcc/arm-none-eabi/13.3.1/../../../../arm-none-eabi/lib/thumb/v7e-m+fp/hard\libc_nano.a(libc_a-nano-vfprintf_i.o)
                0x080093b4                _printf_common
 *fill*         0x0800948e        0x2 
 .text._printf_i
                0x08009490      0x23c C:/ST/STM32CubeIDE_1.18.1/STM32CubeIDE/plugins/com.st.stm32cube.ide.mcu.externaltools.gnu-tools-for-stm32.13.3.rel1.win32_1.0.0.202411081344/tools/bin/../lib/gcc/arm-none-eabi/13.3.1/../../../../arm-none-eabi/lib/thumb/v7e-m+fp/hard\libc_nano.a(libc_a-nano-vfprintf_i.o)
                0x08009490                _printf_i
 .text.std      0x080096cc       0x6c C:/ST/STM32CubeIDE_1.18.1/STM32CubeIDE/plugins/com.st.stm32cube.ide.mcu.externaltools.gnu-tools-for-stm32.13.3.rel1.win32_1.0.0.202411081344/tools/bin/../lib/gcc/arm-none-eabi/13.3.1/../../../../arm-none-eabi/lib/thumb/v7e-m+fp/hard\libc_nano.a(libc_a-findfp.o)
 .text.stdio_exit_handler
                0x08009738       0x18 C:/ST/STM32CubeIDE_1.18.1/STM32CubeIDE/plugins/com.st.stm32cube.ide.mcu.externaltools.gnu-tools-for-stm32.13.3.rel1.win32_1.0.0.202411081344/tools/bin/../lib/gcc/arm-none-eabi/13.3.1/../../../../arm-none-eabi/lib/thumb/v7e-m+fp/hard\libc_nano.a(libc_a-findfp.o)
 .text.cleanup_stdio
                0x08009750       0x40 C:/ST/STM32CubeIDE_1.18.1/STM32CubeIDE/plugins/com.st.stm32cube.ide.mcu.externaltools.gnu-tools-for-stm32.13.3.rel1.win32_1.0.0.202411081344/tools/bin/../lib/gcc/arm-none-eabi/13.3.1/../../../../arm-none-eabi/lib/thumb/v7e-m+fp/hard\libc_nano.a(libc_a-findfp.o)
 .text.global_stdio_init.part.0
                0x08009790       0x3c C:/ST/STM32CubeIDE_1.18.1/STM32CubeIDE/plugins/com.st.stm32cube.ide.mcu.externaltools.gnu-tools-for-stm32.13.3.rel1.win32_1.0.0.202411081344/tools/bin/../lib/gcc/arm-none-eabi/13.3.1/../../../../arm-none-eabi/lib/thumb/v7e-m+fp/hard\libc_nano.a(libc_a-findfp.o)
 .text.__sfp_lock_acquire
                0x080097cc        0xc C:/ST/STM32CubeIDE_1.18.1/STM32CubeIDE/plugins/com.st.stm32cube.ide.mcu.externaltools.gnu-tools-for-stm32.13.3.rel1.win32_1.0.0.202411081344/tools/bin/../lib/gcc/arm-none-eabi/13.3.1/../../../../arm-none-eabi/lib/thumb/v7e-m+fp/hard\libc_nano.a(libc_a-findfp.o)
                0x080097cc                __sfp_lock_acquire
 .text.__sfp_lock_release
                0x080097d8        0xc C:/ST/STM32CubeIDE_1.18.1/STM32CubeIDE/plugins/com.st.stm32cube.ide.mcu.externaltools.gnu-tools-for-stm32.13.3.rel1.win32_1.0.0.202411081344/tools/bin/../lib/gcc/arm-none-eabi/13.3.1/../../../../arm-none-eabi/lib/thumb/v7e-m+fp/hard\libc_nano.a(libc_a-findfp.o)
                0x080097d8                __sfp_lock_release
 .text.__sinit  0x080097e4       0x30 C:/ST/STM32CubeIDE_1.18.1/STM32CubeIDE/plugins/com.st.stm32cube.ide.mcu.externaltools.gnu-tools-for-stm32.13.3.rel1.win32_1.0.0.202411081344/tools/bin/../lib/gcc/arm-none-eabi/13.3.1/../../../../arm-none-eabi/lib/thumb/v7e-m+fp/hard\libc_nano.a(libc_a-findfp.o)
                0x080097e4                __sinit
 .text._fwalk_sglue
                0x08009814       0x3c C:/ST/STM32CubeIDE_1.18.1/STM32CubeIDE/plugins/com.st.stm32cube.ide.mcu.externaltools.gnu-tools-for-stm32.13.3.rel1.win32_1.0.0.202411081344/tools/bin/../lib/gcc/arm-none-eabi/13.3.1/../../../../arm-none-eabi/lib/thumb/v7e-m+fp/hard\libc_nano.a(libc_a-fwalk.o)
                0x08009814                _fwalk_sglue
 .text.__sread  0x08009850       0x22 C:/ST/STM32CubeIDE_1.18.1/STM32CubeIDE/plugins/com.st.stm32cube.ide.mcu.externaltools.gnu-tools-for-stm32.13.3.rel1.win32_1.0.0.202411081344/tools/bin/../lib/gcc/arm-none-eabi/13.3.1/../../../../arm-none-eabi/lib/thumb/v7e-m+fp/hard\libc_nano.a(libc_a-stdio.o)
                0x08009850                __sread
 .text.__swrite
                0x08009872       0x38 C:/ST/STM32CubeIDE_1.18.1/STM32CubeIDE/plugins/com.st.stm32cube.ide.mcu.externaltools.gnu-tools-for-stm32.13.3.rel1.win32_1.0.0.202411081344/tools/bin/../lib/gcc/arm-none-eabi/13.3.1/../../../../arm-none-eabi/lib/thumb/v7e-m+fp/hard\libc_nano.a(libc_a-stdio.o)
                0x08009872                __swrite
 .text.__sseek  0x080098aa       0x24 C:/ST/STM32CubeIDE_1.18.1/STM32CubeIDE/plugins/com.st.stm32cube.ide.mcu.externaltools.gnu-tools-for-stm32.13.3.rel1.win32_1.0.0.202411081344/tools/bin/../lib/gcc/arm-none-eabi/13.3.1/../../../../arm-none-eabi/lib/thumb/v7e-m+fp/hard\libc_nano.a(libc_a-stdio.o)
                0x080098aa                __sseek
 .text.__sclose
                0x080098ce        0x8 C:/ST/STM32CubeIDE_1.18.1/STM32CubeIDE/plugins/com.st.stm32cube.ide.mcu.externaltools.gnu-tools-for-stm32.13.3.rel1.win32_1.0.0.202411081344/tools/bin/../lib/gcc/arm-none-eabi/13.3.1/../../../../arm-none-eabi/lib/thumb/v7e-m+fp/hard\libc_nano.a(libc_a-stdio.o)
                0x080098ce                __sclose
 .text._vsnprintf_r
                0x080098d6       0x5c C:/ST/STM32CubeIDE_1.18.1/STM32CubeIDE/plugins/com.st.stm32cube.ide.mcu.externaltools.gnu-tools-for-stm32.13.3.rel1.win32_1.0.0.202411081344/tools/bin/../lib/gcc/arm-none-eabi/13.3.1/../../../../arm-none-eabi/lib/thumb/v7e-m+fp/hard\libc_nano.a(libc_a-vsnprintf.o)
                0x080098d6                _vsniprintf_r
                0x080098d6                _vsnprintf_r
 *fill*         0x08009932        0x2 
 .text.vsnprintf
                0x08009934       0x1c C:/ST/STM32CubeIDE_1.18.1/STM32CubeIDE/plugins/com.st.stm32cube.ide.mcu.externaltools.gnu-tools-for-stm32.13.3.rel1.win32_1.0.0.202411081344/tools/bin/../lib/gcc/arm-none-eabi/13.3.1/../../../../arm-none-eabi/lib/thumb/v7e-m+fp/hard\libc_nano.a(libc_a-vsnprintf.o)
                0x08009934                vsniprintf
                0x08009934                vsnprintf
 .text.__swbuf_r
                0x08009950       0x7c C:/ST/STM32CubeIDE_1.18.1/STM32CubeIDE/plugins/com.st.stm32cube.ide.mcu.externaltools.gnu-tools-for-stm32.13.3.rel1.win32_1.0.0.202411081344/tools/bin/../lib/gcc/arm-none-eabi/13.3.1/../../../../arm-none-eabi/lib/thumb/v7e-m+fp/hard\libc_nano.a(libc_a-wbuf.o)
                0x08009950                __swbuf_r
 .text.__swsetup_r
                0x080099cc       0xac C:/ST/STM32CubeIDE_1.18.1/STM32CubeIDE/plugins/com.st.stm32cube.ide.mcu.externaltools.gnu-tools-for-stm32.13.3.rel1.win32_1.0.0.202411081344/tools/bin/../lib/gcc/arm-none-eabi/13.3.1/../../../../arm-none-eabi/lib/thumb/v7e-m+fp/hard\libc_nano.a(libc_a-wsetup.o)
                0x080099cc                __swsetup_r
 .text.memset   0x08009a78       0x10 C:/ST/STM32CubeIDE_1.18.1/STM32CubeIDE/plugins/com.st.stm32cube.ide.mcu.externaltools.gnu-tools-for-stm32.13.3.rel1.win32_1.0.0.202411081344/tools/bin/../lib/gcc/arm-none-eabi/13.3.1/../../../../arm-none-eabi/lib/thumb/v7e-m+fp/hard\libc_nano.a(libc_a-memset.o)
                0x08009a78                memset
 .text._localeconv_r
                0x08009a88        0x8 C:/ST/STM32CubeIDE_1.18.1/STM32CubeIDE/plugins/com.st.stm32cube.ide.mcu.externaltools.gnu-tools-for-stm32.13.3.rel1.win32_1.0.0.202411081344/tools/bin/../lib/gcc/arm-none-eabi/13.3.1/../../../../arm-none-eabi/lib/thumb/v7e-m+fp/hard\libc_nano.a(libc_a-localeconv.o)
                0x08009a88                _localeconv_r
 .text._close_r
                0x08009a90       0x20 C:/ST/STM32CubeIDE_1.18.1/STM32CubeIDE/plugins/com.st.stm32cube.ide.mcu.externaltools.gnu-tools-for-stm32.13.3.rel1.win32_1.0.0.202411081344/tools/bin/../lib/gcc/arm-none-eabi/13.3.1/../../../../arm-none-eabi/lib/thumb/v7e-m+fp/hard\libc_nano.a(libc_a-closer.o)
                0x08009a90                _close_r
 .text._lseek_r
                0x08009ab0       0x24 C:/ST/STM32CubeIDE_1.18.1/STM32CubeIDE/plugins/com.st.stm32cube.ide.mcu.externaltools.gnu-tools-for-stm32.13.3.rel1.win32_1.0.0.202411081344/tools/bin/../lib/gcc/arm-none-eabi/13.3.1/../../../../arm-none-eabi/lib/thumb/v7e-m+fp/hard\libc_nano.a(libc_a-lseekr.o)
                0x08009ab0                _lseek_r
 .text._read_r  0x08009ad4       0x24 C:/ST/STM32CubeIDE_1.18.1/STM32CubeIDE/plugins/com.st.stm32cube.ide.mcu.externaltools.gnu-tools-for-stm32.13.3.rel1.win32_1.0.0.202411081344/tools/bin/../lib/gcc/arm-none-eabi/13.3.1/../../../../arm-none-eabi/lib/thumb/v7e-m+fp/hard\libc_nano.a(libc_a-readr.o)
                0x08009ad4                _read_r
 .text._sbrk_r  0x08009af8       0x20 C:/ST/STM32CubeIDE_1.18.1/STM32CubeIDE/plugins/com.st.stm32cube.ide.mcu.externaltools.gnu-tools-for-stm32.13.3.rel1.win32_1.0.0.202411081344/tools/bin/../lib/gcc/arm-none-eabi/13.3.1/../../../../arm-none-eabi/lib/thumb/v7e-m+fp/hard\libc_nano.a(libc_a-sbrkr.o)
                0x08009af8                _sbrk_r
 .text._write_r
                0x08009b18       0x24 C:/ST/STM32CubeIDE_1.18.1/STM32CubeIDE/plugins/com.st.stm32cube.ide.mcu.externaltools.gnu-tools-for-stm32.13.3.rel1.win32_1.0.0.202411081344/tools/bin/../lib/gcc/arm-none-eabi/13.3.1/../../../../arm-none-eabi/lib/thumb/v7e-m+fp/hard\libc_nano.a(libc_a-writer.o)
                0x08009b18                _write_r
 .text.__errno  0x08009b3c        0xc C:/ST/STM32CubeIDE_1.18.1/STM32CubeIDE/plugins/com.st.stm32cube.ide.mcu.externaltools.gnu-tools-for-stm32.13.3.rel1.win32_1.0.0.202411081344/tools/bin/../lib/gcc/arm-none-eabi/13.3.1/../../../../arm-none-eabi/lib/thumb/v7e-m+fp/hard\libc_nano.a(libc_a-errno.o)
                0x08009b3c                __errno
 .text.__libc_init_array
                0x08009b48       0x48 C:/ST/STM32CubeIDE_1.18.1/STM32CubeIDE/plugins/com.st.stm32cube.ide.mcu.externaltools.gnu-tools-for-stm32.13.3.rel1.win32_1.0.0.202411081344/tools/bin/../lib/gcc/arm-none-eabi/13.3.1/../../../../arm-none-eabi/lib/thumb/v7e-m+fp/hard\libc_nano.a(libc_a-init.o)
                0x08009b48                __libc_init_array
 .text.__retarget_lock_init_recursive
                0x08009b90        0x2 C:/ST/STM32CubeIDE_1.18.1/STM32CubeIDE/plugins/com.st.stm32cube.ide.mcu.externaltools.gnu-tools-for-stm32.13.3.rel1.win32_1.0.0.202411081344/tools/bin/../lib/gcc/arm-none-eabi/13.3.1/../../../../arm-none-eabi/lib/thumb/v7e-m+fp/hard\libc_nano.a(libc_a-lock.o)
                0x08009b90                __retarget_lock_init_recursive
 .text.__retarget_lock_acquire_recursive
                0x08009b92        0x2 C:/ST/STM32CubeIDE_1.18.1/STM32CubeIDE/plugins/com.st.stm32cube.ide.mcu.externaltools.gnu-tools-for-stm32.13.3.rel1.win32_1.0.0.202411081344/tools/bin/../lib/gcc/arm-none-eabi/13.3.1/../../../../arm-none-eabi/lib/thumb/v7e-m+fp/hard\libc_nano.a(libc_a-lock.o)
                0x08009b92                __retarget_lock_acquire_recursive
 .text.__retarget_lock_release_recursive
                0x08009b94        0x2 C:/ST/STM32CubeIDE_1.18.1/STM32CubeIDE/plugins/com.st.stm32cube.ide.mcu.externaltools.gnu-tools-for-stm32.13.3.rel1.win32_1.0.0.202411081344/tools/bin/../lib/gcc/arm-none-eabi/13.3.1/../../../../arm-none-eabi/lib/thumb/v7e-m+fp/hard\libc_nano.a(libc_a-lock.o)
                0x08009b94                __retarget_lock_release_recursive
 .text.memcpy   0x08009b96       0x1c C:/ST/STM32CubeIDE_1.18.1/STM32CubeIDE/plugins/com.st.stm32cube.ide.mcu.externaltools.gnu-tools-for-stm32.13.3.rel1.win32_1.0.0.202411081344/tools/bin/../lib/gcc/arm-none-eabi/13.3.1/../../../../arm-none-eabi/lib/thumb/v7e-m+fp/hard\libc_nano.a(libc_a-memcpy-stub.o)
                0x08009b96                memcpy
 .text.quorem   0x08009bb2      0x110 C:/ST/STM32CubeIDE_1.18.1/STM32CubeIDE/plugins/com.st.stm32cube.ide.mcu.externaltools.gnu-tools-for-stm32.13.3.rel1.win32_1.0.0.202411081344/tools/bin/../lib/gcc/arm-none-eabi/13.3.1/../../../../arm-none-eabi/lib/thumb/v7e-m+fp/hard\libc_nano.a(libc_a-dtoa.o)
 *fill*         0x08009cc2        0x6 
 .text._dtoa_r  0x08009cc8      0xba0 C:/ST/STM32CubeIDE_1.18.1/STM32CubeIDE/plugins/com.st.stm32cube.ide.mcu.externaltools.gnu-tools-for-stm32.13.3.rel1.win32_1.0.0.202411081344/tools/bin/../lib/gcc/arm-none-eabi/13.3.1/../../../../arm-none-eabi/lib/thumb/v7e-m+fp/hard\libc_nano.a(libc_a-dtoa.o)
                0x08009cc8                _dtoa_r
 .text._free_r  0x0800a868       0x94 C:/ST/STM32CubeIDE_1.18.1/STM32CubeIDE/plugins/com.st.stm32cube.ide.mcu.externaltools.gnu-tools-for-stm32.13.3.rel1.win32_1.0.0.202411081344/tools/bin/../lib/gcc/arm-none-eabi/13.3.1/../../../../arm-none-eabi/lib/thumb/v7e-m+fp/hard\libc_nano.a(libc_a-freer.o)
                0x0800a868                _free_r
 .text._Balloc  0x0800a8fc       0x80 C:/ST/STM32CubeIDE_1.18.1/STM32CubeIDE/plugins/com.st.stm32cube.ide.mcu.externaltools.gnu-tools-for-stm32.13.3.rel1.win32_1.0.0.202411081344/tools/bin/../lib/gcc/arm-none-eabi/13.3.1/../../../../arm-none-eabi/lib/thumb/v7e-m+fp/hard\libc_nano.a(libc_a-mprec.o)
                0x0800a8fc                _Balloc
 .text._Bfree   0x0800a97c       0x44 C:/ST/STM32CubeIDE_1.18.1/STM32CubeIDE/plugins/com.st.stm32cube.ide.mcu.externaltools.gnu-tools-for-stm32.13.3.rel1.win32_1.0.0.202411081344/tools/bin/../lib/gcc/arm-none-eabi/13.3.1/../../../../arm-none-eabi/lib/thumb/v7e-m+fp/hard\libc_nano.a(libc_a-mprec.o)
                0x0800a97c                _Bfree
 .text.__multadd
                0x0800a9c0       0x8c C:/ST/STM32CubeIDE_1.18.1/STM32CubeIDE/plugins/com.st.stm32cube.ide.mcu.externaltools.gnu-tools-for-stm32.13.3.rel1.win32_1.0.0.202411081344/tools/bin/../lib/gcc/arm-none-eabi/13.3.1/../../../../arm-none-eabi/lib/thumb/v7e-m+fp/hard\libc_nano.a(libc_a-mprec.o)
                0x0800a9c0                __multadd
 .text.__hi0bits
                0x0800aa4c       0x3e C:/ST/STM32CubeIDE_1.18.1/STM32CubeIDE/plugins/com.st.stm32cube.ide.mcu.externaltools.gnu-tools-for-stm32.13.3.rel1.win32_1.0.0.202411081344/tools/bin/../lib/gcc/arm-none-eabi/13.3.1/../../../../arm-none-eabi/lib/thumb/v7e-m+fp/hard\libc_nano.a(libc_a-mprec.o)
                0x0800aa4c                __hi0bits
 .text.__lo0bits
                0x0800aa8a       0x5a C:/ST/STM32CubeIDE_1.18.1/STM32CubeIDE/plugins/com.st.stm32cube.ide.mcu.externaltools.gnu-tools-for-stm32.13.3.rel1.win32_1.0.0.202411081344/tools/bin/../lib/gcc/arm-none-eabi/13.3.1/../../../../arm-none-eabi/lib/thumb/v7e-m+fp/hard\libc_nano.a(libc_a-mprec.o)
                0x0800aa8a                __lo0bits
 .text.__i2b    0x0800aae4       0x2c C:/ST/STM32CubeIDE_1.18.1/STM32CubeIDE/plugins/com.st.stm32cube.ide.mcu.externaltools.gnu-tools-for-stm32.13.3.rel1.win32_1.0.0.202411081344/tools/bin/../lib/gcc/arm-none-eabi/13.3.1/../../../../arm-none-eabi/lib/thumb/v7e-m+fp/hard\libc_nano.a(libc_a-mprec.o)
                0x0800aae4                __i2b
 .text.__multiply
                0x0800ab10      0x144 C:/ST/STM32CubeIDE_1.18.1/STM32CubeIDE/plugins/com.st.stm32cube.ide.mcu.externaltools.gnu-tools-for-stm32.13.3.rel1.win32_1.0.0.202411081344/tools/bin/../lib/gcc/arm-none-eabi/13.3.1/../../../../arm-none-eabi/lib/thumb/v7e-m+fp/hard\libc_nano.a(libc_a-mprec.o)
                0x0800ab10                __multiply
 .text.__pow5mult
                0x0800ac54       0xb4 C:/ST/STM32CubeIDE_1.18.1/STM32CubeIDE/plugins/com.st.stm32cube.ide.mcu.externaltools.gnu-tools-for-stm32.13.3.rel1.win32_1.0.0.202411081344/tools/bin/../lib/gcc/arm-none-eabi/13.3.1/../../../../arm-none-eabi/lib/thumb/v7e-m+fp/hard\libc_nano.a(libc_a-mprec.o)
                0x0800ac54                __pow5mult
 .text.__lshift
                0x0800ad08       0xd8 C:/ST/STM32CubeIDE_1.18.1/STM32CubeIDE/plugins/com.st.stm32cube.ide.mcu.externaltools.gnu-tools-for-stm32.13.3.rel1.win32_1.0.0.202411081344/tools/bin/../lib/gcc/arm-none-eabi/13.3.1/../../../../arm-none-eabi/lib/thumb/v7e-m+fp/hard\libc_nano.a(libc_a-mprec.o)
                0x0800ad08                __lshift
 .text.__mcmp   0x0800ade0       0x36 C:/ST/STM32CubeIDE_1.18.1/STM32CubeIDE/plugins/com.st.stm32cube.ide.mcu.externaltools.gnu-tools-for-stm32.13.3.rel1.win32_1.0.0.202411081344/tools/bin/../lib/gcc/arm-none-eabi/13.3.1/../../../../arm-none-eabi/lib/thumb/v7e-m+fp/hard\libc_nano.a(libc_a-mprec.o)
                0x0800ade0                __mcmp
 *fill*         0x0800ae16        0x2 
 .text.__mdiff  0x0800ae18      0x128 C:/ST/STM32CubeIDE_1.18.1/STM32CubeIDE/plugins/com.st.stm32cube.ide.mcu.externaltools.gnu-tools-for-stm32.13.3.rel1.win32_1.0.0.202411081344/tools/bin/../lib/gcc/arm-none-eabi/13.3.1/../../../../arm-none-eabi/lib/thumb/v7e-m+fp/hard\libc_nano.a(libc_a-mprec.o)
                0x0800ae18                __mdiff
 .text.__d2b    0x0800af40       0xb0 C:/ST/STM32CubeIDE_1.18.1/STM32CubeIDE/plugins/com.st.stm32cube.ide.mcu.externaltools.gnu-tools-for-stm32.13.3.rel1.win32_1.0.0.202411081344/tools/bin/../lib/gcc/arm-none-eabi/13.3.1/../../../../arm-none-eabi/lib/thumb/v7e-m+fp/hard\libc_nano.a(libc_a-mprec.o)
                0x0800af40                __d2b
 .text.__ssputs_r
                0x0800aff0       0xb6 C:/ST/STM32CubeIDE_1.18.1/STM32CubeIDE/plugins/com.st.stm32cube.ide.mcu.externaltools.gnu-tools-for-stm32.13.3.rel1.win32_1.0.0.202411081344/tools/bin/../lib/gcc/arm-none-eabi/13.3.1/../../../../arm-none-eabi/lib/thumb/v7e-m+fp/hard\libc_nano.a(libc_a-nano-svfprintf.o)
                0x0800aff0                __ssputs_r
 *fill*         0x0800b0a6        0x2 
 .text._svfprintf_r
                0x0800b0a8      0x1f8 C:/ST/STM32CubeIDE_1.18.1/STM32CubeIDE/plugins/com.st.stm32cube.ide.mcu.externaltools.gnu-tools-for-stm32.13.3.rel1.win32_1.0.0.202411081344/tools/bin/../lib/gcc/arm-none-eabi/13.3.1/../../../../arm-none-eabi/lib/thumb/v7e-m+fp/hard\libc_nano.a(libc_a-nano-svfprintf.o)
                0x0800b0a8                _svfiprintf_r
                0x0800b0a8                _svfprintf_r
 .text.__sflush_r
                0x0800b2a0      0x108 C:/ST/STM32CubeIDE_1.18.1/STM32CubeIDE/plugins/com.st.stm32cube.ide.mcu.externaltools.gnu-tools-for-stm32.13.3.rel1.win32_1.0.0.202411081344/tools/bin/../lib/gcc/arm-none-eabi/13.3.1/../../../../arm-none-eabi/lib/thumb/v7e-m+fp/hard\libc_nano.a(libc_a-fflush.o)
                0x0800b2a0                __sflush_r
 .text._fflush_r
                0x0800b3a8       0x50 C:/ST/STM32CubeIDE_1.18.1/STM32CubeIDE/plugins/com.st.stm32cube.ide.mcu.externaltools.gnu-tools-for-stm32.13.3.rel1.win32_1.0.0.202411081344/tools/bin/../lib/gcc/arm-none-eabi/13.3.1/../../../../arm-none-eabi/lib/thumb/v7e-m+fp/hard\libc_nano.a(libc_a-fflush.o)
                0x0800b3a8                _fflush_r
 .text.__swhatbuf_r
                0x0800b3f8       0x4c C:/ST/STM32CubeIDE_1.18.1/STM32CubeIDE/plugins/com.st.stm32cube.ide.mcu.externaltools.gnu-tools-for-stm32.13.3.rel1.win32_1.0.0.202411081344/tools/bin/../lib/gcc/arm-none-eabi/13.3.1/../../../../arm-none-eabi/lib/thumb/v7e-m+fp/hard\libc_nano.a(libc_a-makebuf.o)
                0x0800b3f8                __swhatbuf_r
 .text.__smakebuf_r
                0x0800b444       0x78 C:/ST/STM32CubeIDE_1.18.1/STM32CubeIDE/plugins/com.st.stm32cube.ide.mcu.externaltools.gnu-tools-for-stm32.13.3.rel1.win32_1.0.0.202411081344/tools/bin/../lib/gcc/arm-none-eabi/13.3.1/../../../../arm-none-eabi/lib/thumb/v7e-m+fp/hard\libc_nano.a(libc_a-makebuf.o)
                0x0800b444                __smakebuf_r
 .text.memmove  0x0800b4bc       0x34 C:/ST/STM32CubeIDE_1.18.1/STM32CubeIDE/plugins/com.st.stm32cube.ide.mcu.externaltools.gnu-tools-for-stm32.13.3.rel1.win32_1.0.0.202411081344/tools/bin/../lib/gcc/arm-none-eabi/13.3.1/../../../../arm-none-eabi/lib/thumb/v7e-m+fp/hard\libc_nano.a(libc_a-memmove.o)
                0x0800b4bc                memmove
 .text._fstat_r
                0x0800b4f0       0x24 C:/ST/STM32CubeIDE_1.18.1/STM32CubeIDE/plugins/com.st.stm32cube.ide.mcu.externaltools.gnu-tools-for-stm32.13.3.rel1.win32_1.0.0.202411081344/tools/bin/../lib/gcc/arm-none-eabi/13.3.1/../../../../arm-none-eabi/lib/thumb/v7e-m+fp/hard\libc_nano.a(libc_a-fstatr.o)
                0x0800b4f0                _fstat_r
 .text._isatty_r
                0x0800b514       0x20 C:/ST/STM32CubeIDE_1.18.1/STM32CubeIDE/plugins/com.st.stm32cube.ide.mcu.externaltools.gnu-tools-for-stm32.13.3.rel1.win32_1.0.0.202411081344/tools/bin/../lib/gcc/arm-none-eabi/13.3.1/../../../../arm-none-eabi/lib/thumb/v7e-m+fp/hard\libc_nano.a(libc_a-isattyr.o)
                0x0800b514                _isatty_r
 .text.__assert_func
                0x0800b534       0x3c C:/ST/STM32CubeIDE_1.18.1/STM32CubeIDE/plugins/com.st.stm32cube.ide.mcu.externaltools.gnu-tools-for-stm32.13.3.rel1.win32_1.0.0.202411081344/tools/bin/../lib/gcc/arm-none-eabi/13.3.1/../../../../arm-none-eabi/lib/thumb/v7e-m+fp/hard\libc_nano.a(libc_a-assert.o)
                0x0800b534                __assert_func
 .text._calloc_r
                0x0800b570       0x28 C:/ST/STM32CubeIDE_1.18.1/STM32CubeIDE/plugins/com.st.stm32cube.ide.mcu.externaltools.gnu-tools-for-stm32.13.3.rel1.win32_1.0.0.202411081344/tools/bin/../lib/gcc/arm-none-eabi/13.3.1/../../../../arm-none-eabi/lib/thumb/v7e-m+fp/hard\libc_nano.a(libc_a-callocr.o)
                0x0800b570                _calloc_r
 .text.__ascii_mbtowc
                0x0800b598       0x24 C:/ST/STM32CubeIDE_1.18.1/STM32CubeIDE/plugins/com.st.stm32cube.ide.mcu.externaltools.gnu-tools-for-stm32.13.3.rel1.win32_1.0.0.202411081344/tools/bin/../lib/gcc/arm-none-eabi/13.3.1/../../../../arm-none-eabi/lib/thumb/v7e-m+fp/hard\libc_nano.a(libc_a-mbtowc_r.o)
                0x0800b598                __ascii_mbtowc
 .text._realloc_r
                0x0800b5bc       0x5c C:/ST/STM32CubeIDE_1.18.1/STM32CubeIDE/plugins/com.st.stm32cube.ide.mcu.externaltools.gnu-tools-for-stm32.13.3.rel1.win32_1.0.0.202411081344/tools/bin/../lib/gcc/arm-none-eabi/13.3.1/../../../../arm-none-eabi/lib/thumb/v7e-m+fp/hard\libc_nano.a(libc_a-reallocr.o)
                0x0800b5bc                _realloc_r
 .text.__ascii_wctomb
                0x0800b618       0x1a C:/ST/STM32CubeIDE_1.18.1/STM32CubeIDE/plugins/com.st.stm32cube.ide.mcu.externaltools.gnu-tools-for-stm32.13.3.rel1.win32_1.0.0.202411081344/tools/bin/../lib/gcc/arm-none-eabi/13.3.1/../../../../arm-none-eabi/lib/thumb/v7e-m+fp/hard\libc_nano.a(libc_a-wctomb_r.o)
                0x0800b618                __ascii_wctomb
 *fill*         0x0800b632        0x2 
 .text.fprintf  0x0800b634       0x24 C:/ST/STM32CubeIDE_1.18.1/STM32CubeIDE/plugins/com.st.stm32cube.ide.mcu.externaltools.gnu-tools-for-stm32.13.3.rel1.win32_1.0.0.202411081344/tools/bin/../lib/gcc/arm-none-eabi/13.3.1/../../../../arm-none-eabi/lib/thumb/v7e-m+fp/hard\libc_nano.a(libc_a-fprintf.o)
                0x0800b634                fiprintf
                0x0800b634                fprintf
 .text.abort    0x0800b658        0xe C:/ST/STM32CubeIDE_1.18.1/STM32CubeIDE/plugins/com.st.stm32cube.ide.mcu.externaltools.gnu-tools-for-stm32.13.3.rel1.win32_1.0.0.202411081344/tools/bin/../lib/gcc/arm-none-eabi/13.3.1/../../../../arm-none-eabi/lib/thumb/v7e-m+fp/hard\libc_nano.a(libc_a-abort.o)
                0x0800b658                abort
 .text._malloc_usable_size_r
                0x0800b666       0x10 C:/ST/STM32CubeIDE_1.18.1/STM32CubeIDE/plugins/com.st.stm32cube.ide.mcu.externaltools.gnu-tools-for-stm32.13.3.rel1.win32_1.0.0.202411081344/tools/bin/../lib/gcc/arm-none-eabi/13.3.1/../../../../arm-none-eabi/lib/thumb/v7e-m+fp/hard\libc_nano.a(libc_a-msizer.o)
                0x0800b666                _malloc_usable_size_r
 .text.__sfputc_r
                0x0800b676       0x2e C:/ST/STM32CubeIDE_1.18.1/STM32CubeIDE/plugins/com.st.stm32cube.ide.mcu.externaltools.gnu-tools-for-stm32.13.3.rel1.win32_1.0.0.202411081344/tools/bin/../lib/gcc/arm-none-eabi/13.3.1/../../../../arm-none-eabi/lib/thumb/v7e-m+fp/hard\libc_nano.a(libc_a-nano-vfprintf.o)
 .text.__sfputs_r
                0x0800b6a4       0x24 C:/ST/STM32CubeIDE_1.18.1/STM32CubeIDE/plugins/com.st.stm32cube.ide.mcu.externaltools.gnu-tools-for-stm32.13.3.rel1.win32_1.0.0.202411081344/tools/bin/../lib/gcc/arm-none-eabi/13.3.1/../../../../arm-none-eabi/lib/thumb/v7e-m+fp/hard\libc_nano.a(libc_a-nano-vfprintf.o)
                0x0800b6a4                __sfputs_r
 .text._vfprintf_r
                0x0800b6c8      0x230 C:/ST/STM32CubeIDE_1.18.1/STM32CubeIDE/plugins/com.st.stm32cube.ide.mcu.externaltools.gnu-tools-for-stm32.13.3.rel1.win32_1.0.0.202411081344/tools/bin/../lib/gcc/arm-none-eabi/13.3.1/../../../../arm-none-eabi/lib/thumb/v7e-m+fp/hard\libc_nano.a(libc_a-nano-vfprintf.o)
                0x0800b6c8                _vfprintf_r
                0x0800b6c8                _vfiprintf_r
 .text._raise_r
                0x0800b8f8       0x50 C:/ST/STM32CubeIDE_1.18.1/STM32CubeIDE/plugins/com.st.stm32cube.ide.mcu.externaltools.gnu-tools-for-stm32.13.3.rel1.win32_1.0.0.202411081344/tools/bin/../lib/gcc/arm-none-eabi/13.3.1/../../../../arm-none-eabi/lib/thumb/v7e-m+fp/hard\libc_nano.a(libc_a-signal.o)
                0x0800b8f8                _raise_r
 .text.raise    0x0800b948       0x10 C:/ST/STM32CubeIDE_1.18.1/STM32CubeIDE/plugins/com.st.stm32cube.ide.mcu.externaltools.gnu-tools-for-stm32.13.3.rel1.win32_1.0.0.202411081344/tools/bin/../lib/gcc/arm-none-eabi/13.3.1/../../../../arm-none-eabi/lib/thumb/v7e-m+fp/hard\libc_nano.a(libc_a-signal.o)
                0x0800b948                raise
 .text._kill_r  0x0800b958       0x24 C:/ST/STM32CubeIDE_1.18.1/STM32CubeIDE/plugins/com.st.stm32cube.ide.mcu.externaltools.gnu-tools-for-stm32.13.3.rel1.win32_1.0.0.202411081344/tools/bin/../lib/gcc/arm-none-eabi/13.3.1/../../../../arm-none-eabi/lib/thumb/v7e-m+fp/hard\libc_nano.a(libc_a-signalr.o)
                0x0800b958                _kill_r
 .text._getpid_r
                0x0800b97c        0x4 C:/ST/STM32CubeIDE_1.18.1/STM32CubeIDE/plugins/com.st.stm32cube.ide.mcu.externaltools.gnu-tools-for-stm32.13.3.rel1.win32_1.0.0.202411081344/tools/bin/../lib/gcc/arm-none-eabi/13.3.1/../../../../arm-none-eabi/lib/thumb/v7e-m+fp/hard\libc_nano.a(libc_a-signalr.o)
                0x0800b97c                _getpid_r
 .text.log      0x0800b980       0x7c C:/ST/STM32CubeIDE_1.18.1/STM32CubeIDE/plugins/com.st.stm32cube.ide.mcu.externaltools.gnu-tools-for-stm32.13.3.rel1.win32_1.0.0.202411081344/tools/bin/../lib/gcc/arm-none-eabi/13.3.1/../../../../arm-none-eabi/lib/thumb/v7e-m+fp/hard\libm.a(libm_a-w_log.o)
                0x0800b980                log
 *fill*         0x0800b9fc        0x4 
 .text.nan      0x0800ba00       0x10 C:/ST/STM32CubeIDE_1.18.1/STM32CubeIDE/plugins/com.st.stm32cube.ide.mcu.externaltools.gnu-tools-for-stm32.13.3.rel1.win32_1.0.0.202411081344/tools/bin/../lib/gcc/arm-none-eabi/13.3.1/../../../../arm-none-eabi/lib/thumb/v7e-m+fp/hard\libm.a(libm_a-s_nan.o)
                0x0800ba00                nan
 .text.__ieee754_log
                0x0800ba10      0x36c C:/ST/STM32CubeIDE_1.18.1/STM32CubeIDE/plugins/com.st.stm32cube.ide.mcu.externaltools.gnu-tools-for-stm32.13.3.rel1.win32_1.0.0.202411081344/tools/bin/../lib/gcc/arm-none-eabi/13.3.1/../../../../arm-none-eabi/lib/thumb/v7e-m+fp/hard\libm.a(libm_a-e_log.o)
                0x0800ba10                __ieee754_log
 *(.glue_7)
 .glue_7        0x0800bd7c        0x0 linker stubs
 *(.glue_7t)
 .glue_7t       0x0800bd7c        0x0 linker stubs
 *(.eh_frame)
 .eh_frame      0x0800bd7c        0x0 C:/ST/STM32CubeIDE_1.18.1/STM32CubeIDE/plugins/com.st.stm32cube.ide.mcu.externaltools.gnu-tools-for-stm32.13.3.rel1.win32_1.0.0.202411081344/tools/bin/../lib/gcc/arm-none-eabi/13.3.1/thumb/v7e-m+fp/hard/crtbegin.o
 *(.init)
 .init          0x0800bd7c        0x4 C:/ST/STM32CubeIDE_1.18.1/STM32CubeIDE/plugins/com.st.stm32cube.ide.mcu.externaltools.gnu-tools-for-stm32.13.3.rel1.win32_1.0.0.202411081344/tools/bin/../lib/gcc/arm-none-eabi/13.3.1/thumb/v7e-m+fp/hard/crti.o
                0x0800bd7c                _init
 .init          0x0800bd80        0x8 C:/ST/STM32CubeIDE_1.18.1/STM32CubeIDE/plugins/com.st.stm32cube.ide.mcu.externaltools.gnu-tools-for-stm32.13.3.rel1.win32_1.0.0.202411081344/tools/bin/../lib/gcc/arm-none-eabi/13.3.1/thumb/v7e-m+fp/hard/crtn.o
 *(.fini)
 .fini          0x0800bd88        0x4 C:/ST/STM32CubeIDE_1.18.1/STM32CubeIDE/plugins/com.st.stm32cube.ide.mcu.externaltools.gnu-tools-for-stm32.13.3.rel1.win32_1.0.0.202411081344/tools/bin/../lib/gcc/arm-none-eabi/13.3.1/thumb/v7e-m+fp/hard/crti.o
                0x0800bd88                _fini
 .fini          0x0800bd8c        0x8 C:/ST/STM32CubeIDE_1.18.1/STM32CubeIDE/plugins/com.st.stm32cube.ide.mcu.externaltools.gnu-tools-for-stm32.13.3.rel1.win32_1.0.0.202411081344/tools/bin/../lib/gcc/arm-none-eabi/13.3.1/thumb/v7e-m+fp/hard/crtn.o
                0x0800bd94                        . = ALIGN (0x4)
                0x0800bd94                        _etext = .

.vfp11_veneer   0x0800bd94        0x0
 .vfp11_veneer  0x0800bd94        0x0 linker stubs

.v4_bx          0x0800bd94        0x0
 .v4_bx         0x0800bd94        0x0 linker stubs

.iplt           0x0800bd94        0x0
 .iplt          0x0800bd94        0x0 C:/ST/STM32CubeIDE_1.18.1/STM32CubeIDE/plugins/com.st.stm32cube.ide.mcu.externaltools.gnu-tools-for-stm32.13.3.rel1.win32_1.0.0.202411081344/tools/bin/../lib/gcc/arm-none-eabi/13.3.1/thumb/v7e-m+fp/hard/crtbegin.o

.rodata         0x0800bd98      0xe1c
                0x0800bd98                        . = ALIGN (0x4)
 *(.rodata)
 .rodata        0x0800bd98      0x4e4 ./Core/Src/bms_libWrapper.o
 .rodata        0x0800c27c       0xa9 ./Core/Src/main.o
 *fill*         0x0800c325        0x3 
 .rodata        0x0800c328       0x47 ./Core/Src/uartDMA.o
 *fill*         0x0800c36f        0x1 
 .rodata        0x0800c370        0x7 ./Core/Src/version.o
 *(.rodata*)
 *fill*         0x0800c377        0x1 
 .rodata.Crc15Table
                0x0800c378      0x200 ./Core/Src/bms_utility.o
                0x0800c378                Crc15Table
 .rodata.crc10Table
                0x0800c578      0x200 ./Core/Src/bms_utility.o
 .rodata.AHBPrescTable
                0x0800c778       0x10 ./Core/Src/system_stm32f4xx.o
                0x0800c778                AHBPrescTable
 .rodata.APBPrescTable
                0x0800c788        0x8 ./Core/Src/system_stm32f4xx.o
                0x0800c788                APBPrescTable
 .rodata.info_json.0
                0x0800c790       0xa8 ./Core/Src/version.o
 .rodata.flagBitshiftOffset.0
                0x0800c838        0x8 ./Drivers/STM32F4xx_HAL_Driver/Src/stm32f4xx_hal_dma.o
 .rodata._printf_float.str1.1
                0x0800c840      0x171 C:/ST/STM32CubeIDE_1.18.1/STM32CubeIDE/plugins/com.st.stm32cube.ide.mcu.externaltools.gnu-tools-for-stm32.13.3.rel1.win32_1.0.0.202411081344/tools/bin/../lib/gcc/arm-none-eabi/13.3.1/../../../../arm-none-eabi/lib/thumb/v7e-m+fp/hard\libc_nano.a(libc_a-nano-vfprintf_float.o)
                                 0x12 (size before relaxing)
 .rodata._printf_i.str1.1
                0x0800c9b1       0x22 C:/ST/STM32CubeIDE_1.18.1/STM32CubeIDE/plugins/com.st.stm32cube.ide.mcu.externaltools.gnu-tools-for-stm32.13.3.rel1.win32_1.0.0.202411081344/tools/bin/../lib/gcc/arm-none-eabi/13.3.1/../../../../arm-none-eabi/lib/thumb/v7e-m+fp/hard\libc_nano.a(libc_a-nano-vfprintf_i.o)
 .rodata._dtoa_r.str1.1
                0x0800c9b1       0x8f C:/ST/STM32CubeIDE_1.18.1/STM32CubeIDE/plugins/com.st.stm32cube.ide.mcu.externaltools.gnu-tools-for-stm32.13.3.rel1.win32_1.0.0.202411081344/tools/bin/../lib/gcc/arm-none-eabi/13.3.1/../../../../arm-none-eabi/lib/thumb/v7e-m+fp/hard\libc_nano.a(libc_a-dtoa.o)
 .rodata._Balloc.str1.1
                0x0800c9b1       0x70 C:/ST/STM32CubeIDE_1.18.1/STM32CubeIDE/plugins/com.st.stm32cube.ide.mcu.externaltools.gnu-tools-for-stm32.13.3.rel1.win32_1.0.0.202411081344/tools/bin/../lib/gcc/arm-none-eabi/13.3.1/../../../../arm-none-eabi/lib/thumb/v7e-m+fp/hard\libc_nano.a(libc_a-mprec.o)
 .rodata.__multadd.str1.1
                0x0800c9b1       0x11 C:/ST/STM32CubeIDE_1.18.1/STM32CubeIDE/plugins/com.st.stm32cube.ide.mcu.externaltools.gnu-tools-for-stm32.13.3.rel1.win32_1.0.0.202411081344/tools/bin/../lib/gcc/arm-none-eabi/13.3.1/../../../../arm-none-eabi/lib/thumb/v7e-m+fp/hard\libc_nano.a(libc_a-mprec.o)
 *fill*         0x0800c9b1        0x3 
 .rodata.p05.0  0x0800c9b4        0xc C:/ST/STM32CubeIDE_1.18.1/STM32CubeIDE/plugins/com.st.stm32cube.ide.mcu.externaltools.gnu-tools-for-stm32.13.3.rel1.win32_1.0.0.202411081344/tools/bin/../lib/gcc/arm-none-eabi/13.3.1/../../../../arm-none-eabi/lib/thumb/v7e-m+fp/hard\libc_nano.a(libc_a-mprec.o)
 .rodata.__mprec_bigtens
                0x0800c9c0       0x28 C:/ST/STM32CubeIDE_1.18.1/STM32CubeIDE/plugins/com.st.stm32cube.ide.mcu.externaltools.gnu-tools-for-stm32.13.3.rel1.win32_1.0.0.202411081344/tools/bin/../lib/gcc/arm-none-eabi/13.3.1/../../../../arm-none-eabi/lib/thumb/v7e-m+fp/hard\libc_nano.a(libc_a-mprec.o)
                0x0800c9c0                __mprec_bigtens
 .rodata.__mprec_tens
                0x0800c9e8       0xc8 C:/ST/STM32CubeIDE_1.18.1/STM32CubeIDE/plugins/com.st.stm32cube.ide.mcu.externaltools.gnu-tools-for-stm32.13.3.rel1.win32_1.0.0.202411081344/tools/bin/../lib/gcc/arm-none-eabi/13.3.1/../../../../arm-none-eabi/lib/thumb/v7e-m+fp/hard\libc_nano.a(libc_a-mprec.o)
                0x0800c9e8                __mprec_tens
 .rodata._svfprintf_r.str1.1
                0x0800cab0       0x11 C:/ST/STM32CubeIDE_1.18.1/STM32CubeIDE/plugins/com.st.stm32cube.ide.mcu.externaltools.gnu-tools-for-stm32.13.3.rel1.win32_1.0.0.202411081344/tools/bin/../lib/gcc/arm-none-eabi/13.3.1/../../../../arm-none-eabi/lib/thumb/v7e-m+fp/hard\libc_nano.a(libc_a-nano-svfprintf.o)
 .rodata._setlocale_r.str1.1
                0x0800cab0        0x9 C:/ST/STM32CubeIDE_1.18.1/STM32CubeIDE/plugins/com.st.stm32cube.ide.mcu.externaltools.gnu-tools-for-stm32.13.3.rel1.win32_1.0.0.202411081344/tools/bin/../lib/gcc/arm-none-eabi/13.3.1/../../../../arm-none-eabi/lib/thumb/v7e-m+fp/hard\libc_nano.a(libc_a-locale.o)
 .rodata.str1.1
                0x0800cab0        0x2 C:/ST/STM32CubeIDE_1.18.1/STM32CubeIDE/plugins/com.st.stm32cube.ide.mcu.externaltools.gnu-tools-for-stm32.13.3.rel1.win32_1.0.0.202411081344/tools/bin/../lib/gcc/arm-none-eabi/13.3.1/../../../../arm-none-eabi/lib/thumb/v7e-m+fp/hard\libc_nano.a(libc_a-locale.o)
 .rodata.__assert_func.str1.1
                0x0800cab0       0x3d C:/ST/STM32CubeIDE_1.18.1/STM32CubeIDE/plugins/com.st.stm32cube.ide.mcu.externaltools.gnu-tools-for-stm32.13.3.rel1.win32_1.0.0.202411081344/tools/bin/../lib/gcc/arm-none-eabi/13.3.1/../../../../arm-none-eabi/lib/thumb/v7e-m+fp/hard\libc_nano.a(libc_a-assert.o)
 .rodata._ctype_
                0x0800cab0      0x101 C:/ST/STM32CubeIDE_1.18.1/STM32CubeIDE/plugins/com.st.stm32cube.ide.mcu.externaltools.gnu-tools-for-stm32.13.3.rel1.win32_1.0.0.202411081344/tools/bin/../lib/gcc/arm-none-eabi/13.3.1/../../../../arm-none-eabi/lib/thumb/v7e-m+fp/hard\libc_nano.a(libc_a-ctype_.o)
                0x0800cab0                _ctype_
 .rodata._vfprintf_r.str1.1
                0x0800cbb1       0x11 C:/ST/STM32CubeIDE_1.18.1/STM32CubeIDE/plugins/com.st.stm32cube.ide.mcu.externaltools.gnu-tools-for-stm32.13.3.rel1.win32_1.0.0.202411081344/tools/bin/../lib/gcc/arm-none-eabi/13.3.1/../../../../arm-none-eabi/lib/thumb/v7e-m+fp/hard\libc_nano.a(libc_a-nano-vfprintf.o)
 .rodata.log.str1.1
                0x0800cbb1        0x1 C:/ST/STM32CubeIDE_1.18.1/STM32CubeIDE/plugins/com.st.stm32cube.ide.mcu.externaltools.gnu-tools-for-stm32.13.3.rel1.win32_1.0.0.202411081344/tools/bin/../lib/gcc/arm-none-eabi/13.3.1/../../../../arm-none-eabi/lib/thumb/v7e-m+fp/hard\libm.a(libm_a-w_log.o)
                0x0800cbc4                        . = ALIGN (0x4)
 *fill*         0x0800cbb1        0x3 

.ARM.extab      0x0800cbb4        0x0
                0x0800cbb4                        . = ALIGN (0x4)
 *(.ARM.extab* .gnu.linkonce.armextab.*)
                0x0800cbb4                        . = ALIGN (0x4)

.ARM            0x0800cbb4        0x8
                0x0800cbb4                        . = ALIGN (0x4)
                0x0800cbb4                        __exidx_start = .
 *(.ARM.exidx*)
 .ARM.exidx     0x0800cbb4        0x8 C:/ST/STM32CubeIDE_1.18.1/STM32CubeIDE/plugins/com.st.stm32cube.ide.mcu.externaltools.gnu-tools-for-stm32.13.3.rel1.win32_1.0.0.202411081344/tools/bin/../lib/gcc/arm-none-eabi/13.3.1/../../../../arm-none-eabi/lib/thumb/v7e-m+fp/hard\libc_nano.a(libc_a-memchr.o)
 .ARM.exidx     0x0800cbbc        0x0 C:/ST/STM32CubeIDE_1.18.1/STM32CubeIDE/plugins/com.st.stm32cube.ide.mcu.externaltools.gnu-tools-for-stm32.13.3.rel1.win32_1.0.0.202411081344/tools/bin/../lib/gcc/arm-none-eabi/13.3.1/../../../../arm-none-eabi/lib/thumb/v7e-m+fp/hard\libc_nano.a(libc_a-strlen.o)
                                  0x8 (size before relaxing)
 .ARM.exidx     0x0800cbbc        0x0 C:/ST/STM32CubeIDE_1.18.1/STM32CubeIDE/plugins/com.st.stm32cube.ide.mcu.externaltools.gnu-tools-for-stm32.13.3.rel1.win32_1.0.0.202411081344/tools/bin/../lib/gcc/arm-none-eabi/13.3.1/thumb/v7e-m+fp/hard\libgcc.a(_udivmoddi4.o)
                                  0x8 (size before relaxing)
                0x0800cbbc                        __exidx_end = .
                0x0800cbbc                        . = ALIGN (0x4)

.preinit_array  0x0800cbbc        0x0
                0x0800cbbc                        . = ALIGN (0x4)
                0x0800cbbc                        PROVIDE (__preinit_array_start = .)
 *(.preinit_array*)
                0x0800cbbc                        PROVIDE (__preinit_array_end = .)
                0x0800cbbc                        . = ALIGN (0x4)

.init_array     0x0800cbbc        0x4
                0x0800cbbc                        . = ALIGN (0x4)
                0x0800cbbc                        PROVIDE (__init_array_start = .)
 *(SORT_BY_NAME(.init_array.*))
 *(.init_array*)
 .init_array    0x0800cbbc        0x4 C:/ST/STM32CubeIDE_1.18.1/STM32CubeIDE/plugins/com.st.stm32cube.ide.mcu.externaltools.gnu-tools-for-stm32.13.3.rel1.win32_1.0.0.202411081344/tools/bin/../lib/gcc/arm-none-eabi/13.3.1/thumb/v7e-m+fp/hard/crtbegin.o
                0x0800cbc0                        PROVIDE (__init_array_end = .)
                0x0800cbc0                        . = ALIGN (0x4)

.fini_array     0x0800cbc0        0x4
                0x0800cbc0                        . = ALIGN (0x4)
                [!provide]                        PROVIDE (__fini_array_start = .)
 *(SORT_BY_NAME(.fini_array.*))
 *(.fini_array*)
 .fini_array    0x0800cbc0        0x4 C:/ST/STM32CubeIDE_1.18.1/STM32CubeIDE/plugins/com.st.stm32cube.ide.mcu.externaltools.gnu-tools-for-stm32.13.3.rel1.win32_1.0.0.202411081344/tools/bin/../lib/gcc/arm-none-eabi/13.3.1/thumb/v7e-m+fp/hard/crtbegin.o
                [!provide]                        PROVIDE (__fini_array_end = .)
                0x0800cbc4                        . = ALIGN (0x4)
                0x0800cbc4                        _sidata = LOADADDR (.data)

.rel.dyn        0x0800cbc4        0x0
 .rel.iplt      0x0800cbc4        0x0 C:/ST/STM32CubeIDE_1.18.1/STM32CubeIDE/plugins/com.st.stm32cube.ide.mcu.externaltools.gnu-tools-for-stm32.13.3.rel1.win32_1.0.0.202411081344/tools/bin/../lib/gcc/arm-none-eabi/13.3.1/thumb/v7e-m+fp/hard/crtbegin.o

.data           0x20000000      0x248 load address 0x0800cbc4
                0x20000000                        . = ALIGN (0x4)
                0x20000000                        _sdata = .
 *(.data)
 *(.data*)
 .data.RDSTATA  0x20000000        0x2 ./Core/Src/bms_cmdlist.o
                0x20000000                RDSTATA
 *fill*         0x20000002        0x2 
 .data.RDAUXC   0x20000004        0x2 ./Core/Src/bms_cmdlist.o
                0x20000004                RDAUXC
 *fill*         0x20000006        0x2 
 .data.RDAUXD   0x20000008        0x2 ./Core/Src/bms_cmdlist.o
                0x20000008                RDAUXD
 *fill*         0x2000000a        0x2 
 .data.SRST     0x2000000c        0x2 ./Core/Src/bms_cmdlist.o
                0x2000000c                SRST
 *fill*         0x2000000e        0x2 
 .data.RDACA    0x20000010        0x2 ./Core/Src/bms_cmdlist.o
                0x20000010                RDACA
 *fill*         0x20000012        0x2 
 .data.RDACB    0x20000014        0x2 ./Core/Src/bms_cmdlist.o
                0x20000014                RDACB
 *fill*         0x20000016        0x2 
 .data.RDACC    0x20000018        0x2 ./Core/Src/bms_cmdlist.o
                0x20000018                RDACC
 *fill*         0x2000001a        0x2 
 .data.RDACD    0x2000001c        0x2 ./Core/Src/bms_cmdlist.o
                0x2000001c                RDACD
 *fill*         0x2000001e        0x2 
 .data.RDACE    0x20000020        0x2 ./Core/Src/bms_cmdlist.o
                0x20000020                RDACE
 *fill*         0x20000022        0x2 
 .data.RDACF    0x20000024        0x2 ./Core/Src/bms_cmdlist.o
                0x20000024                RDACF
 *fill*         0x20000026        0x2 
 .data.RDSVA    0x20000028        0x2 ./Core/Src/bms_cmdlist.o
                0x20000028                RDSVA
 *fill*         0x2000002a        0x2 
 .data.RDSVB    0x2000002c        0x2 ./Core/Src/bms_cmdlist.o
                0x2000002c                RDSVB
 *fill*         0x2000002e        0x2 
 .data.RDSVC    0x20000030        0x2 ./Core/Src/bms_cmdlist.o
                0x20000030                RDSVC
 *fill*         0x20000032        0x2 
 .data.RDSVD    0x20000034        0x2 ./Core/Src/bms_cmdlist.o
                0x20000034                RDSVD
 *fill*         0x20000036        0x2 
 .data.RDSVE    0x20000038        0x2 ./Core/Src/bms_cmdlist.o
                0x20000038                RDSVE
 *fill*         0x2000003a        0x2 
 .data.RDSVF    0x2000003c        0x2 ./Core/Src/bms_cmdlist.o
                0x2000003c                RDSVF
 *fill*         0x2000003e        0x2 
 .data.RDAUXA   0x20000040        0x2 ./Core/Src/bms_cmdlist.o
                0x20000040                RDAUXA
 *fill*         0x20000042        0x2 
 .data.RDAUXB   0x20000044        0x2 ./Core/Src/bms_cmdlist.o
                0x20000044                RDAUXB
 *fill*         0x20000046        0x2 
 .data.PLAUX1   0x20000048        0x2 ./Core/Src/bms_cmdlist.o
                0x20000048                PLAUX1
 *fill*         0x2000004a        0x2 
 .data.ADCV     0x2000004c        0x2 ./Core/Src/bms_cmdlist.o
                0x2000004c                ADCV
 *fill*         0x2000004e        0x2 
 .data.ADAX     0x20000050        0x2 ./Core/Src/bms_cmdlist.o
                0x20000050                ADAX
 *fill*         0x20000052        0x2 
 .data.R1.5     0x20000054        0x4 ./Core/Src/bms_libWrapper.o
 .data.VREF2.4  0x20000058        0x4 ./Core/Src/bms_libWrapper.o
 .data.T0_K.3   0x2000005c        0x4 ./Core/Src/bms_libWrapper.o
 .data.BETA.2   0x20000060        0x4 ./Core/Src/bms_libWrapper.o
 .data.R0.1     0x20000064        0x4 ./Core/Src/bms_libWrapper.o
 .data.htim_delay
                0x20000068        0x4 ./Core/Src/bms_mcuWrapper.o
 .data.bms_ow_timer_done
                0x2000006c        0x1 ./Core/Src/bms_mcuWrapper.o
                0x2000006c                bms_ow_timer_done
 *fill*         0x2000006d        0x3 
 .data.hspi     0x20000070        0x4 ./Core/Src/bms_utility.o
 .data.SystemCoreClock
                0x20000074        0x4 ./Core/Src/system_stm32f4xx.o
                0x20000074                SystemCoreClock
 .data.uwTickPrio
                0x20000078        0x4 ./Drivers/STM32F4xx_HAL_Driver/Src/stm32f4xx_hal.o
                0x20000078                uwTickPrio
 .data.uwTickFreq
                0x2000007c        0x1 ./Drivers/STM32F4xx_HAL_Driver/Src/stm32f4xx_hal.o
                0x2000007c                uwTickFreq
 *fill*         0x2000007d        0x3 
 .data.__sglue  0x20000080        0xc C:/ST/STM32CubeIDE_1.18.1/STM32CubeIDE/plugins/com.st.stm32cube.ide.mcu.externaltools.gnu-tools-for-stm32.13.3.rel1.win32_1.0.0.202411081344/tools/bin/../lib/gcc/arm-none-eabi/13.3.1/../../../../arm-none-eabi/lib/thumb/v7e-m+fp/hard\libc_nano.a(libc_a-findfp.o)
                0x20000080                __sglue
 .data._impure_ptr
                0x2000008c        0x4 C:/ST/STM32CubeIDE_1.18.1/STM32CubeIDE/plugins/com.st.stm32cube.ide.mcu.externaltools.gnu-tools-for-stm32.13.3.rel1.win32_1.0.0.202411081344/tools/bin/../lib/gcc/arm-none-eabi/13.3.1/../../../../arm-none-eabi/lib/thumb/v7e-m+fp/hard\libc_nano.a(libc_a-impure.o)
                0x2000008c                _impure_ptr
 .data._impure_data
                0x20000090       0x4c C:/ST/STM32CubeIDE_1.18.1/STM32CubeIDE/plugins/com.st.stm32cube.ide.mcu.externaltools.gnu-tools-for-stm32.13.3.rel1.win32_1.0.0.202411081344/tools/bin/../lib/gcc/arm-none-eabi/13.3.1/../../../../arm-none-eabi/lib/thumb/v7e-m+fp/hard\libc_nano.a(libc_a-impure.o)
                0x20000090                _impure_data
 .data.__global_locale
                0x200000dc      0x16c C:/ST/STM32CubeIDE_1.18.1/STM32CubeIDE/plugins/com.st.stm32cube.ide.mcu.externaltools.gnu-tools-for-stm32.13.3.rel1.win32_1.0.0.202411081344/tools/bin/../lib/gcc/arm-none-eabi/13.3.1/../../../../arm-none-eabi/lib/thumb/v7e-m+fp/hard\libc_nano.a(libc_a-locale.o)
                0x200000dc                __global_locale
 *(.RamFunc)
 *(.RamFunc*)
                0x20000248                        . = ALIGN (0x4)
                0x20000248                        _edata = .

.igot.plt       0x20000248        0x0 load address 0x0800ce0c
 .igot.plt      0x20000248        0x0 C:/ST/STM32CubeIDE_1.18.1/STM32CubeIDE/plugins/com.st.stm32cube.ide.mcu.externaltools.gnu-tools-for-stm32.13.3.rel1.win32_1.0.0.202411081344/tools/bin/../lib/gcc/arm-none-eabi/13.3.1/thumb/v7e-m+fp/hard/crtbegin.o