Archive member included to satisfy reference by file (symbol)

C:/ST/STM32CubeIDE_1.18.1/STM32CubeIDE/plugins/com.st.stm32cube.ide.mcu.externaltools.gnu-tools-for-stm32.13.3.rel1.win32_1.0.0.202411081344/tools/bin/../lib/gcc/arm-none-eabi/13.3.1/../../../../arm-none-eabi/lib/thumb/v7e-m+fp/hard\libc_nano.a(libc_a-exit.o)
                              C:/ST/STM32CubeIDE_1.18.1/STM32CubeIDE/plugins/com.st.stm32cube.ide.mcu.externaltools.gnu-tools-for-stm32.13.3.rel1.win32_1.0.0.202411081344/tools/bin/../lib/gcc/arm-none-eabi/13.3.1/../../../../arm-none-eabi/lib/thumb/v7e-m+fp/hard/crt0.o (exit)
C:/ST/STM32CubeIDE_1.18.1/STM32CubeIDE/plugins/com.st.stm32cube.ide.mcu.externaltools.gnu-tools-for-stm32.13.3.rel1.win32_1.0.0.202411081344/tools/bin/../lib/gcc/arm-none-eabi/13.3.1/../../../../arm-none-eabi/lib/thumb/v7e-m+fp/hard\libc_nano.a(libc_a-malloc.o)
                              ./Core/Src/fan_management.o (malloc)
C:/ST/STM32CubeIDE_1.18.1/STM32CubeIDE/plugins/com.st.stm32cube.ide.mcu.externaltools.gnu-tools-for-stm32.13.3.rel1.win32_1.0.0.202411081344/tools/bin/../lib/gcc/arm-none-eabi/13.3.1/../../../../arm-none-eabi/lib/thumb/v7e-m+fp/hard\libc_nano.a(libc_a-mallocr.o)
                              C:/ST/STM32CubeIDE_1.18.1/STM32CubeIDE/plugins/com.st.stm32cube.ide.mcu.externaltools.gnu-tools-for-stm32.13.3.rel1.win32_1.0.0.202411081344/tools/bin/../lib/gcc/arm-none-eabi/13.3.1/../../../../arm-none-eabi/lib/thumb/v7e-m+fp/hard\libc_nano.a(libc_a-malloc.o) (_malloc_r)
C:/ST/STM32CubeIDE_1.18.1/STM32CubeIDE/plugins/com.st.stm32cube.ide.mcu.externaltools.gnu-tools-for-stm32.13.3.rel1.win32_1.0.0.202411081344/tools/bin/../lib/gcc/arm-none-eabi/13.3.1/../../../../arm-none-eabi/lib/thumb/v7e-m+fp/hard\libc_nano.a(libc_a-mlock.o)
                              C:/ST/STM32CubeIDE_1.18.1/STM32CubeIDE/plugins/com.st.stm32cube.ide.mcu.externaltools.gnu-tools-for-stm32.13.3.rel1.win32_1.0.0.202411081344/tools/bin/../lib/gcc/arm-none-eabi/13.3.1/../../../../arm-none-eabi/lib/thumb/v7e-m+fp/hard\libc_nano.a(libc_a-mallocr.o) (__malloc_lock)
C:/ST/STM32CubeIDE_1.18.1/STM32CubeIDE/plugins/com.st.stm32cube.ide.mcu.externaltools.gnu-tools-for-stm32.13.3.rel1.win32_1.0.0.202411081344/tools/bin/../lib/gcc/arm-none-eabi/13.3.1/../../../../arm-none-eabi/lib/thumb/v7e-m+fp/hard\libc_nano.a(libc_a-qsort.o)
                              ./Core/Src/fan_management.o (qsort)
C:/ST/STM32CubeIDE_1.18.1/STM32CubeIDE/plugins/com.st.stm32cube.ide.mcu.externaltools.gnu-tools-for-stm32.13.3.rel1.win32_1.0.0.202411081344/tools/bin/../lib/gcc/arm-none-eabi/13.3.1/../../../../arm-none-eabi/lib/thumb/v7e-m+fp/hard\libc_nano.a(libc_a-nano-vfprintf_float.o)
                              (_printf_float)
C:/ST/STM32CubeIDE_1.18.1/STM32CubeIDE/plugins/com.st.stm32cube.ide.mcu.externaltools.gnu-tools-for-stm32.13.3.rel1.win32_1.0.0.202411081344/tools/bin/../lib/gcc/arm-none-eabi/13.3.1/../../../../arm-none-eabi/lib/thumb/v7e-m+fp/hard\libc_nano.a(libc_a-nano-vfprintf_i.o)
                              C:/ST/STM32CubeIDE_1.18.1/STM32CubeIDE/plugins/com.st.stm32cube.ide.mcu.externaltools.gnu-tools-for-stm32.13.3.rel1.win32_1.0.0.202411081344/tools/bin/../lib/gcc/arm-none-eabi/13.3.1/../../../../arm-none-eabi/lib/thumb/v7e-m+fp/hard\libc_nano.a(libc_a-nano-vfprintf_float.o) (_printf_common)
C:/ST/STM32CubeIDE_1.18.1/STM32CubeIDE/plugins/com.st.stm32cube.ide.mcu.externaltools.gnu-tools-for-stm32.13.3.rel1.win32_1.0.0.202411081344/tools/bin/../lib/gcc/arm-none-eabi/13.3.1/../../../../arm-none-eabi/lib/thumb/v7e-m+fp/hard\libc_nano.a(libc_a-findfp.o)
                              C:/ST/STM32CubeIDE_1.18.1/STM32CubeIDE/plugins/com.st.stm32cube.ide.mcu.externaltools.gnu-tools-for-stm32.13.3.rel1.win32_1.0.0.202411081344/tools/bin/../lib/gcc/arm-none-eabi/13.3.1/../../../../arm-none-eabi/lib/thumb/v7e-m+fp/hard\libc_nano.a(libc_a-exit.o) (__stdio_exit_handler)
C:/ST/STM32CubeIDE_1.18.1/STM32CubeIDE/plugins/com.st.stm32cube.ide.mcu.externaltools.gnu-tools-for-stm32.13.3.rel1.win32_1.0.0.202411081344/tools/bin/../lib/gcc/arm-none-eabi/13.3.1/../../../../arm-none-eabi/lib/thumb/v7e-m+fp/hard\libc_nano.a(libc_a-fwalk.o)
                              C:/ST/STM32CubeIDE_1.18.1/STM32CubeIDE/plugins/com.st.stm32cube.ide.mcu.externaltools.gnu-tools-for-stm32.13.3.rel1.win32_1.0.0.202411081344/tools/bin/../lib/gcc/arm-none-eabi/13.3.1/../../../../arm-none-eabi/lib/thumb/v7e-m+fp/hard\libc_nano.a(libc_a-findfp.o) (_fwalk_sglue)
C:/ST/STM32CubeIDE_1.18.1/STM32CubeIDE/plugins/com.st.stm32cube.ide.mcu.externaltools.gnu-tools-for-stm32.13.3.rel1.win32_1.0.0.202411081344/tools/bin/../lib/gcc/arm-none-eabi/13.3.1/../../../../arm-none-eabi/lib/thumb/v7e-m+fp/hard\libc_nano.a(libc_a-snprintf.o)
                              ./Core/Src/time_rtc.o (snprintf)
[...]
Memory Configuration

Name             Origin             Length             Attributes
RAM              0x20000000         0x00040000         xrw
FLASH            0x08000000         0x00080000         xr
*default*        0x00000000         0xffffffff

Linker script and memory map

LOAD C:/ST/STM32CubeIDE_1.18.1/STM32CubeIDE/plugins/com.st.stm32cube.ide.mcu.externaltools.gnu-tools-for-stm32.13.3.rel1.win32_1.0.0.202411081344/tools/bin/../lib/gcc/arm-none-eabi/13.3.1/thumb/v7e-m+fp/hard/crti.o
LOAD C:/ST/STM32CubeIDE_1.18.1/STM32CubeIDE/plugins/com.st.stm32cube.ide.mcu.externaltools.gnu-tools-for-stm32.13.3.rel1.win32_1.0.0.202411081344/tools/bin/../lib/gcc/arm-none-eabi/13.3.1/thumb/v7e-m+fp/hard/crtbegin.o
LOAD C:/ST/STM32CubeIDE_1.18.1/STM32CubeIDE/plugins/com.st.stm32cube.ide.mcu.externaltools.gnu-tools-for-stm32.13.3.rel1.win32_1.0.0.202411081344/tools/bin/../lib/gcc/arm-none-eabi/13.3.1/../../../../arm-none-eabi/lib/thumb/v7e-m+fp/hard/crt0.o
LOAD ./Core/Inc/dbc/ams.o
LOAD ./Core/Src/bms_cmdlist.o
LOAD ./Core/Src/bms_libWrapper.o
LOAD ./Core/Src/bms_mcuWrapper.o
LOAD ./Core/Src/bms_utility.o
LOAD ./Core/Src/brain.o
LOAD ./Core/Src/can.o
LOAD ./Core/Src/contactors.o
LOAD ./Core/Src/ee24.o
LOAD ./Core/Src/eeprom_utils.o
LOAD ./Core/Src/fan_management.o
LOAD ./Core/Src/isa_ivt-s.o
LOAD ./Core/Src/main.o
LOAD ./Core/Src/precharge.o
LOAD ./Core/Src/stm32f4xx_hal_msp.o
LOAD ./Core/Src/stm32f4xx_it.o
LOAD ./Core/Src/syscalls.o
LOAD ./Core/Src/sysmem.o
LOAD ./Core/Src/system_stm32f4xx.o
LOAD ./Core/Src/temperatures.o
LOAD ./Core/Src/time_rtc.o
LOAD ./Core/Src/uartDMA.o
LOAD ./Core/Src/version.o
LOAD ./Core/Startup/startup_stm32f412retx.o
LOAD ./Drivers/STM32F4xx_HAL_Driver/Src/stm32f4xx_hal.o
LOAD ./Drivers/STM32F4xx_HAL_Driver/Src/stm32f4xx_hal_adc.o
LOAD ./Drivers/STM32F4xx_HAL_Driver/Src/stm32f4xx_hal_adc_ex.o
LOAD ./Drivers/STM32F4xx_HAL_Driver/Src/stm32f4xx_hal_can.o
LOAD ./Drivers/STM32F4xx_HAL_Driver/Src/stm32f4xx_hal_cortex.o
LOAD ./Drivers/STM32F4xx_HAL_Driver/Src/stm32f4xx_hal_dma.o
LOAD ./Drivers/STM32F4xx_HAL_Driver/Src/stm32f4xx_hal_dma_ex.o
LOAD ./Drivers/STM32F4xx_HAL_Driver/Src/stm32f4xx_hal_exti.o
LOAD ./Drivers/STM32F4xx_HAL_Driver/Src/stm32f4xx_hal_flash.o
LOAD ./Drivers/STM32F4xx_HAL_Driver/Src/stm32f4xx_hal_flash_ex.o
LOAD ./Drivers/STM32F4xx_HAL_Driver/Src/stm32f4xx_hal_flash_ramfunc.o
LOAD ./Drivers/STM32F4xx_HAL_Driver/Src/stm32f4xx_hal_gpio.o
LOAD ./Drivers/STM32F4xx_HAL_Driver/Src/stm32f4xx_hal_i2c.o
LOAD ./Drivers/STM32F4xx_HAL_Driver/Src/stm32f4xx_hal_i2c_ex.o
LOAD ./Drivers/STM32F4xx_HAL_Driver/Src/stm32f4xx_hal_pwr.o
LOAD ./Drivers/STM32F4xx_HAL_Driver/Src/stm32f4xx_hal_pwr_ex.o
LOAD ./Drivers/STM32F4xx_HAL_Driver/Src/stm32f4xx_hal_rcc.o
LOAD ./Drivers/STM32F4xx_HAL_Driver/Src/stm32f4xx_hal_rcc_ex.o
LOAD ./Drivers/STM32F4xx_HAL_Driver/Src/stm32f4xx_hal_rtc.o
LOAD ./Drivers/STM32F4xx_HAL_Driver/Src/stm32f4xx_hal_rtc_ex.o
LOAD ./Drivers/STM32F4xx_HAL_Driver/Src/stm32f4xx_hal_spi.o
LOAD ./Drivers/STM32F4xx_HAL_Driver/Src/stm32f4xx_hal_tim.o
LOAD ./Drivers/STM32F4xx_HAL_Driver/Src/stm32f4xx_hal_tim_ex.o
LOAD ./Drivers/STM32F4xx_HAL_Driver/Src/stm32f4xx_hal_uart.o
LOAD ./Drivers/STM32F4xx_HAL_Driver/Src/stm32f4xx_ll_adc.o
START GROUP
LOAD C:/ST/STM32CubeIDE_1.18.1/STM32CubeIDE/plugins/com.st.stm32cube.ide.mcu.externaltools.gnu-tools-for-stm32.13.3.rel1.win32_1.0.0.202411081344/tools/bin/../lib/gcc/arm-none-eabi/13.3.1/../../../../arm-none-eabi/lib/thumb/v7e-m+fp/hard\libc_nano.a
LOAD C:/ST/STM32CubeIDE_1.18.1/STM32CubeIDE/plugins/com.st.stm32cube.ide.mcu.externaltools.gnu-tools-for-stm32.13.3.rel1.win32_1.0.0.202411081344/tools/bin/../lib/gcc/arm-none-eabi/13.3.1/../../../../arm-none-eabi/lib/thumb/v7e-m+fp/hard\libm.a
END GROUP
START GROUP
LOAD C:/ST/STM32CubeIDE_1.18.1/STM32CubeIDE/plugins/com.st.stm32cube.ide.mcu.externaltools.gnu-tools-for-stm32.13.3.rel1.win32_1.0.0.202411081344/tools/bin/../lib/gcc/arm-none-eabi/13.3.1/thumb/v7e-m+fp/hard\libgcc.a
LOAD C:/ST/STM32CubeIDE_1.18.1/STM32CubeIDE/plugins/com.st.stm32cube.ide.mcu.externaltools.gnu-tools-for-stm32.13.3.rel1.win32_1.0.0.202411081344/tools/bin/../lib/gcc/arm-none-eabi/13.3.1/../../../../arm-none-eabi/lib/thumb/v7e-m+fp/hard\libc_nano.a
END GROUP
START GROUP
LOAD C:/ST/STM32CubeIDE_1.18.1/STM32CubeIDE/plugins/com.st.stm32cube.ide.mcu.externaltools.gnu-tools-for-stm32.13.3.rel1.win32_1.0.0.202411081344/tools/bin/../lib/gcc/arm-none-eabi/13.3.1/thumb/v7e-m+fp/hard\libgcc.a
LOAD C:/ST/STM32CubeIDE_1.18.1/STM32CubeIDE/plugins/com.st.stm32cube.ide.mcu.externaltools.gnu-tools-for-stm32.13.3.rel1.win32_1.0.0.202411081344/tools/bin/../lib/gcc/arm-none-eabi/13.3.1/../../../../arm-none-eabi/lib/thumb/v7e-m+fp/hard\libc_nano.a
LOAD C:/ST/STM32CubeIDE_1.18.1/STM32CubeIDE/plugins/com.st.stm32cube.ide.mcu.externaltools.gnu-tools-for-stm32.13.3.rel1.win32_1.0.0.202411081344/tools/bin/../lib/gcc/arm-none-eabi/13.3.1/../../../../arm-none-eabi/lib/thumb/v7e-m+fp/hard\libnosys.a
END GROUP
START GROUP
LOAD C:/ST/STM32CubeIDE_1.18.1/STM32CubeIDE/plugins/com.st.stm32cube.ide.mcu.externaltools.gnu-tools-for-stm32.13.3.rel1.win32_1.0.0.202411081344/tools/bin/../lib/gcc/arm-none-eabi/13.3.1/thumb/v7e-m+fp/hard\libgcc.a
LOAD C:/ST/STM32CubeIDE_1.18.1/STM32CubeIDE/plugins/com.st.stm32cube.ide.mcu.externaltools.gnu-tools-for-stm32.13.3.rel1.win32_1.0.0.202411081344/tools/bin/../lib/gcc/arm-none-eabi/13.3.1/../../../../arm-none-eabi/lib/thumb/v7e-m+fp/hard\libc_nano.a
LOAD C:/ST/STM32CubeIDE_1.18.1/STM32CubeIDE/plugins/com.st.stm32cube.ide.mcu.externaltools.gnu-tools-for-stm32.13.3.rel1.win32_1.0.0.202411081344/tools/bin/../lib/gcc/arm-none-eabi/13.3.1/../../../../arm-none-eabi/lib/thumb/v7e-m+fp/hard\libnosys.a
END GROUP
LOAD C:/ST/STM32CubeIDE_1.18.1/STM32CubeIDE/plugins/com.st.stm32cube.ide.mcu.externaltools.gnu-tools-for-stm32.13.3.rel1.win32_1.0.0.202411081344/tools/bin/../lib/gcc/arm-none-eabi/13.3.1/thumb/v7e-m+fp/hard/crtend.o
LOAD C:/ST/STM32CubeIDE_1.18.1/STM32CubeIDE/plugins/com.st.stm32cube.ide.mcu.externaltools.gnu-tools-for-stm32.13.3.rel1.win32_1.0.0.202411081344/tools/bin/../lib/gcc/arm-none-eabi/13.3.1/thumb/v7e-m+fp/hard/crtn.o
                0x20040000                        _estack = (ORIGIN (RAM) + LENGTH (RAM))
                0x00000200                        _Min_Heap_Size = 0x200
                0x00000400                        _Min_Stack_Size = 0x400

.isr_vector     0x08000000      0x1c4
                0x08000000                        . = ALIGN (0x4)
 *(.isr_vector)
 .isr_vector    0x08000000      0x1c4 ./Core/Startup/startup_stm32f412retx.o
                0x08000000                g_pfnVectors
                0x080001c4                        . = ALIGN (0x4)

.text           0x080001d0    0x17054
                0x080001d0                        . = ALIGN (0x4)
 *(.text)
 .text          0x080001d0       0x40 C:/ST/STM32CubeIDE_1.18.1/STM32CubeIDE/plugins/com.st.stm32cube.ide.mcu.externaltools.gnu-tools-for-stm32.13.3.rel1.win32_1.0.0.202411081344/tools/bin/../lib/gcc/arm-none-eabi/13.3.1/thumb/v7e-m+fp/hard/crtbegin.o
 .text          0x08000210       0xa0 C:/ST/STM32CubeIDE_1.18.1/STM32CubeIDE/plugins/com.st.stm32cube.ide.mcu.externaltools.gnu-tools-for-stm32.13.3.rel1.win32_1.0.0.202411081344/tools/bin/../lib/gcc/arm-none-eabi/13.3.1/../../../../arm-none-eabi/lib/thumb/v7e-m+fp/hard\libc_nano.a(libc_a-memchr.o)
                0x08000210                memchr
 .text          0x080002b0       0x10 C:/ST/STM32CubeIDE_1.18.1/STM32CubeIDE/plugins/com.st.stm32cube.ide.mcu.externaltools.gnu-tools-for-stm32.13.3.rel1.win32_1.0.0.202411081344/tools/bin/../lib/gcc/arm-none-eabi/13.3.1/../../../../arm-none-eabi/lib/thumb/v7e-m+fp/hard\libc_nano.a(libc_a-strlen.o)
                0x080002b0                strlen
 .text          0x080002c0      0x378 C:/ST/STM32CubeIDE_1.18.1/STM32CubeIDE/plugins/com.st.stm32cube.ide.mcu.externaltools.gnu-tools-for-stm32.13.3.rel1.win32_1.0.0.202411081344/tools/bin/../lib/gcc/arm-none-eabi/13.3.1/thumb/v7e-m+fp/hard\libgcc.a(_arm_addsubdf3.o)
                0x080002c0                __aeabi_drsub
                0x080002c8                __aeabi_dsub
                0x080002c8                __subdf3
                0x080002cc                __aeabi_dadd
                0x080002cc                __adddf3
                0x08000544                __floatunsidf
                0x08000544                __aeabi_ui2d
                0x08000564                __floatsidf
                0x08000564                __aeabi_i2d
                0x08000588                __aeabi_f2d
                0x08000588                __extendsfdf2
                0x080005cc                __floatundidf
                0x080005cc                __aeabi_ul2d
                0x080005dc                __floatdidf
                0x080005dc                __aeabi_l2d
 .text          0x08000638      0x424 C:/ST/STM32CubeIDE_1.18.1/STM32CubeIDE/plugins/com.st.stm32cube.ide.mcu.externaltools.gnu-tools-for-stm32.13.3.rel1.win32_1.0.0.202411081344/tools/bin/../lib/gcc/arm-none-eabi/13.3.1/thumb/v7e-m+fp/hard\libgcc.a(_arm_muldivdf3.o)
                0x08000638                __aeabi_dmul
                0x08000638                __muldf3
                0x0800088c                __divdf3
                0x0800088c                __aeabi_ddiv
 .text          0x08000a5c      0x110 C:/ST/STM32CubeIDE_1.18.1/STM32CubeIDE/plugins/com.st.stm32cube.ide.mcu.externaltools.gnu-tools-for-stm32.13.3.rel1.win32_1.0.0.202411081344/tools/bin/../lib/gcc/arm-none-eabi/13.3.1/thumb/v7e-m+fp/hard\libgcc.a(_arm_cmpdf2.o)
                0x08000a5c                __gtdf2
                0x08000a5c                __gedf2
                0x08000a64                __ltdf2
                0x08000a64                __ledf2
                0x08000a6c                __nedf2
                0x08000a6c                __eqdf2
                0x08000a6c                __cmpdf2
                0x08000ae8                __aeabi_cdrcmple
                0x08000af8                __aeabi_cdcmpeq
                0x08000af8                __aeabi_cdcmple
                0x08000b08                __aeabi_dcmpeq
                0x08000b1c                __aeabi_dcmplt
                0x08000b30                __aeabi_dcmple
                0x08000b44                __aeabi_dcmpge
                0x08000b58                __aeabi_dcmpgt
 .text          0x08000b6c       0x2c C:/ST/STM32CubeIDE_1.18.1/STM32CubeIDE/plugins/com.st.stm32cube.ide.mcu.externaltools.gnu-tools-for-stm32.13.3.rel1.win32_1.0.0.202411081344/tools/bin/../lib/gcc/arm-none-eabi/13.3.1/thumb/v7e-m+fp/hard\libgcc.a(_arm_unorddf2.o)
                0x08000b6c                __unorddf2
                0x08000b6c                __aeabi_dcmpun
 .text          0x08000b98       0x50 C:/ST/STM32CubeIDE_1.18.1/STM32CubeIDE/plugins/com.st.stm32cube.ide.mcu.externaltools.gnu-tools-for-stm32.13.3.rel1.win32_1.0.0.202411081344/tools/bin/../lib/gcc/arm-none-eabi/13.3.1/thumb/v7e-m+fp/hard\libgcc.a(_arm_fixdfsi.o)
                0x08000b98                __aeabi_d2iz
                0x08000b98                __fixdfsi
 .text          0x08000be8       0xa0 C:/ST/STM32CubeIDE_1.18.1/STM32CubeIDE/plugins/com.st.stm32cube.ide.mcu.externaltools.gnu-tools-for-stm32.13.3.rel1.win32_1.0.0.202411081344/tools/bin/../lib/gcc/arm-none-eabi/13.3.1/thumb/v7e-m+fp/hard\libgcc.a(_arm_truncdfsf2.o)
                0x08000be8                __truncdfsf2
                0x08000be8                __aeabi_d2f
 .text          0x08000c88       0x30 C:/ST/STM32CubeIDE_1.18.1/STM32CubeIDE/plugins/com.st.stm32cube.ide.mcu.externaltools.gnu-tools-for-stm32.13.3.rel1.win32_1.0.0.202411081344/tools/bin/../lib/gcc/arm-none-eabi/13.3.1/thumb/v7e-m+fp/hard\libgcc.a(_aeabi_uldivmod.o)
                0x08000c88                __aeabi_uldivmod
 .text          0x08000cb8      0x2f8 C:/ST/STM32CubeIDE_1.18.1/STM32CubeIDE/plugins/com.st.stm32cube.ide.mcu.externaltools.gnu-tools-for-stm32.13.3.rel1.win32_1.0.0.202411081344/tools/bin/../lib/gcc/arm-none-eabi/13.3.1/thumb/v7e-m+fp/hard\libgcc.a(_udivmoddi4.o)
                0x08000cb8                __udivmoddi4
 .text          0x08000fb0        0x4 C:/ST/STM32CubeIDE_1.18.1/STM32CubeIDE/plugins/com.st.stm32cube.ide.mcu.externaltools.gnu-tools-for-stm32.13.3.rel1.win32_1.0.0.202411081344/tools/bin/../lib/gcc/arm-none-eabi/13.3.1/thumb/v7e-m+fp/hard\libgcc.a(_dvmd_tls.o)
                0x08000fb0                __aeabi_idiv0
                0x08000fb0                __aeabi_ldiv0
 *(.text*)
 .text.pack_left_shift_u16
                0x08000fb4       0x2e ./Core/Inc/dbc/ams.o
 .text.pack_right_shift_u16
                0x08000fe2       0x2e ./Core/Inc/dbc/ams.o
 .text.unpack_right_shift_u8
                0x08001010       0x30 ./Core/Inc/dbc/ams.o
 .text.ams_slave_01_voltage_id_1_pack
                0x08001040      0x138 ./Core/Inc/dbc/ams.o
                0x08001040                ams_slave_01_voltage_id_1_pack
 .text.ams_slave_01_voltage_id_2_pack
                0x08001178      0x138 ./Core/Inc/dbc/ams.o
                0x08001178                ams_slave_01_voltage_id_2_pack
 .text.ams_slave_01_voltage_id_3_pack
                0x080012b0      0x138 ./Core/Inc/dbc/ams.o
                0x080012b0                ams_slave_01_voltage_id_3_pack
 .text.ams_slave_01_temperature_id_1_pack
                0x080013e8      0x138 ./Core/Inc/dbc/ams.o
                0x080013e8                ams_slave_01_temperature_id_1_pack
 .text.ams_slave_01_temperature_id_2_pack
                0x08001520      0x138 ./Core/Inc/dbc/ams.o
                0x08001520                ams_slave_01_temperature_id_2_pack
 .text.ams_slave_01_temperature_id_3_pack
                0x08001658      0x138 ./Core/Inc/dbc/ams.o
                0x08001658                ams_slave_01_temperature_id_3_pack
 .text.ams_slave_02_voltage_id_1_pack
                0x08001790      0x138 ./Core/Inc/dbc/ams.o
                0x08001790                ams_slave_02_voltage_id_1_pack
 .text.ams_slave_02_voltage_id_2_pack
                0x080018c8      0x138 ./Core/Inc/dbc/ams.o
                0x080018c8                ams_slave_02_voltage_id_2_pack
 .text.ams_slave_02_voltage_id_3_pack
                0x08001a00      0x138 ./Core/Inc/dbc/ams.o
                0x08001a00                ams_slave_02_voltage_id_3_pack
 .text.ams_slave_02_temperature_id_1_pack
                0x08001b38      0x138 ./Core/Inc/dbc/ams.o
                0x08001b38                ams_slave_02_temperature_id_1_pack
 .text.ams_slave_02_temperature_id_2_pack
                0x08001c70      0x138 ./Core/Inc/dbc/ams.o
                0x08001c70                ams_slave_02_temperature_id_2_pack
 .text.ams_slave_02_temperature_id_3_pack
                0x08001da8      0x138 ./Core/Inc/dbc/ams.o
                0x08001da8                ams_slave_02_temperature_id_3_pack
 .text.ams_slave_03_voltage_id_1_pack
                0x08001ee0      0x138 ./Core/Inc/dbc/ams.o
                0x08001ee0                ams_slave_03_voltage_id_1_pack
 .text.ams_slave_03_voltage_id_2_pack
                0x08002018      0x138 ./Core/Inc/dbc/ams.o
                0x08002018                ams_slave_03_voltage_id_2_pack
 .text.ams_slave_03_voltage_id_3_pack
                0x08002150      0x138 ./Core/Inc/dbc/ams.o
                0x08002150                ams_slave_03_voltage_id_3_pack
 .text.ams_slave_03_temperature_id_1_pack
                0x08002288      0x138 ./Core/Inc/dbc/ams.o
                0x08002288                ams_slave_03_temperature_id_1_pack
 .text.ams_slave_03_temperature_id_2_pack
                0x080023c0      0x138 ./Core/Inc/dbc/ams.o
                0x080023c0                ams_slave_03_temperature_id_2_pack
 .text.ams_slave_03_temperature_id_3_pack
                0x080024f8      0x138 ./Core/Inc/dbc/ams.o
                0x080024f8                ams_slave_03_temperature_id_3_pack
 .text.ams_slave_04_voltage_id_1_pack
                0x08002630      0x138 ./Core/Inc/dbc/ams.o
                0x08002630                ams_slave_04_voltage_id_1_pack
 .text.ams_slave_04_voltage_id_2_pack
                0x08002768      0x138 ./Core/Inc/dbc/ams.o
                0x08002768                ams_slave_04_voltage_id_2_pack
 .text.ams_slave_04_voltage_id_3_pack
                0x080028a0      0x138 ./Core/Inc/dbc/ams.o
                0x080028a0                ams_slave_04_voltage_id_3_pack
 .text.ams_slave_04_temperature_id_1_pack
                0x080029d8      0x138 ./Core/Inc/dbc/ams.o
                0x080029d8                ams_slave_04_temperature_id_1_pack
 .text.ams_slave_04_temperature_id_2_pack
                0x08002b10      0x138 ./Core/Inc/dbc/ams.o
                0x08002b10                ams_slave_04_temperature_id_2_pack
 .text.ams_slave_04_temperature_id_3_pack
                0x08002c48      0x138 ./Core/Inc/dbc/ams.o
                0x08002c48                ams_slave_04_temperature_id_3_pack
 .text.ams_slave_05_voltage_id_1_pack
                0x08002d80      0x138 ./Core/Inc/dbc/ams.o
                0x08002d80                ams_slave_05_voltage_id_1_pack
 .text.ams_slave_05_voltage_id_2_pack
                0x08002eb8      0x138 ./Core/Inc/dbc/ams.o
                0x08002eb8                ams_slave_05_voltage_id_2_pack
 .text.ams_slave_05_voltage_id_3_pack
                0x08002ff0      0x138 ./Core/Inc/dbc/ams.o
                0x08002ff0                ams_slave_05_voltage_id_3_pack
 .text.ams_slave_05_temperature_id_1_pack
                0x08003128      0x138 ./Core/Inc/dbc/ams.o
                0x08003128                ams_slave_05_temperature_id_1_pack
 .text.ams_slave_05_temperature_id_2_pack
                0x08003260      0x138 ./Core/Inc/dbc/ams.o
                0x08003260                ams_slave_05_temperature_id_2_pack
 .text.ams_slave_05_temperature_id_3_pack
                0x08003398      0x138 ./Core/Inc/dbc/ams.o
                0x08003398                ams_slave_05_temperature_id_3_pack
 .text.ams_slave_06_voltage_id_1_pack
                0x080034d0      0x138 ./Core/Inc/dbc/ams.o
                0x080034d0                ams_slave_06_voltage_id_1_pack
 .text.ams_slave_06_voltage_id_2_pack
                0x08003608      0x138 ./Core/Inc/dbc/ams.o
                0x08003608                ams_slave_06_voltage_id_2_pack
 .text.ams_slave_06_voltage_id_3_pack
                0x08003740      0x138 ./Core/Inc/dbc/ams.o
                0x08003740                ams_slave_06_voltage_id_3_pack
 .text.ams_slave_06_temperature_id_1_pack
                0x08003878      0x138 ./Core/Inc/dbc/ams.o
                0x08003878                ams_slave_06_temperature_id_1_pack
 .text.ams_slave_06_temperature_id_2_pack
                0x080039b0      0x138 ./Core/Inc/dbc/ams.o
                0x080039b0                ams_slave_06_temperature_id_2_pack
 .text.ams_slave_06_temperature_id_3_pack
                0x08003ae8      0x138 ./Core/Inc/dbc/ams.o
                0x08003ae8                ams_slave_06_temperature_id_3_pack
 .text.ams_slave_07_voltage_id_1_pack
                0x08003c20      0x138 ./Core/Inc/dbc/ams.o
                0x08003c20                ams_slave_07_voltage_id_1_pack
 .text.ams_slave_07_voltage_id_2_pack
                0x08003d58      0x138 ./Core/Inc/dbc/ams.o
                0x08003d58                ams_slave_07_voltage_id_2_pack
 .text.ams_slave_07_voltage_id_3_pack
                0x08003e90      0x138 ./Core/Inc/dbc/ams.o
                0x08003e90                ams_slave_07_voltage_id_3_pack
 .text.ams_slave_07_temperature_id_1_pack
                0x08003fc8      0x138 ./Core/Inc/dbc/ams.o
                0x08003fc8                ams_slave_07_temperature_id_1_pack
 .text.ams_slave_07_temperature_id_2_pack
                0x08004100      0x138 ./Core/Inc/dbc/ams.o
                0x08004100                ams_slave_07_temperature_id_2_pack
 .text.ams_slave_07_temperature_id_3_pack
                0x08004238      0x138 ./Core/Inc/dbc/ams.o
                0x08004238                ams_slave_07_temperature_id_3_pack
 .text.ams_slave_08_voltage_id_1_pack
                0x08004370      0x138 ./Core/Inc/dbc/ams.o
                0x08004370                ams_slave_08_voltage_id_1_pack
 .text.ams_slave_08_voltage_id_2_pack
                0x080044a8      0x138 ./Core/Inc/dbc/ams.o
                0x080044a8                ams_slave_08_voltage_id_2_pack
 .text.ams_slave_08_voltage_id_3_pack
                0x080045e0      0x138 ./Core/Inc/dbc/ams.o
                0x080045e0                ams_slave_08_voltage_id_3_pack
 .text.ams_slave_08_temperature_id_1_pack
                0x08004718      0x138 ./Core/Inc/dbc/ams.o
                0x08004718                ams_slave_08_temperature_id_1_pack
 .text.ams_slave_08_temperature_id_2_pack
                0x08004850      0x138 ./Core/Inc/dbc/ams.o
                0x08004850                ams_slave_08_temperature_id_2_pack
 .text.ams_slave_08_temperature_id_3_pack
                0x08004988      0x138 ./Core/Inc/dbc/ams.o
                0x08004988                ams_slave_08_temperature_id_3_pack
 .text.ams_slave_09_voltage_id_1_pack
                0x08004ac0      0x138 ./Core/Inc/dbc/ams.o
                0x08004ac0                ams_slave_09_voltage_id_1_pack
 .text.ams_slave_09_voltage_id_2_pack
                0x08004bf8      0x138 ./Core/Inc/dbc/ams.o
                0x08004bf8                ams_slave_09_voltage_id_2_pack
 .text.ams_slave_09_voltage_id_3_pack
                0x08004d30      0x138 ./Core/Inc/dbc/ams.o
                0x08004d30                ams_slave_09_voltage_id_3_pack
 .text.ams_slave_09_temperature_id_1_pack
                0x08004e68      0x138 ./Core/Inc/dbc/ams.o
                0x08004e68                ams_slave_09_temperature_id_1_pack
 .text.ams_slave_09_temperature_id_2_pack
                0x08004fa0      0x138 ./Core/Inc/dbc/ams.o
                0x08004fa0                ams_slave_09_temperature_id_2_pack
 .text.ams_slave_09_temperature_id_3_pack
                0x080050d8      0x138 ./Core/Inc/dbc/ams.o
                0x080050d8                ams_slave_09_temperature_id_3_pack
 .text.ams_slave_10_voltage_id_1_pack
                0x08005210      0x138 ./Core/Inc/dbc/ams.o
                0x08005210                ams_slave_10_voltage_id_1_pack
 .text.ams_slave_10_voltage_id_2_pack
                0x08005348      0x138 ./Core/Inc/dbc/ams.o
                0x08005348                ams_slave_10_voltage_id_2_pack
 .text.ams_slave_10_voltage_id_3_pack
                0x08005480      0x138 ./Core/Inc/dbc/ams.o
                0x08005480                ams_slave_10_voltage_id_3_pack
 .text.ams_slave_10_temperature_id_1_pack
                0x080055b8      0x138 ./Core/Inc/dbc/ams.o
                0x080055b8                ams_slave_10_temperature_id_1_pack
 .text.ams_slave_10_temperature_id_2_pack
                0x080056f0      0x138 ./Core/Inc/dbc/ams.o
                0x080056f0                ams_slave_10_temperature_id_2_pack
 .text.ams_slave_10_temperature_id_3_pack
                0x08005828      0x138 ./Core/Inc/dbc/ams.o
                0x08005828                ams_slave_10_temperature_id_3_pack
 .text.ams_slave_11_voltage_id_1_pack
                0x08005960      0x138 ./Core/Inc/dbc/ams.o
                0x08005960                ams_slave_11_voltage_id_1_pack
 .text.ams_slave_11_voltage_id_2_pack
                0x08005a98      0x138 ./Core/Inc/dbc/ams.o
                0x08005a98                ams_slave_11_voltage_id_2_pack
 .text.ams_slave_11_voltage_id_3_pack
                0x08005bd0      0x138 ./Core/Inc/dbc/ams.o
                0x08005bd0                ams_slave_11_voltage_id_3_pack
 .text.ams_slave_11_temperature_id_1_pack
                0x08005d08      0x138 ./Core/Inc/dbc/ams.o
                0x08005d08                ams_slave_11_temperature_id_1_pack
 .text.ams_slave_11_temperature_id_2_pack
                0x08005e40      0x138 ./Core/Inc/dbc/ams.o
                0x08005e40                ams_slave_11_temperature_id_2_pack
 .text.ams_slave_11_temperature_id_3_pack
                0x08005f78      0x138 ./Core/Inc/dbc/ams.o
                0x08005f78                ams_slave_11_temperature_id_3_pack
 .text.ams_slave_12_voltage_id_1_pack
                0x080060b0      0x138 ./Core/Inc/dbc/ams.o
                0x080060b0                ams_slave_12_voltage_id_1_pack
 .text.ams_slave_12_voltage_id_2_pack
                0x080061e8      0x138 ./Core/Inc/dbc/ams.o
                0x080061e8                ams_slave_12_voltage_id_2_pack
 .text.ams_slave_12_voltage_id_3_pack
                0x08006320      0x138 ./Core/Inc/dbc/ams.o
                0x08006320                ams_slave_12_voltage_id_3_pack
 .text.ams_slave_12_temperature_id_1_pack
                0x08006458      0x138 ./Core/Inc/dbc/ams.o
                0x08006458                ams_slave_12_temperature_id_1_pack
 .text.ams_slave_12_temperature_id_2_pack
                0x08006590      0x138 ./Core/Inc/dbc/ams.o
                0x08006590                ams_slave_12_temperature_id_2_pack
 .text.ams_slave_12_temperature_id_3_pack
                0x080066c8      0x138 ./Core/Inc/dbc/ams.o
                0x080066c8                ams_slave_12_temperature_id_3_pack
 .text.ams_start_pre_charge_unpack
                0x08006800       0x38 ./Core/Inc/dbc/ams.o
                0x08006800                ams_start_pre_charge_unpack
 .text.bms_resetConfig
                0x08006838       0x84 ./Core/Src/bms_libWrapper.o
                0x08006838                bms_resetConfig
 .text.bms_init
                0x080068bc        0xc ./Core/Src/bms_libWrapper.o
                0x080068bc                bms_init
 .text.bms_printRawData
                0x080068c8       0x88 ./Core/Src/bms_libWrapper.o
                0x080068c8                bms_printRawData
 .text.bms_checkRxFault
                0x08006950       0x84 ./Core/Src/bms_libWrapper.o
                0x08006950                bms_checkRxFault
 .text.bms_readSid
                0x080069d4       0x40 ./Core/Src/bms_libWrapper.o
                0x080069d4                bms_readSid
 .text.bms_startAdcvCont
                0x08006a14       0x44 ./Core/Src/bms_libWrapper.o
                0x08006a14                bms_startAdcvCont
 .text.bms_parseVoltage
                0x08006a58       0xcc ./Core/Src/bms_libWrapper.o
                0x08006a58                bms_parseVoltage
 *fill*         0x08006b24        0x4 
 .text.bms_parseAuxVoltage
                0x08006b28      0x1c8 ./Core/Src/bms_libWrapper.o
                0x08006b28                bms_parseAuxVoltage
 .text.bms_calculateStats
                0x08006cf0      0x118 ./Core/Src/bms_libWrapper.o
                0x08006cf0                bms_calculateStats
 .text.bms_readAvgCellVoltage
                0x08006e08       0x80 ./Core/Src/bms_libWrapper.o
                0x08006e08                bms_readAvgCellVoltage
 .text.bms_readSVoltage
                0x08006e88       0x7c ./Core/Src/bms_libWrapper.o
                0x08006e88                bms_readSVoltage
 .text.bms_getAuxVoltage
                0x08006f04       0x80 ./Core/Src/bms_libWrapper.o
                0x08006f04                bms_getAuxVoltage
 *fill*         0x08006f84        0x4 
 .text.convertCellTemp
                0x08006f88      0x118 ./Core/Src/bms_libWrapper.o
                0x08006f88                convertCellTemp
 .text.bms_parseTemps
                0x080070a0       0x78 ./Core/Src/bms_libWrapper.o
                0x080070a0                bms_parseTemps
 .text.bms_getAuxMeasurement
                0x08007118       0x54 ./Core/Src/bms_libWrapper.o
                0x08007118                bms_getAuxMeasurement
 .text.bms_calculateBalancing
                0x0800716c       0xd4 ./Core/Src/bms_libWrapper.o
                0x0800716c                bms_calculateBalancing
 .text.bms_stopDischarge
                0x08007240       0x20 ./Core/Src/bms_libWrapper.o
                0x08007240                bms_stopDischarge
 .text.send_ad68_ui
                0x08007260      0x5d0 ./Core/Src/bms_libWrapper.o
                0x08007260                send_ad68_ui
 .text.Slaves_CAN_SendMessage
                0x08007830       0x30 ./Core/Src/bms_libWrapper.o
                0x08007830                Slaves_CAN_SendMessage
 .text.conv_voltage
                0x08007860       0x58 ./Core/Src/bms_libWrapper.o
                0x08007860                conv_voltage
 .text.CAN_Send_AD68_Voltages_Module
                0x080078b8     0x1834 ./Core/Src/bms_libWrapper.o
                0x080078b8                CAN_Send_AD68_Voltages_Module
 .text.conv_temp
                0x080090ec       0x44 ./Core/Src/bms_libWrapper.o
                0x080090ec                conv_temp
 .text.CAN_Send_AD68_Temperatures_Module
                0x08009130     0x1834 ./Core/Src/bms_libWrapper.o
                0x08009130                CAN_Send_AD68_Temperatures_Module
 .text.CAN_Send_AD68_All
                0x0800a964       0x3c ./Core/Src/bms_libWrapper.o
                0x0800a964                CAN_Send_AD68_All
 .text.bms_csLow
                0x0800a9a0       0x18 ./Core/Src/bms_mcuWrapper.o
                0x0800a9a0                bms_csLow
 .text.bms_csHigh
                0x0800a9b8       0x18 ./Core/Src/bms_mcuWrapper.o
                0x0800a9b8                bms_csHigh
 .text.bms_stopTimer_delay
                0x0800a9d0       0x20 ./Core/Src/bms_mcuWrapper.o
                0x0800a9d0                bms_stopTimer_delay
 .text.bms_startTimer_delay
                0x0800a9f0       0x18 ./Core/Src/bms_mcuWrapper.o
                0x0800a9f0                bms_startTimer_delay
 .text.bms_getTimCount_delay
                0x0800aa08       0x1c ./Core/Src/bms_mcuWrapper.o
                0x0800aa08                bms_getTimCount_delay
 .text.bms_wakeupChain
                0x0800aa24       0x36 ./Core/Src/bms_mcuWrapper.o
                0x0800aa24                bms_wakeupChain
 .text.bms_delayUs
                0x0800aa5a       0x26 ./Core/Src/bms_mcuWrapper.o
                0x0800aa5a                bms_delayUs
 .text.bms_delayMsActive
                0x0800aa80       0x3e ./Core/Src/bms_mcuWrapper.o
                0x0800aa80                bms_delayMsActive
 *fill*         0x0800aabe        0x2 
 .text.bms_calcPec15
                0x0800aac0       0x68 ./Core/Src/bms_utility.o
                0x0800aac0                bms_calcPec15
 .text.bms_calcPec10
                0x0800ab28       0xb0 ./Core/Src/bms_utility.o
                0x0800ab28                bms_calcPec10
 .text.bms_spiTransmitCmd
                0x0800abd8       0x50 ./Core/Src/bms_utility.o
                0x0800abd8                bms_spiTransmitCmd
 .text.bms_spiReceiveData
                0x0800ac28       0xb0 ./Core/Src/bms_utility.o
                0x0800ac28                bms_spiReceiveData
 .text.bms_checkRxPec
                0x0800acd8       0x78 ./Core/Src/bms_utility.o
                0x0800acd8                bms_checkRxPec
 .text.bms_transmitCmd
                0x0800ad50       0x1e ./Core/Src/bms_utility.o
                0x0800ad50                bms_transmitCmd
 *fill*         0x0800ad6e        0x2 
 .text.bms_transmitPoll
                0x0800ad70       0x40 ./Core/Src/bms_utility.o
                0x0800ad70                bms_transmitPoll
 .text.bms_receiveData
                0x0800adb0       0x2e ./Core/Src/bms_utility.o
                0x0800adb0                bms_receiveData
 *fill*         0x0800adde        0x2 
 .text.brain_start
                0x0800ade0       0xb0 ./Core/Src/brain.o
                0x0800ade0                brain_start
 .text.brain_loop
                0x0800ae90      0x2c0 ./Core/Src/brain.o
                0x0800ae90                brain_loop
 .text.HAL_TIM_PeriodElapsedCallback
                0x0800b150       0x60 ./Core/Src/brain.o
                0x0800b150                HAL_TIM_PeriodElapsedCallback
 .text.HAL_SYSTICK_Callback
                0x0800b1b0       0x64 ./Core/Src/brain.o
                0x0800b1b0                HAL_SYSTICK_Callback
 .text.getRuntimeMs
                0x0800b214        0xe ./Core/Src/brain.o
                0x0800b214                getRuntimeMs
 .text.getRuntimeMsDiff
                0x0800b222       0x1a ./Core/Src/brain.o
                0x0800b222                getRuntimeMsDiff
 .text.HAL_GPIO_EXTI_Callback
                0x0800b23c       0x3c ./Core/Src/brain.o
                0x0800b23c                HAL_GPIO_EXTI_Callback
 .text.CAN_RegisterRxCallback
                0x0800b278       0x40 ./Core/Src/can.o
                0x0800b278                CAN_RegisterRxCallback
 .text.HAL_CAN_RxFifo0MsgPendingCallback
                0x0800b2b8       0x74 ./Core/Src/can.o
                0x0800b2b8                HAL_CAN_RxFifo0MsgPendingCallback
 .text.CanTx_IsEmpty
                0x0800b32c       0x28 ./Core/Src/can.o
                0x0800b32c                CanTx_IsEmpty
 .text.CanTx_IsFull
                0x0800b354       0x38 ./Core/Src/can.o
                0x0800b354                CanTx_IsFull
 .text.CanTx_ProcessQueue
                0x0800b38c       0x94 ./Core/Src/can.o
                0x0800b38c                CanTx_ProcessQueue
 .text.CAN_TX_Add_To_Queue
                0x0800b420       0xb8 ./Core/Src/can.o
                0x0800b420                CAN_TX_Add_To_Queue
 .text.OpenAllContactors
                0x0800b4d8       0x18 ./Core/Src/contactors.o
                0x0800b4d8                OpenAllContactors
 .text.OpenPreCarga
                0x0800b4f0       0x18 ./Core/Src/contactors.o
                0x0800b4f0                OpenPreCarga
 .text.OpenAIR_negativo
                0x0800b508       0x18 ./Core/Src/contactors.o
                0x0800b508                OpenAIR_negativo
 .text.OpenAIR_positivo
                0x0800b520       0x18 ./Core/Src/contactors.o
                0x0800b520                OpenAIR_positivo
 .text.OpenDescarga
                0x0800b538       0x18 ./Core/Src/contactors.o
                0x0800b538                OpenDescarga
 .text.ClosePreCarga
                0x0800b550       0x18 ./Core/Src/contactors.o
                0x0800b550                ClosePreCarga
 .text.CloseAIR_negativo
                0x0800b568       0x18 ./Core/Src/contactors.o
                0x0800b568                CloseAIR_negativo
 .text.CloseAIR_positivo
                0x0800b580       0x18 ./Core/Src/contactors.o
                0x0800b580                CloseAIR_positivo
 .text.IVT_CAN_Setup_AllMessages
                0x0800b598       0xb0 ./Core/Src/isa_ivt-s.o
                0x0800b598                IVT_CAN_Setup_AllMessages
 .text.IVT_CAN_Setup
                0x0800b648      0x198 ./Core/Src/isa_ivt-s.o
                0x0800b648                IVT_CAN_Setup
 .text.IVT_CAN_SendMessage
                0x0800b7e0       0x5c ./Core/Src/isa_ivt-s.o
                0x0800b7e0                IVT_CAN_SendMessage
 .text.IVT_CAN_OnMessage
                0x0800b83c      0x220 ./Core/Src/isa_ivt-s.o
                0x0800b83c                IVT_CAN_OnMessage
 .text.IVT_PROCESS_SYSERRORS
                0x0800ba5c      0x18c ./Core/Src/isa_ivt-s.o
                0x0800ba5c                IVT_PROCESS_SYSERRORS
 .text.IVT_PROCESS_MEASURERRORS
                0x0800bbe8      0x1e0 ./Core/Src/isa_ivt-s.o
                0x0800bbe8                IVT_PROCESS_MEASURERRORS
 .text.main     0x0800bdc8       0x5a ./Core/Src/main.o
                0x0800bdc8                main
 *fill*         0x0800be22        0x2 
 .text.SystemClock_Config
                0x0800be24       0xe0 ./Core/Src/main.o
                0x0800be24                SystemClock_Config
 .text.MX_ADC1_Init
                0x0800bf04       0xa8 ./Core/Src/main.o
 .text.MX_CAN1_Init
                0x0800bfac       0x70 ./Core/Src/main.o
 .text.MX_CAN2_Init
                0x0800c01c       0x6c ./Core/Src/main.o
 .text.MX_I2C1_Init
                0x0800c088       0x5c ./Core/Src/main.o
 .text.MX_I2C3_Init
                0x0800c0e4       0x5c ./Core/Src/main.o
 .text.MX_RTC_Init
                0x0800c140       0x4c ./Core/Src/main.o
 .text.MX_SPI1_Init
                0x0800c18c       0x6c ./Core/Src/main.o
 .text.MX_TIM2_Init
                0x0800c1f8       0x98 ./Core/Src/main.o
 .text.MX_TIM5_Init
                0x0800c290       0x9c ./Core/Src/main.o
 .text.MX_TIM8_Init
                0x0800c32c       0xa4 ./Core/Src/main.o
 .text.MX_TIM10_Init
                0x0800c3d0       0x48 ./Core/Src/main.o
 .text.MX_TIM11_Init
                0x0800c418       0x48 ./Core/Src/main.o
 .text.MX_TIM12_Init
                0x0800c460       0x8c ./Core/Src/main.o
 .text.MX_USART1_UART_Init
                0x0800c4ec       0x54 ./Core/Src/main.o
 .text.MX_USART2_UART_Init
                0x0800c540       0x54 ./Core/Src/main.o
 .text.MX_DMA_Init
                0x0800c594       0x7c ./Core/Src/main.o
 .text.MX_GPIO_Init
                0x0800c610      0x240 ./Core/Src/main.o
 .text.__io_putchar
                0x0800c850       0x40 ./Core/Src/main.o
                0x0800c850                __io_putchar
 .text.Error_Handler
                0x0800c890        0xc ./Core/Src/main.o
                0x0800c890                Error_Handler
 .text.Precharge_Init
                0x0800c89c       0x24 ./Core/Src/precharge.o
                0x0800c89c                Precharge_Init
 .text.Precharge_CAN_Init
                0x0800c8c0       0x14 ./Core/Src/precharge.o
                0x0800c8c0                Precharge_CAN_Init
 .text.Precharge_GetState
                0x0800c8d4       0x18 ./Core/Src/precharge.o
                0x0800c8d4                Precharge_GetState
 .text.Precharge_Update
                0x0800c8ec      0x1fc ./Core/Src/precharge.o
                0x0800c8ec                Precharge_Update
 .text.VerifyHVNEG_HVPOS_States
                0x0800cae8       0x10 ./Core/Src/precharge.o
                0x0800cae8                VerifyHVNEG_HVPOS_States
 .text.IsBusVoltageOK
                0x0800caf8       0x10 ./Core/Src/precharge.o
                0x0800caf8                IsBusVoltageOK
 .text.IsCurrentOK
                0x0800cb08       0x10 ./Core/Src/precharge.o
                0x0800cb08                IsCurrentOK
 .text.PreCharge_CAN_Rx
                0x0800cb18       0x58 ./Core/Src/precharge.o
                0x0800cb18                PreCharge_CAN_Rx
 .text.HAL_MspInit
                0x0800cb70       0x50 ./Core/Src/stm32f4xx_hal_msp.o
                0x0800cb70                HAL_MspInit
 .text.HAL_ADC_MspInit
                0x0800cbc0       0xa8 ./Core/Src/stm32f4xx_hal_msp.o
                0x0800cbc0                HAL_ADC_MspInit
 .text.HAL_CAN_MspInit
                0x0800cc68      0x154 ./Core/Src/stm32f4xx_hal_msp.o
                0x0800cc68                HAL_CAN_MspInit
 .text.HAL_I2C_MspInit
                0x0800cdbc      0x140 ./Core/Src/stm32f4xx_hal_msp.o
                0x0800cdbc                HAL_I2C_MspInit
 .text.HAL_RTC_MspInit
                0x0800cefc       0x54 ./Core/Src/stm32f4xx_hal_msp.o
                0x0800cefc                HAL_RTC_MspInit
 .text.HAL_SPI_MspInit
                0x0800cf50       0x90 ./Core/Src/stm32f4xx_hal_msp.o
                0x0800cf50                HAL_SPI_MspInit
 .text.HAL_TIM_Base_MspInit
                0x0800cfe0      0x11c ./Core/Src/stm32f4xx_hal_msp.o
                0x0800cfe0                HAL_TIM_Base_MspInit
 .text.HAL_TIM_PWM_MspInit
                0x0800d0fc       0x44 ./Core/Src/stm32f4xx_hal_msp.o
                0x0800d0fc                HAL_TIM_PWM_MspInit
 .text.HAL_TIM_MspPostInit
                0x0800d140       0x74 ./Core/Src/stm32f4xx_hal_msp.o
                0x0800d140                HAL_TIM_MspPostInit
 .text.HAL_UART_MspInit
                0x0800d1b4      0x1e4 ./Core/Src/stm32f4xx_hal_msp.o
                0x0800d1b4                HAL_UART_MspInit
 .text.NMI_Handler
                0x0800d398        0x8 ./Core/Src/stm32f4xx_it.o
                0x0800d398                NMI_Handler
 .text.HardFault_Handler
                0x0800d3a0        0x8 ./Core/Src/stm32f4xx_it.o
                0x0800d3a0                HardFault_Handler
 .text.MemManage_Handler
                0x0800d3a8        0x8 ./Core/Src/stm32f4xx_it.o
                0x0800d3a8                MemManage_Handler
 .text.BusFault_Handler
                0x0800d3b0        0x8 ./Core/Src/stm32f4xx_it.o
                0x0800d3b0                BusFault_Handler
 .text.UsageFault_Handler
                0x0800d3b8        0x8 ./Core/Src/stm32f4xx_it.o
                0x0800d3b8                UsageFault_Handler
 .text.SVC_Handler
                0x0800d3c0        0xe ./Core/Src/stm32f4xx_it.o
                0x0800d3c0                SVC_Handler
 .text.DebugMon_Handler
                0x0800d3ce        0xe ./Core/Src/stm32f4xx_it.o
                0x0800d3ce                DebugMon_Handler
 .text.PendSV_Handler
                0x0800d3dc        0xe ./Core/Src/stm32f4xx_it.o
                0x0800d3dc                PendSV_Handler
 .text.SysTick_Handler
                0x0800d3ea       0x10 ./Core/Src/stm32f4xx_it.o
                0x0800d3ea                SysTick_Handler
 *fill*         0x0800d3fa        0x2 
 .text.DMA1_Stream6_IRQHandler
                0x0800d3fc       0x14 ./Core/Src/stm32f4xx_it.o
                0x0800d3fc                DMA1_Stream6_IRQHandler
 .text.CAN1_RX0_IRQHandler
                0x0800d410       0x14 ./Core/Src/stm32f4xx_it.o
                0x0800d410                CAN1_RX0_IRQHandler
 .text.TIM1_UP_TIM10_IRQHandler
                0x0800d424       0x14 ./Core/Src/stm32f4xx_it.o
                0x0800d424                TIM1_UP_TIM10_IRQHandler
 .text.TIM1_TRG_COM_TIM11_IRQHandler
                0x0800d438       0x14 ./Core/Src/stm32f4xx_it.o
                0x0800d438                TIM1_TRG_COM_TIM11_IRQHandler
 .text.USART1_IRQHandler
                0x0800d44c       0x14 ./Core/Src/stm32f4xx_it.o
                0x0800d44c                USART1_IRQHandler
 .text.USART2_IRQHandler
                0x0800d460       0x14 ./Core/Src/stm32f4xx_it.o
                0x0800d460                USART2_IRQHandler
 .text.EXTI15_10_IRQHandler
                0x0800d474       0x18 ./Core/Src/stm32f4xx_it.o
                0x0800d474                EXTI15_10_IRQHandler
 .text.TIM8_UP_TIM13_IRQHandler
                0x0800d48c       0x14 ./Core/Src/stm32f4xx_it.o
                0x0800d48c                TIM8_UP_TIM13_IRQHandler
 .text.DMA2_Stream0_IRQHandler
                0x0800d4a0       0x14 ./Core/Src/stm32f4xx_it.o
                0x0800d4a0                DMA2_Stream0_IRQHandler
 .text.DMA2_Stream7_IRQHandler
                0x0800d4b4       0x14 ./Core/Src/stm32f4xx_it.o
                0x0800d4b4                DMA2_Stream7_IRQHandler
 .text._getpid  0x0800d4c8       0x10 ./Core/Src/syscalls.o
                0x0800d4c8                _getpid
 .text._kill    0x0800d4d8       0x20 ./Core/Src/syscalls.o
                0x0800d4d8                _kill
 .text._exit    0x0800d4f8       0x16 ./Core/Src/syscalls.o
                0x0800d4f8                _exit
 .text._read    0x0800d50e       0x3a ./Core/Src/syscalls.o
                0x0800d50e                _read
 .text._write   0x0800d548       0x38 ./Core/Src/syscalls.o
                0x0800d548                _write
 .text._close   0x0800d580       0x18 ./Core/Src/syscalls.o
                0x0800d580                _close
 .text._fstat   0x0800d598       0x20 ./Core/Src/syscalls.o
                0x0800d598                _fstat
 .text._isatty  0x0800d5b8       0x16 ./Core/Src/syscalls.o
                0x0800d5b8                _isatty
 .text._lseek   0x0800d5ce       0x1a ./Core/Src/syscalls.o
                0x0800d5ce                _lseek
 .text._sbrk    0x0800d5e8       0x6c ./Core/Src/sysmem.o
                0x0800d5e8                _sbrk
 .text.SystemInit
                0x0800d654       0x24 ./Core/Src/system_stm32f4xx.o
                0x0800d654                SystemInit
 .text.read_mcu_temp
                0x0800d678       0x7c ./Core/Src/temperatures.o
                0x0800d678                read_mcu_temp
 .text.getDataLen
                0x0800d6f4       0x44 ./Core/Src/uartDMA.o
                0x0800d6f4                getDataLen
 .text.getDataLen2
                0x0800d738       0x44 ./Core/Src/uartDMA.o
                0x0800d738                getDataLen2
 .text.startUartDmaTx
                0x0800d77c       0x84 ./Core/Src/uartDMA.o
                0x0800d77c                startUartDmaTx
 .text.startUart2DmaTx
                0x0800d800       0x74 ./Core/Src/uartDMA.o
                0x0800d800                startUart2DmaTx
 .text.HAL_UART_TxCpltCallback
                0x0800d874       0xa8 ./Core/Src/uartDMA.o
                0x0800d874                HAL_UART_TxCpltCallback
 .text.printfDma
                0x0800d91c      0x134 ./Core/Src/uartDMA.o
                0x0800d91c                printfDma
 .text.printfDmaBT
                0x0800da50      0x128 ./Core/Src/uartDMA.o
                0x0800da50                printfDmaBT
 .text.printConsole
                0x0800db78       0xb0 ./Core/Src/uartDMA.o
                0x0800db78                printConsole
 .text.jsonSendEscaped
                0x0800dc28      0x128 ./Core/Src/uartDMA.o
 .text.startUI  0x0800dd50       0x24 ./Core/Src/version.o
                0x0800dd50                startUI
 .text.Reset_Handler
                0x0800dd74       0x50 ./Core/Startup/startup_stm32f412retx.o
                0x0800dd74                Reset_Handler
 .text.Default_Handler
                0x0800ddc4        0x2 ./Core/Startup/startup_stm32f412retx.o
                0x0800ddc4                RTC_Alarm_IRQHandler
                0x0800ddc4                EXTI2_IRQHandler
                0x0800ddc4                TIM8_CC_IRQHandler
                0x0800ddc4                FMPI2C1_EV_IRQHandler
                0x0800ddc4                SPI4_IRQHandler
                0x0800ddc4                TIM1_CC_IRQHandler
                0x0800ddc4                DMA2_Stream5_IRQHandler
                0x0800ddc4                DMA1_Stream5_IRQHandler
                0x0800ddc4                TIM6_IRQHandler
                0x0800ddc4                PVD_IRQHandler
                0x0800ddc4                SDIO_IRQHandler
                0x0800ddc4                TAMP_STAMP_IRQHandler
                0x0800ddc4                CAN2_RX1_IRQHandler
                0x0800ddc4                EXTI3_IRQHandler
                0x0800ddc4                TIM8_TRG_COM_TIM14_IRQHandler
                0x0800ddc4                DFSDM1_FLT1_IRQHandler
                0x0800ddc4                I2C3_ER_IRQHandler
                0x0800ddc4                EXTI0_IRQHandler
                0x0800ddc4                I2C2_EV_IRQHandler
                0x0800ddc4                DMA1_Stream2_IRQHandler
                0x0800ddc4                FPU_IRQHandler
                0x0800ddc4                CAN2_SCE_IRQHandler
                0x0800ddc4                DMA2_Stream2_IRQHandler
                0x0800ddc4                SPI1_IRQHandler
                0x0800ddc4                TIM1_BRK_TIM9_IRQHandler
                0x0800ddc4                CAN2_RX0_IRQHandler
                0x0800ddc4                DMA2_Stream3_IRQHandler
                0x0800ddc4                USART6_IRQHandler
                0x0800ddc4                USART3_IRQHandler
                0x0800ddc4                CAN1_RX1_IRQHandler
                0x0800ddc4                TIM4_IRQHandler
                0x0800ddc4                QUADSPI_IRQHandler
                0x0800ddc4                I2C1_EV_IRQHandler
                0x0800ddc4                DMA1_Stream1_IRQHandler
                0x0800ddc4                TIM3_IRQHandler
                0x0800ddc4                RCC_IRQHandler
                0x0800ddc4                TIM8_BRK_TIM12_IRQHandler
                0x0800ddc4                Default_Handler
                0x0800ddc4                ADC_IRQHandler
                0x0800ddc4                DMA1_Stream7_IRQHandler
                0x0800ddc4                SPI5_IRQHandler
                0x0800ddc4                TIM7_IRQHandler
                0x0800ddc4                CAN2_TX_IRQHandler
                0x0800ddc4                TIM5_IRQHandler
                0x0800ddc4                I2C3_EV_IRQHandler
                0x0800ddc4                EXTI9_5_IRQHandler
                0x0800ddc4                RTC_WKUP_IRQHandler
                0x0800ddc4                SPI2_IRQHandler
                0x0800ddc4                DMA1_Stream0_IRQHandler
                0x0800ddc4                CAN1_TX_IRQHandler
                0x0800ddc4                FMPI2C1_ER_IRQHandler
                0x0800ddc4                EXTI4_IRQHandler
                0x0800ddc4                RNG_IRQHandler
                0x0800ddc4                WWDG_IRQHandler
                0x0800ddc4                TIM2_IRQHandler
                0x0800ddc4                OTG_FS_WKUP_IRQHandler
                0x0800ddc4                EXTI1_IRQHandler
                0x0800ddc4                DFSDM1_FLT0_IRQHandler
                0x0800ddc4                I2C2_ER_IRQHandler
                0x0800ddc4                DMA2_Stream1_IRQHandler
                0x0800ddc4                CAN1_SCE_IRQHandler
                0x0800ddc4                FLASH_IRQHandler
                0x0800ddc4                DMA2_Stream4_IRQHandler
                0x0800ddc4                OTG_FS_IRQHandler
                0x0800ddc4                SPI3_IRQHandler
                0x0800ddc4                DMA1_Stream4_IRQHandler
                0x0800ddc4                I2C1_ER_IRQHandler
                0x0800ddc4                DMA2_Stream6_IRQHandler
                0x0800ddc4                DMA1_Stream3_IRQHandler
 *fill*         0x0800ddc6        0x2 
 .text.HAL_Init
                0x0800ddc8       0x44 ./Drivers/STM32F4xx_HAL_Driver/Src/stm32f4xx_hal.o
                0x0800ddc8                HAL_Init
 .text.HAL_InitTick
                0x0800de0c       0x60 ./Drivers/STM32F4xx_HAL_Driver/Src/stm32f4xx_hal.o
                0x0800de0c                HAL_InitTick
 .text.HAL_IncTick
                0x0800de6c       0x28 ./Drivers/STM32F4xx_HAL_Driver/Src/stm32f4xx_hal.o
                0x0800de6c                HAL_IncTick
 .text.HAL_GetTick
                0x0800de94       0x18 ./Drivers/STM32F4xx_HAL_Driver/Src/stm32f4xx_hal.o
                0x0800de94                HAL_GetTick
 .text.HAL_Delay
                0x0800deac       0x48 ./Drivers/STM32F4xx_HAL_Driver/Src/stm32f4xx_hal.o
                0x0800deac                HAL_Delay
 .text.HAL_ADC_Init
                0x0800def4       0x86 ./Drivers/STM32F4xx_HAL_Driver/Src/stm32f4xx_hal_adc.o
                0x0800def4                HAL_ADC_Init
 *fill*         0x0800df7a        0x2 
 .text.HAL_ADC_Start
                0x0800df7c      0x168 ./Drivers/STM32F4xx_HAL_Driver/Src/stm32f4xx_hal_adc.o
                0x0800df7c                HAL_ADC_Start
 .text.HAL_ADC_Stop
                0x0800e0e4       0x66 ./Drivers/STM32F4xx_HAL_Driver/Src/stm32f4xx_hal_adc.o
                0x0800e0e4                HAL_ADC_Stop
 .text.HAL_ADC_PollForConversion
                0x0800e14a      0x116 ./Drivers/STM32F4xx_HAL_Driver/Src/stm32f4xx_hal_adc.o
                0x0800e14a                HAL_ADC_PollForConversion
 .text.HAL_ADC_GetValue
                0x0800e260       0x1a ./Drivers/STM32F4xx_HAL_Driver/Src/stm32f4xx_hal_adc.o
                0x0800e260                HAL_ADC_GetValue
 *fill*         0x0800e27a        0x2 
 .text.HAL_ADC_ConfigChannel
                0x0800e27c      0x244 ./Drivers/STM32F4xx_HAL_Driver/Src/stm32f4xx_hal_adc.o
                0x0800e27c                HAL_ADC_ConfigChannel
 .text.ADC_Init
                0x0800e4c0      0x1f8 ./Drivers/STM32F4xx_HAL_Driver/Src/stm32f4xx_hal_adc.o
 .text.HAL_CAN_Init
                0x0800e6b8      0x1f6 ./Drivers/STM32F4xx_HAL_Driver/Src/stm32f4xx_hal_can.o
                0x0800e6b8                HAL_CAN_Init
 *fill*         0x0800e8ae        0x2 
 .text.HAL_CAN_ConfigFilter
                0x0800e8b0      0x1bc ./Drivers/STM32F4xx_HAL_Driver/Src/stm32f4xx_hal_can.o
                0x0800e8b0                HAL_CAN_ConfigFilter
 .text.HAL_CAN_Start
                0x0800ea6c       0x88 ./Drivers/STM32F4xx_HAL_Driver/Src/stm32f4xx_hal_can.o
                0x0800ea6c                HAL_CAN_Start
 .text.HAL_CAN_AddTxMessage
                0x0800eaf4      0x1a0 ./Drivers/STM32F4xx_HAL_Driver/Src/stm32f4xx_hal_can.o
                0x0800eaf4                HAL_CAN_AddTxMessage
 .text.HAL_CAN_GetTxMailboxesFreeLevel
                0x0800ec94       0x6a ./Drivers/STM32F4xx_HAL_Driver/Src/stm32f4xx_hal_can.o
                0x0800ec94                HAL_CAN_GetTxMailboxesFreeLevel
 .text.HAL_CAN_GetRxMessage
                0x0800ecfe      0x244 ./Drivers/STM32F4xx_HAL_Driver/Src/stm32f4xx_hal_can.o
                0x0800ecfe                HAL_CAN_GetRxMessage
 .text.HAL_CAN_ActivateNotification
                0x0800ef42       0x4c ./Drivers/STM32F4xx_HAL_Driver/Src/stm32f4xx_hal_can.o
                0x0800ef42                HAL_CAN_ActivateNotification
 .text.HAL_CAN_IRQHandler
                0x0800ef8e      0x36e ./Drivers/STM32F4xx_HAL_Driver/Src/stm32f4xx_hal_can.o
                0x0800ef8e                HAL_CAN_IRQHandler
 .text.HAL_CAN_TxMailbox0CompleteCallback
                0x0800f2fc       0x14 ./Drivers/STM32F4xx_HAL_Driver/Src/stm32f4xx_hal_can.o
                0x0800f2fc                HAL_CAN_TxMailbox0CompleteCallback
 .text.HAL_CAN_TxMailbox1CompleteCallback
                0x0800f310       0x14 ./Drivers/STM32F4xx_HAL_Driver/Src/stm32f4xx_hal_can.o
                0x0800f310                HAL_CAN_TxMailbox1CompleteCallback
 .text.HAL_CAN_TxMailbox2CompleteCallback
                0x0800f324       0x14 ./Drivers/STM32F4xx_HAL_Driver/Src/stm32f4xx_hal_can.o
                0x0800f324                HAL_CAN_TxMailbox2CompleteCallback
 .text.HAL_CAN_TxMailbox0AbortCallback
                0x0800f338       0x14 ./Drivers/STM32F4xx_HAL_Driver/Src/stm32f4xx_hal_can.o
                0x0800f338                HAL_CAN_TxMailbox0AbortCallback
 .text.HAL_CAN_TxMailbox1AbortCallback
                0x0800f34c       0x14 ./Drivers/STM32F4xx_HAL_Driver/Src/stm32f4xx_hal_can.o
                0x0800f34c                HAL_CAN_TxMailbox1AbortCallback
 .text.HAL_CAN_TxMailbox2AbortCallback
                0x0800f360       0x14 ./Drivers/STM32F4xx_HAL_Driver/Src/stm32f4xx_hal_can.o
                0x0800f360                HAL_CAN_TxMailbox2AbortCallback
 .text.HAL_CAN_RxFifo0FullCallback
                0x0800f374       0x14 ./Drivers/STM32F4xx_HAL_Driver/Src/stm32f4xx_hal_can.o
                0x0800f374                HAL_CAN_RxFifo0FullCallback
 .text.HAL_CAN_RxFifo1MsgPendingCallback
                0x0800f388       0x14 ./Drivers/STM32F4xx_HAL_Driver/Src/stm32f4xx_hal_can.o
                0x0800f388                HAL_CAN_RxFifo1MsgPendingCallback
 .text.HAL_CAN_RxFifo1FullCallback
                0x0800f39c       0x14 ./Drivers/STM32F4xx_HAL_Driver/Src/stm32f4xx_hal_can.o
                0x0800f39c                HAL_CAN_RxFifo1FullCallback
 .text.HAL_CAN_SleepCallback
                0x0800f3b0       0x14 ./Drivers/STM32F4xx_HAL_Driver/Src/stm32f4xx_hal_can.o
                0x0800f3b0                HAL_CAN_SleepCallback
 .text.HAL_CAN_WakeUpFromRxMsgCallback
                0x0800f3c4       0x14 ./Drivers/STM32F4xx_HAL_Driver/Src/stm32f4xx_hal_can.o
                0x0800f3c4                HAL_CAN_WakeUpFromRxMsgCallback
 .text.HAL_CAN_ErrorCallback
                0x0800f3d8       0x14 ./Drivers/STM32F4xx_HAL_Driver/Src/stm32f4xx_hal_can.o
                0x0800f3d8                HAL_CAN_ErrorCallback
 .text.__NVIC_SetPriorityGrouping
                0x0800f3ec       0x48 ./Drivers/STM32F4xx_HAL_Driver/Src/stm32f4xx_hal_cortex.o
 .text.__NVIC_GetPriorityGrouping
                0x0800f434       0x1c ./Drivers/STM32F4xx_HAL_Driver/Src/stm32f4xx_hal_cortex.o
 .text.__NVIC_EnableIRQ
                0x0800f450       0x3c ./Drivers/STM32F4xx_HAL_Driver/Src/stm32f4xx_hal_cortex.o
 .text.__NVIC_SetPriority
                0x0800f48c       0x54 ./Drivers/STM32F4xx_HAL_Driver/Src/stm32f4xx_hal_cortex.o
 .text.NVIC_EncodePriority
                0x0800f4e0       0x66 ./Drivers/STM32F4xx_HAL_Driver/Src/stm32f4xx_hal_cortex.o
 *fill*         0x0800f546        0x2 
 .text.SysTick_Config
                0x0800f548       0x44 ./Drivers/STM32F4xx_HAL_Driver/Src/stm32f4xx_hal_cortex.o
 .text.HAL_NVIC_SetPriorityGrouping
                0x0800f58c       0x16 ./Drivers/STM32F4xx_HAL_Driver/Src/stm32f4xx_hal_cortex.o
                0x0800f58c                HAL_NVIC_SetPriorityGrouping
 .text.HAL_NVIC_SetPriority
                0x0800f5a2       0x38 ./Drivers/STM32F4xx_HAL_Driver/Src/stm32f4xx_hal_cortex.o
                0x0800f5a2                HAL_NVIC_SetPriority
 .text.HAL_NVIC_EnableIRQ
                0x0800f5da       0x1c ./Drivers/STM32F4xx_HAL_Driver/Src/stm32f4xx_hal_cortex.o
                0x0800f5da                HAL_NVIC_EnableIRQ
 .text.HAL_SYSTICK_Config
                0x0800f5f6       0x18 ./Drivers/STM32F4xx_HAL_Driver/Src/stm32f4xx_hal_cortex.o
                0x0800f5f6                HAL_SYSTICK_Config
 .text.HAL_SYSTICK_IRQHandler
                0x0800f60e        0xc ./Drivers/STM32F4xx_HAL_Driver/Src/stm32f4xx_hal_cortex.o
                0x0800f60e                HAL_SYSTICK_IRQHandler
 *fill*         0x0800f61a        0x2 
 .text.HAL_DMA_Init
                0x0800f61c      0x15c ./Drivers/STM32F4xx_HAL_Driver/Src/stm32f4xx_hal_dma.o
                0x0800f61c                HAL_DMA_Init
 .text.HAL_DMA_Start_IT
                0x0800f778       0xb0 ./Drivers/STM32F4xx_HAL_Driver/Src/stm32f4xx_hal_dma.o
                0x0800f778                HAL_DMA_Start_IT
 .text.HAL_DMA_Abort
                0x0800f828       0xe0 ./Drivers/STM32F4xx_HAL_Driver/Src/stm32f4xx_hal_dma.o
                0x0800f828                HAL_DMA_Abort
 .text.HAL_DMA_Abort_IT
                0x0800f908       0x44 ./Drivers/STM32F4xx_HAL_Driver/Src/stm32f4xx_hal_dma.o
                0x0800f908                HAL_DMA_Abort_IT
 .text.HAL_DMA_IRQHandler
                0x0800f94c      0x314 ./Drivers/STM32F4xx_HAL_Driver/Src/stm32f4xx_hal_dma.o
                0x0800f94c                HAL_DMA_IRQHandler
 .text.DMA_SetConfig
                0x0800fc60       0x5c ./Drivers/STM32F4xx_HAL_Driver/Src/stm32f4xx_hal_dma.o
 .text.DMA_CalcBaseAndBitshift
                0x0800fcbc       0x6c ./Drivers/STM32F4xx_HAL_Driver/Src/stm32f4xx_hal_dma.o
 .text.DMA_CheckFifoParam
                0x0800fd28       0xf8 ./Drivers/STM32F4xx_HAL_Driver/Src/stm32f4xx_hal_dma.o
 .text.HAL_GPIO_Init
                0x0800fe20      0x2f8 ./Drivers/STM32F4xx_HAL_Driver/Src/stm32f4xx_hal_gpio.o
                0x0800fe20                HAL_GPIO_Init
 .text.HAL_GPIO_WritePin
                0x08010118       0x32 ./Drivers/STM32F4xx_HAL_Driver/Src/stm32f4xx_hal_gpio.o
                0x08010118                HAL_GPIO_WritePin
 .text.HAL_GPIO_TogglePin
                0x0801014a       0x34 ./Drivers/STM32F4xx_HAL_Driver/Src/stm32f4xx_hal_gpio.o
                0x0801014a                HAL_GPIO_TogglePin
 *fill*         0x0801017e        0x2 
 .text.HAL_GPIO_EXTI_IRQHandler
                0x08010180       0x30 ./Drivers/STM32F4xx_HAL_Driver/Src/stm32f4xx_hal_gpio.o
                0x08010180                HAL_GPIO_EXTI_IRQHandler
 .text.HAL_I2C_Init
                0x080101b0      0x288 ./Drivers/STM32F4xx_HAL_Driver/Src/stm32f4xx_hal_i2c.o
                0x080101b0                HAL_I2C_Init
 .text.HAL_RCC_ClockConfig
                0x08010438      0x1cc ./Drivers/STM32F4xx_HAL_Driver/Src/stm32f4xx_hal_rcc.o
                0x08010438                HAL_RCC_ClockConfig
 .text.HAL_RCC_GetSysClockFreq
                0x08010604      0x20c ./Drivers/STM32F4xx_HAL_Driver/Src/stm32f4xx_hal_rcc.o
                0x08010604                HAL_RCC_GetSysClockFreq
 .text.HAL_RCC_GetHCLKFreq
                0x08010810       0x18 ./Drivers/STM32F4xx_HAL_Driver/Src/stm32f4xx_hal_rcc.o
                0x08010810                HAL_RCC_GetHCLKFreq
 .text.HAL_RCC_GetPCLK1Freq
                0x08010828       0x28 ./Drivers/STM32F4xx_HAL_Driver/Src/stm32f4xx_hal_rcc.o
                0x08010828                HAL_RCC_GetPCLK1Freq
 .text.HAL_RCC_GetPCLK2Freq
                0x08010850       0x28 ./Drivers/STM32F4xx_HAL_Driver/Src/stm32f4xx_hal_rcc.o
                0x08010850                HAL_RCC_GetPCLK2Freq
 .text.HAL_RCCEx_PeriphCLKConfig
                0x08010878      0x39c ./Drivers/STM32F4xx_HAL_Driver/Src/stm32f4xx_hal_rcc_ex.o
                0x08010878                HAL_RCCEx_PeriphCLKConfig
 .text.HAL_RCC_OscConfig
                0x08010c14      0x508 ./Drivers/STM32F4xx_HAL_Driver/Src/stm32f4xx_hal_rcc_ex.o
                0x08010c14                HAL_RCC_OscConfig
 .text.HAL_RTC_Init
                0x0801111c      0x102 ./Drivers/STM32F4xx_HAL_Driver/Src/stm32f4xx_hal_rtc.o
                0x0801111c                HAL_RTC_Init
 *fill*         0x0801121e        0x2 
 .text.HAL_RTC_WaitForSynchro
                0x08011220       0x4c ./Drivers/STM32F4xx_HAL_Driver/Src/stm32f4xx_hal_rtc.o
                0x08011220                HAL_RTC_WaitForSynchro
 .text.RTC_EnterInitMode
                0x0801126c       0x6e ./Drivers/STM32F4xx_HAL_Driver/Src/stm32f4xx_hal_rtc.o
                0x0801126c                RTC_EnterInitMode
 .text.RTC_ExitInitMode
                0x080112da       0x4a ./Drivers/STM32F4xx_HAL_Driver/Src/stm32f4xx_hal_rtc.o
                0x080112da                RTC_ExitInitMode
 .text.HAL_SPI_Init
                0x08011324      0x112 ./Drivers/STM32F4xx_HAL_Driver/Src/stm32f4xx_hal_spi.o
                0x08011324                HAL_SPI_Init
 .text.HAL_SPI_Transmit
                0x08011436      0x288 ./Drivers/STM32F4xx_HAL_Driver/Src/stm32f4xx_hal_spi.o
                0x08011436                HAL_SPI_Transmit
 .text.HAL_SPI_Receive
                0x080116be      0x232 ./Drivers/STM32F4xx_HAL_Driver/Src/stm32f4xx_hal_spi.o
                0x080116be                HAL_SPI_Receive
 .text.HAL_SPI_TransmitReceive
                0x080118f0      0x352 ./Drivers/STM32F4xx_HAL_Driver/Src/stm32f4xx_hal_spi.o
                0x080118f0                HAL_SPI_TransmitReceive
 *fill*         0x08011c42        0x2 
 .text.SPI_WaitFlagStateUntilTimeout
                0x08011c44      0x110 ./Drivers/STM32F4xx_HAL_Driver/Src/stm32f4xx_hal_spi.o
 .text.SPI_EndRxTransaction
                0x08011d54       0xca ./Drivers/STM32F4xx_HAL_Driver/Src/stm32f4xx_hal_spi.o
 *fill*         0x08011e1e        0x2 
 .text.SPI_EndRxTxTransaction
                0x08011e20       0xa8 ./Drivers/STM32F4xx_HAL_Driver/Src/stm32f4xx_hal_spi.o
 .text.HAL_TIM_Base_Init
                0x08011ec8       0x9e ./Drivers/STM32F4xx_HAL_Driver/Src/stm32f4xx_hal_tim.o
                0x08011ec8                HAL_TIM_Base_Init
 *fill*         0x08011f66        0x2 
 .text.HAL_TIM_Base_Start
                0x08011f68       0xd0 ./Drivers/STM32F4xx_HAL_Driver/Src/stm32f4xx_hal_tim.o
                0x08011f68                HAL_TIM_Base_Start
 .text.HAL_TIM_Base_Stop
                0x08012038       0x4e ./Drivers/STM32F4xx_HAL_Driver/Src/stm32f4xx_hal_tim.o
                0x08012038                HAL_TIM_Base_Stop
 *fill*         0x08012086        0x2 
 .text.HAL_TIM_Base_Start_IT
                0x08012088       0xe0 ./Drivers/STM32F4xx_HAL_Driver/Src/stm32f4xx_hal_tim.o
                0x08012088                HAL_TIM_Base_Start_IT
 .text.HAL_TIM_PWM_Init
                0x08012168       0x9e ./Drivers/STM32F4xx_HAL_Driver/Src/stm32f4xx_hal_tim.o
                0x08012168                HAL_TIM_PWM_Init
 .text.HAL_TIM_IRQHandler
                0x08012206      0x1e0 ./Drivers/STM32F4xx_HAL_Driver/Src/stm32f4xx_hal_tim.o
                0x08012206                HAL_TIM_IRQHandler
 *fill*         0x080123e6        0x2 
 .text.HAL_TIM_PWM_ConfigChannel
                0x080123e8      0x184 ./Drivers/STM32F4xx_HAL_Driver/Src/stm32f4xx_hal_tim.o
                0x080123e8                HAL_TIM_PWM_ConfigChannel
 .text.HAL_TIM_ConfigClockSource
                0x0801256c      0x18e ./Drivers/STM32F4xx_HAL_Driver/Src/stm32f4xx_hal_tim.o
                0x0801256c                HAL_TIM_ConfigClockSource
 .text.HAL_TIM_OC_DelayElapsedCallback
                0x080126fa       0x14 ./Drivers/STM32F4xx_HAL_Driver/Src/stm32f4xx_hal_tim.o
                0x080126fa                HAL_TIM_OC_DelayElapsedCallback
 .text.HAL_TIM_IC_CaptureCallback
                0x0801270e       0x14 ./Drivers/STM32F4xx_HAL_Driver/Src/stm32f4xx_hal_tim.o
                0x0801270e                HAL_TIM_IC_CaptureCallback
 .text.HAL_TIM_PWM_PulseFinishedCallback
                0x08012722       0x14 ./Drivers/STM32F4xx_HAL_Driver/Src/stm32f4xx_hal_tim.o
                0x08012722                HAL_TIM_PWM_PulseFinishedCallback
 .text.HAL_TIM_TriggerCallback
                0x08012736       0x14 ./Drivers/STM32F4xx_HAL_Driver/Src/stm32f4xx_hal_tim.o
                0x08012736                HAL_TIM_TriggerCallback
 *fill*         0x0801274a        0x2 
 .text.TIM_Base_SetConfig
                0x0801274c      0x14c ./Drivers/STM32F4xx_HAL_Driver/Src/stm32f4xx_hal_tim.o
                0x0801274c                TIM_Base_SetConfig
 .text.TIM_OC1_SetConfig
                0x08012898       0xe0 ./Drivers/STM32F4xx_HAL_Driver/Src/stm32f4xx_hal_tim.o
 .text.TIM_OC2_SetConfig
                0x08012978       0xec ./Drivers/STM32F4xx_HAL_Driver/Src/stm32f4xx_hal_tim.o
                0x08012978                TIM_OC2_SetConfig
 .text.TIM_OC3_SetConfig
                0x08012a64       0xe8 ./Drivers/STM32F4xx_HAL_Driver/Src/stm32f4xx_hal_tim.o
 .text.TIM_OC4_SetConfig
                0x08012b4c       0xac ./Drivers/STM32F4xx_HAL_Driver/Src/stm32f4xx_hal_tim.o
 .text.TIM_TI1_ConfigInputStage
                0x08012bf8       0x5e ./Drivers/STM32F4xx_HAL_Driver/Src/stm32f4xx_hal_tim.o
 .text.TIM_TI2_ConfigInputStage
                0x08012c56       0x60 ./Drivers/STM32F4xx_HAL_Driver/Src/stm32f4xx_hal_tim.o
 .text.TIM_ITRx_SetConfig
                0x08012cb6       0x36 ./Drivers/STM32F4xx_HAL_Driver/Src/stm32f4xx_hal_tim.o
 .text.TIM_ETR_SetConfig
                0x08012cec       0x40 ./Drivers/STM32F4xx_HAL_Driver/Src/stm32f4xx_hal_tim.o
                0x08012cec                TIM_ETR_SetConfig
 .text.HAL_TIMEx_MasterConfigSynchronization
                0x08012d2c       0xf8 ./Drivers/STM32F4xx_HAL_Driver/Src/stm32f4xx_hal_tim_ex.o
                0x08012d2c                HAL_TIMEx_MasterConfigSynchronization
 .text.HAL_TIMEx_CommutCallback
                0x08012e24       0x14 ./Drivers/STM32F4xx_HAL_Driver/Src/stm32f4xx_hal_tim_ex.o
                0x08012e24                HAL_TIMEx_CommutCallback
 .text.HAL_TIMEx_BreakCallback
                0x08012e38       0x14 ./Drivers/STM32F4xx_HAL_Driver/Src/stm32f4xx_hal_tim_ex.o
                0x08012e38                HAL_TIMEx_BreakCallback
 .text.HAL_UART_Init
                0x08012e4c       0xa0 ./Drivers/STM32F4xx_HAL_Driver/Src/stm32f4xx_hal_uart.o
                0x08012e4c                HAL_UART_Init
 .text.HAL_UART_Transmit
                0x08012eec      0x116 ./Drivers/STM32F4xx_HAL_Driver/Src/stm32f4xx_hal_uart.o
                0x08012eec                HAL_UART_Transmit
 *fill*         0x08013002        0x2 
 .text.HAL_UART_Transmit_DMA
                0x08013004       0xf8 ./Drivers/STM32F4xx_HAL_Driver/Src/stm32f4xx_hal_uart.o
                0x08013004                HAL_UART_Transmit_DMA
 .text.HAL_UART_IRQHandler
                0x080130fc      0x554 ./Drivers/STM32F4xx_HAL_Driver/Src/stm32f4xx_hal_uart.o
                0x080130fc                HAL_UART_IRQHandler
 .text.HAL_UART_TxHalfCpltCallback
                0x08013650       0x14 ./Drivers/STM32F4xx_HAL_Driver/Src/stm32f4xx_hal_uart.o
                0x08013650                HAL_UART_TxHalfCpltCallback
 .text.HAL_UART_RxCpltCallback
                0x08013664       0x14 ./Drivers/STM32F4xx_HAL_Driver/Src/stm32f4xx_hal_uart.o
                0x08013664                HAL_UART_RxCpltCallback
 .text.HAL_UART_ErrorCallback
                0x08013678       0x14 ./Drivers/STM32F4xx_HAL_Driver/Src/stm32f4xx_hal_uart.o
                0x08013678                HAL_UART_ErrorCallback
 .text.HAL_UARTEx_RxEventCallback
                0x0801368c       0x18 ./Drivers/STM32F4xx_HAL_Driver/Src/stm32f4xx_hal_uart.o
                0x0801368c                HAL_UARTEx_RxEventCallback
 .text.HAL_UART_GetState
                0x080136a4       0x3c ./Drivers/STM32F4xx_HAL_Driver/Src/stm32f4xx_hal_uart.o
                0x080136a4                HAL_UART_GetState
 .text.UART_DMATransmitCplt
                0x080136e0       0x9a ./Drivers/STM32F4xx_HAL_Driver/Src/stm32f4xx_hal_uart.o
 .text.UART_DMATxHalfCplt
                0x0801377a       0x1c ./Drivers/STM32F4xx_HAL_Driver/Src/stm32f4xx_hal_uart.o
 .text.UART_DMAError
                0x08013796       0x94 ./Drivers/STM32F4xx_HAL_Driver/Src/stm32f4xx_hal_uart.o
 .text.UART_WaitOnFlagUntilTimeout
                0x0801382a       0xb2 ./Drivers/STM32F4xx_HAL_Driver/Src/stm32f4xx_hal_uart.o
 .text.UART_EndTxTransfer
                0x080138dc       0x50 ./Drivers/STM32F4xx_HAL_Driver/Src/stm32f4xx_hal_uart.o
 .text.UART_EndRxTransfer
                0x0801392c       0xc6 ./Drivers/STM32F4xx_HAL_Driver/Src/stm32f4xx_hal_uart.o
 .text.UART_DMAAbortOnError
                0x080139f2       0x22 ./Drivers/STM32F4xx_HAL_Driver/Src/stm32f4xx_hal_uart.o
 .text.UART_Transmit_IT
                0x08013a14       0xa0 ./Drivers/STM32F4xx_HAL_Driver/Src/stm32f4xx_hal_uart.o
 .text.UART_EndTransmit_IT
                0x08013ab4       0x30 ./Drivers/STM32F4xx_HAL_Driver/Src/stm32f4xx_hal_uart.o
 .text.UART_Receive_IT
                0x08013ae4      0x17c ./Drivers/STM32F4xx_HAL_Driver/Src/stm32f4xx_hal_uart.o
 .text.UART_SetConfig
                0x08013c60      0x4e8 ./Drivers/STM32F4xx_HAL_Driver/Src/stm32f4xx_hal_uart.o
 .text.malloc   0x08014148       0x10 C:/ST/STM32CubeIDE_1.18.1/STM32CubeIDE/plugins/com.st.stm32cube.ide.mcu.externaltools.gnu-tools-for-stm32.13.3.rel1.win32_1.0.0.202411081344/tools/bin/../lib/gcc/arm-none-eabi/13.3.1/../../../../arm-none-eabi/lib/thumb/v7e-m+fp/hard\libc_nano.a(libc_a-malloc.o)
                0x08014148                malloc
 .text.sbrk_aligned
                0x08014158       0x44 C:/ST/STM32CubeIDE_1.18.1/STM32CubeIDE/plugins/com.st.stm32cube.ide.mcu.externaltools.gnu-tools-for-stm32.13.3.rel1.win32_1.0.0.202411081344/tools/bin/../lib/gcc/arm-none-eabi/13.3.1/../../../../arm-none-eabi/lib/thumb/v7e-m+fp/hard\libc_nano.a(libc_a-mallocr.o)
 .text._malloc_r
                0x0801419c      0x100 C:/ST/STM32CubeIDE_1.18.1/STM32CubeIDE/plugins/com.st.stm32cube.ide.mcu.externaltools.gnu-tools-for-stm32.13.3.rel1.win32_1.0.0.202411081344/tools/bin/../lib/gcc/arm-none-eabi/13.3.1/../../../../arm-none-eabi/lib/thumb/v7e-m+fp/hard\libc_nano.a(libc_a-mallocr.o)
                0x0801419c                _malloc_r
 .text.__malloc_lock
                0x0801429c        0xc C:/ST/STM32CubeIDE_1.18.1/STM32CubeIDE/plugins/com.st.stm32cube.ide.mcu.externaltools.gnu-tools-for-stm32.13.3.rel1.win32_1.0.0.202411081344/tools/bin/../lib/gcc/arm-none-eabi/13.3.1/../../../../arm-none-eabi/lib/thumb/v7e-m+fp/hard\libc_nano.a(libc_a-mlock.o)
                0x0801429c                __malloc_lock
 .text.__malloc_unlock
                0x080142a8        0xc C:/ST/STM32CubeIDE_1.18.1/STM32CubeIDE/plugins/com.st.stm32cube.ide.mcu.externaltools.gnu-tools-for-stm32.13.3.rel1.win32_1.0.0.202411081344/tools/bin/../lib/gcc/arm-none-eabi/13.3.1/../../../../arm-none-eabi/lib/thumb/v7e-m+fp/hard\libc_nano.a(libc_a-mlock.o)
                0x080142a8                __malloc_unlock
 .text.__cvt    0x080142b4       0xca C:/ST/STM32CubeIDE_1.18.1/STM32CubeIDE/plugins/com.st.stm32cube.ide.mcu.externaltools.gnu-tools-for-stm32.13.3.rel1.win32_1.0.0.202411081344/tools/bin/../lib/gcc/arm-none-eabi/13.3.1/../../../../arm-none-eabi/lib/thumb/v7e-m+fp/hard\libc_nano.a(libc_a-nano-vfprintf_float.o)
                0x080142b4                __cvt
 .text.__exponent
                0x0801437e       0x74 C:/ST/STM32CubeIDE_1.18.1/STM32CubeIDE/plugins/com.st.stm32cube.ide.mcu.externaltools.gnu-tools-for-stm32.13.3.rel1.win32_1.0.0.202411081344/tools/bin/../lib/gcc/arm-none-eabi/13.3.1/../../../../arm-none-eabi/lib/thumb/v7e-m+fp/hard\libc_nano.a(libc_a-nano-vfprintf_float.o)
                0x0801437e                __exponent
 *fill*         0x080143f2        0x2 
 .text._printf_float
                0x080143f4      0x454 C:/ST/STM32CubeIDE_1.18.1/STM32CubeIDE/plugins/com.st.stm32cube.ide.mcu.externaltools.gnu-tools-for-stm32.13.3.rel1.win32_1.0.0.202411081344/tools/bin/../lib/gcc/arm-none-eabi/13.3.1/../../../../arm-none-eabi/lib/thumb/v7e-m+fp/hard\libc_nano.a(libc_a-nano-vfprintf_float.o)
                0x080143f4                _printf_float
 .text._printf_common
                0x08014848       0xda C:/ST/STM32CubeIDE_1.18.1/STM32CubeIDE/plugins/com.st.stm32cube.ide.mcu.externaltools.gnu-tools-for-stm32.13.3.rel1.win32_1.0.0.202411081344/tools/bin/../lib/gcc/arm-none-eabi/13.3.1/../../../../arm-none-eabi/lib/thumb/v7e-m+fp/hard\libc_nano.a(libc_a-nano-vfprintf_i.o)
                0x08014848                _printf_common
 *fill*         0x08014922        0x2 
 .text._printf_i
                0x08014924      0x23c C:/ST/STM32CubeIDE_1.18.1/STM32CubeIDE/plugins/com.st.stm32cube.ide.mcu.externaltools.gnu-tools-for-stm32.13.3.rel1.win32_1.0.0.202411081344/tools/bin/../lib/gcc/arm-none-eabi/13.3.1/../../../../arm-none-eabi/lib/thumb/v7e-m+fp/hard\libc_nano.a(libc_a-nano-vfprintf_i.o)
                0x08014924                _printf_i
 .text.std      0x08014b60       0x6c C:/ST/STM32CubeIDE_1.18.1/STM32CubeIDE/plugins/com.st.stm32cube.ide.mcu.externaltools.gnu-tools-for-stm32.13.3.rel1.win32_1.0.0.202411081344/tools/bin/../lib/gcc/arm-none-eabi/13.3.1/../../../../arm-none-eabi/lib/thumb/v7e-m+fp/hard\libc_nano.a(libc_a-findfp.o)
 .text.stdio_exit_handler
                0x08014bcc       0x18 C:/ST/STM32CubeIDE_1.18.1/STM32CubeIDE/plugins/com.st.stm32cube.ide.mcu.externaltools.gnu-tools-for-stm32.13.3.rel1.win32_1.0.0.202411081344/tools/bin/../lib/gcc/arm-none-eabi/13.3.1/../../../../arm-none-eabi/lib/thumb/v7e-m+fp/hard\libc_nano.a(libc_a-findfp.o)
 .text.cleanup_stdio
                0x08014be4       0x40 C:/ST/STM32CubeIDE_1.18.1/STM32CubeIDE/plugins/com.st.stm32cube.ide.mcu.externaltools.gnu-tools-for-stm32.13.3.rel1.win32_1.0.0.202411081344/tools/bin/../lib/gcc/arm-none-eabi/13.3.1/../../../../arm-none-eabi/lib/thumb/v7e-m+fp/hard\libc_nano.a(libc_a-findfp.o)
 .text.global_stdio_init.part.0
                0x08014c24       0x3c C:/ST/STM32CubeIDE_1.18.1/STM32CubeIDE/plugins/com.st.stm32cube.ide.mcu.externaltools.gnu-tools-for-stm32.13.3.rel1.win32_1.0.0.202411081344/tools/bin/../lib/gcc/arm-none-eabi/13.3.1/../../../../arm-none-eabi/lib/thumb/v7e-m+fp/hard\libc_nano.a(libc_a-findfp.o)
 .text.__sfp_lock_acquire
                0x08014c60        0xc C:/ST/STM32CubeIDE_1.18.1/STM32CubeIDE/plugins/com.st.stm32cube.ide.mcu.externaltools.gnu-tools-for-stm32.13.3.rel1.win32_1.0.0.202411081344/tools/bin/../lib/gcc/arm-none-eabi/13.3.1/../../../../arm-none-eabi/lib/thumb/v7e-m+fp/hard\libc_nano.a(libc_a-findfp.o)
                0x08014c60                __sfp_lock_acquire
 .text.__sfp_lock_release
                0x08014c6c        0xc C:/ST/STM32CubeIDE_1.18.1/STM32CubeIDE/plugins/com.st.stm32cube.ide.mcu.externaltools.gnu-tools-for-stm32.13.3.rel1.win32_1.0.0.202411081344/tools/bin/../lib/gcc/arm-none-eabi/13.3.1/../../../../arm-none-eabi/lib/thumb/v7e-m+fp/hard\libc_nano.a(libc_a-findfp.o)
                0x08014c6c                __sfp_lock_release
 .text.__sinit  0x08014c78       0x30 C:/ST/STM32CubeIDE_1.18.1/STM32CubeIDE/plugins/com.st.stm32cube.ide.mcu.externaltools.gnu-tools-for-stm32.13.3.rel1.win32_1.0.0.202411081344/tools/bin/../lib/gcc/arm-none-eabi/13.3.1/../../../../arm-none-eabi/lib/thumb/v7e-m+fp/hard\libc_nano.a(libc_a-findfp.o)
                0x08014c78                __sinit
 .text._fwalk_sglue
                0x08014ca8       0x3c C:/ST/STM32CubeIDE_1.18.1/STM32CubeIDE/plugins/com.st.stm32cube.ide.mcu.externaltools.gnu-tools-for-stm32.13.3.rel1.win32_1.0.0.202411081344/tools/bin/../lib/gcc/arm-none-eabi/13.3.1/../../../../arm-none-eabi/lib/thumb/v7e-m+fp/hard\libc_nano.a(libc_a-fwalk.o)
                0x08014ca8                _fwalk_sglue
 .text.__sread  0x08014ce4       0x22 C:/ST/STM32CubeIDE_1.18.1/STM32CubeIDE/plugins/com.st.stm32cube.ide.mcu.externaltools.gnu-tools-for-stm32.13.3.rel1.win32_1.0.0.202411081344/tools/bin/../lib/gcc/arm-none-eabi/13.3.1/../../../../arm-none-eabi/lib/thumb/v7e-m+fp/hard\libc_nano.a(libc_a-stdio.o)
                0x08014ce4                __sread
 .text.__swrite
                0x08014d06       0x38 C:/ST/STM32CubeIDE_1.18.1/STM32CubeIDE/plugins/com.st.stm32cube.ide.mcu.externaltools.gnu-tools-for-stm32.13.3.rel1.win32_1.0.0.202411081344/tools/bin/../lib/gcc/arm-none-eabi/13.3.1/../../../../arm-none-eabi/lib/thumb/v7e-m+fp/hard\libc_nano.a(libc_a-stdio.o)
                0x08014d06                __swrite
 .text.__sseek  0x08014d3e       0x24 C:/ST/STM32CubeIDE_1.18.1/STM32CubeIDE/plugins/com.st.stm32cube.ide.mcu.externaltools.gnu-tools-for-stm32.13.3.rel1.win32_1.0.0.202411081344/tools/bin/../lib/gcc/arm-none-eabi/13.3.1/../../../../arm-none-eabi/lib/thumb/v7e-m+fp/hard\libc_nano.a(libc_a-stdio.o)
                0x08014d3e                __sseek
 .text.__sclose
                0x08014d62        0x8 C:/ST/STM32CubeIDE_1.18.1/STM32CubeIDE/plugins/com.st.stm32cube.ide.mcu.externaltools.gnu-tools-for-stm32.13.3.rel1.win32_1.0.0.202411081344/tools/bin/../lib/gcc/arm-none-eabi/13.3.1/../../../../arm-none-eabi/lib/thumb/v7e-m+fp/hard\libc_nano.a(libc_a-stdio.o)
                0x08014d62                __sclose
 .text._vsnprintf_r
                0x08014d6a       0x5c C:/ST/STM32CubeIDE_1.18.1/STM32CubeIDE/plugins/com.st.stm32cube.ide.mcu.externaltools.gnu-tools-for-stm32.13.3.rel1.win32_1.0.0.202411081344/tools/bin/../lib/gcc/arm-none-eabi/13.3.1/../../../../arm-none-eabi/lib/thumb/v7e-m+fp/hard\libc_nano.a(libc_a-vsnprintf.o)
                0x08014d6a                _vsniprintf_r
                0x08014d6a                _vsnprintf_r
 *fill*         0x08014dc6        0x2 
 .text.vsnprintf
                0x08014dc8       0x1c C:/ST/STM32CubeIDE_1.18.1/STM32CubeIDE/plugins/com.st.stm32cube.ide.mcu.externaltools.gnu-tools-for-stm32.13.3.rel1.win32_1.0.0.202411081344/tools/bin/../lib/gcc/arm-none-eabi/13.3.1/../../../../arm-none-eabi/lib/thumb/v7e-m+fp/hard\libc_nano.a(libc_a-vsnprintf.o)
                0x08014dc8                vsniprintf
                0x08014dc8                vsnprintf
 .text.memset   0x08014de4       0x10 C:/ST/STM32CubeIDE_1.18.1/STM32CubeIDE/plugins/com.st.stm32cube.ide.mcu.externaltools.gnu-tools-for-stm32.13.3.rel1.win32_1.0.0.202411081344/tools/bin/../lib/gcc/arm-none-eabi/13.3.1/../../../../arm-none-eabi/lib/thumb/v7e-m+fp/hard\libc_nano.a(libc_a-memset.o)
                0x08014de4                memset
 .text._localeconv_r
                0x08014df4        0x8 C:/ST/STM32CubeIDE_1.18.1/STM32CubeIDE/plugins/com.st.stm32cube.ide.mcu.externaltools.gnu-tools-for-stm32.13.3.rel1.win32_1.0.0.202411081344/tools/bin/../lib/gcc/arm-none-eabi/13.3.1/../../../../arm-none-eabi/lib/thumb/v7e-m+fp/hard\libc_nano.a(libc_a-localeconv.o)
                0x08014df4                _localeconv_r
 .text._close_r
                0x08014dfc       0x20 C:/ST/STM32CubeIDE_1.18.1/STM32CubeIDE/plugins/com.st.stm32cube.ide.mcu.externaltools.gnu-tools-for-stm32.13.3.rel1.win32_1.0.0.202411081344/tools/bin/../lib/gcc/arm-none-eabi/13.3.1/../../../../arm-none-eabi/lib/thumb/v7e-m+fp/hard\libc_nano.a(libc_a-closer.o)
                0x08014dfc                _close_r
 .text._lseek_r
                0x08014e1c       0x24 C:/ST/STM32CubeIDE_1.18.1/STM32CubeIDE/plugins/com.st.stm32cube.ide.mcu.externaltools.gnu-tools-for-stm32.13.3.rel1.win32_1.0.0.202411081344/tools/bin/../lib/gcc/arm-none-eabi/13.3.1/../../../../arm-none-eabi/lib/thumb/v7e-m+fp/hard\libc_nano.a(libc_a-lseekr.o)
                0x08014e1c                _lseek_r
 .text._read_r  0x08014e40       0x24 C:/ST/STM32CubeIDE_1.18.1/STM32CubeIDE/plugins/com.st.stm32cube.ide.mcu.externaltools.gnu-tools-for-stm32.13.3.rel1.win32_1.0.0.202411081344/tools/bin/../lib/gcc/arm-none-eabi/13.3.1/../../../../arm-none-eabi/lib/thumb/v7e-m+fp/hard\libc_nano.a(libc_a-readr.o)
                0x08014e40                _read_r
 .text._sbrk_r  0x08014e64       0x20 C:/ST/STM32CubeIDE_1.18.1/STM32CubeIDE/plugins/com.st.stm32cube.ide.mcu.externaltools.gnu-tools-for-stm32.13.3.rel1.win32_1.0.0.202411081344/tools/bin/../lib/gcc/arm-none-eabi/13.3.1/../../../../arm-none-eabi/lib/thumb/v7e-m+fp/hard\libc_nano.a(libc_a-sbrkr.o)
                0x08014e64                _sbrk_r
 .text._write_r
                0x08014e84       0x24 C:/ST/STM32CubeIDE_1.18.1/STM32CubeIDE/plugins/com.st.stm32cube.ide.mcu.externaltools.gnu-tools-for-stm32.13.3.rel1.win32_1.0.0.202411081344/tools/bin/../lib/gcc/arm-none-eabi/13.3.1/../../../../arm-none-eabi/lib/thumb/v7e-m+fp/hard\libc_nano.a(libc_a-writer.o)
                0x08014e84                _write_r
 .text.__errno  0x08014ea8        0xc C:/ST/STM32CubeIDE_1.18.1/STM32CubeIDE/plugins/com.st.stm32cube.ide.mcu.externaltools.gnu-tools-for-stm32.13.3.rel1.win32_1.0.0.202411081344/tools/bin/../lib/gcc/arm-none-eabi/13.3.1/../../../../arm-none-eabi/lib/thumb/v7e-m+fp/hard\libc_nano.a(libc_a-errno.o)
                0x08014ea8                __errno
 .text.__libc_init_array
                0x08014eb4       0x48 C:/ST/STM32CubeIDE_1.18.1/STM32CubeIDE/plugins/com.st.stm32cube.ide.mcu.externaltools.gnu-tools-for-stm32.13.3.rel1.win32_1.0.0.202411081344/tools/bin/../lib/gcc/arm-none-eabi/13.3.1/../../../../arm-none-eabi/lib/thumb/v7e-m+fp/hard\libc_nano.a(libc_a-init.o)
                0x08014eb4                __libc_init_array
 .text.__retarget_lock_init_recursive
                0x08014efc        0x2 C:/ST/STM32CubeIDE_1.18.1/STM32CubeIDE/plugins/com.st.stm32cube.ide.mcu.externaltools.gnu-tools-for-stm32.13.3.rel1.win32_1.0.0.202411081344/tools/bin/../lib/gcc/arm-none-eabi/13.3.1/../../../../arm-none-eabi/lib/thumb/v7e-m+fp/hard\libc_nano.a(libc_a-lock.o)
                0x08014efc                __retarget_lock_init_recursive
 .text.__retarget_lock_acquire_recursive
                0x08014efe        0x2 C:/ST/STM32CubeIDE_1.18.1/STM32CubeIDE/plugins/com.st.stm32cube.ide.mcu.externaltools.gnu-tools-for-stm32.13.3.rel1.win32_1.0.0.202411081344/tools/bin/../lib/gcc/arm-none-eabi/13.3.1/../../../../arm-none-eabi/lib/thumb/v7e-m+fp/hard\libc_nano.a(libc_a-lock.o)
                0x08014efe                __retarget_lock_acquire_recursive
 .text.__retarget_lock_release_recursive
                0x08014f00        0x2 C:/ST/STM32CubeIDE_1.18.1/STM32CubeIDE/plugins/com.st.stm32cube.ide.mcu.externaltools.gnu-tools-for-stm32.13.3.rel1.win32_1.0.0.202411081344/tools/bin/../lib/gcc/arm-none-eabi/13.3.1/../../../../arm-none-eabi/lib/thumb/v7e-m+fp/hard\libc_nano.a(libc_a-lock.o)
                0x08014f00                __retarget_lock_release_recursive
 .text.memcpy   0x08014f02       0x1c C:/ST/STM32CubeIDE_1.18.1/STM32CubeIDE/plugins/com.st.stm32cube.ide.mcu.externaltools.gnu-tools-for-stm32.13.3.rel1.win32_1.0.0.202411081344/tools/bin/../lib/gcc/arm-none-eabi/13.3.1/../../../../arm-none-eabi/lib/thumb/v7e-m+fp/hard\libc_nano.a(libc_a-memcpy-stub.o)
                0x08014f02                memcpy
 .text.quorem   0x08014f1e      0x110 C:/ST/STM32CubeIDE_1.18.1/STM32CubeIDE/plugins/com.st.stm32cube.ide.mcu.externaltools.gnu-tools-for-stm32.13.3.rel1.win32_1.0.0.202411081344/tools/bin/../lib/gcc/arm-none-eabi/13.3.1/../../../../arm-none-eabi/lib/thumb/v7e-m+fp/hard\libc_nano.a(libc_a-dtoa.o)
 *fill*         0x0801502e        0x2 
 .text._dtoa_r  0x08015030      0xba0 C:/ST/STM32CubeIDE_1.18.1/STM32CubeIDE/plugins/com.st.stm32cube.ide.mcu.externaltools.gnu-tools-for-stm32.13.3.rel1.win32_1.0.0.202411081344/tools/bin/../lib/gcc/arm-none-eabi/13.3.1/../../../../arm-none-eabi/lib/thumb/v7e-m+fp/hard\libc_nano.a(libc_a-dtoa.o)
                0x08015030                _dtoa_r
 .text._free_r  0x08015bd0       0x94 C:/ST/STM32CubeIDE_1.18.1/STM32CubeIDE/plugins/com.st.stm32cube.ide.mcu.externaltools.gnu-tools-for-stm32.13.3.rel1.win32_1.0.0.202411081344/tools/bin/../lib/gcc/arm-none-eabi/13.3.1/../../../../arm-none-eabi/lib/thumb/v7e-m+fp/hard\libc_nano.a(libc_a-freer.o)
                0x08015bd0                _free_r
 .text._Balloc  0x08015c64       0x80 C:/ST/STM32CubeIDE_1.18.1/STM32CubeIDE/plugins/com.st.stm32cube.ide.mcu.externaltools.gnu-tools-for-stm32.13.3.rel1.win32_1.0.0.202411081344/tools/bin/../lib/gcc/arm-none-eabi/13.3.1/../../../../arm-none-eabi/lib/thumb/v7e-m+fp/hard\libc_nano.a(libc_a-mprec.o)
                0x08015c64                _Balloc
 .text._Bfree   0x08015ce4       0x44 C:/ST/STM32CubeIDE_1.18.1/STM32CubeIDE/plugins/com.st.stm32cube.ide.mcu.externaltools.gnu-tools-for-stm32.13.3.rel1.win32_1.0.0.202411081344/tools/bin/../lib/gcc/arm-none-eabi/13.3.1/../../../../arm-none-eabi/lib/thumb/v7e-m+fp/hard\libc_nano.a(libc_a-mprec.o)
                0x08015ce4                _Bfree
 .text.__multadd
                0x08015d28       0x8c C:/ST/STM32CubeIDE_1.18.1/STM32CubeIDE/plugins/com.st.stm32cube.ide.mcu.externaltools.gnu-tools-for-stm32.13.3.rel1.win32_1.0.0.202411081344/tools/bin/../lib/gcc/arm-none-eabi/13.3.1/../../../../arm-none-eabi/lib/thumb/v7e-m+fp/hard\libc_nano.a(libc_a-mprec.o)
                0x08015d28                __multadd
 .text.__hi0bits
                0x08015db4       0x3e C:/ST/STM32CubeIDE_1.18.1/STM32CubeIDE/plugins/com.st.stm32cube.ide.mcu.externaltools.gnu-tools-for-stm32.13.3.rel1.win32_1.0.0.202411081344/tools/bin/../lib/gcc/arm-none-eabi/13.3.1/../../../../arm-none-eabi/lib/thumb/v7e-m+fp/hard\libc_nano.a(libc_a-mprec.o)
                0x08015db4                __hi0bits
 .text.__lo0bits
                0x08015df2       0x5a C:/ST/STM32CubeIDE_1.18.1/STM32CubeIDE/plugins/com.st.stm32cube.ide.mcu.externaltools.gnu-tools-for-stm32.13.3.rel1.win32_1.0.0.202411081344/tools/bin/../lib/gcc/arm-none-eabi/13.3.1/../../../../arm-none-eabi/lib/thumb/v7e-m+fp/hard\libc_nano.a(libc_a-mprec.o)
                0x08015df2                __lo0bits
 .text.__i2b    0x08015e4c       0x2c C:/ST/STM32CubeIDE_1.18.1/STM32CubeIDE/plugins/com.st.stm32cube.ide.mcu.externaltools.gnu-tools-for-stm32.13.3.rel1.win32_1.0.0.202411081344/tools/bin/../lib/gcc/arm-none-eabi/13.3.1/../../../../arm-none-eabi/lib/thumb/v7e-m+fp/hard\libc_nano.a(libc_a-mprec.o)
                0x08015e4c                __i2b
 .text.__multiply
                0x08015e78      0x144 C:/ST/STM32CubeIDE_1.18.1/STM32CubeIDE/plugins/com.st.stm32cube.ide.mcu.externaltools.gnu-tools-for-stm32.13.3.rel1.win32_1.0.0.202411081344/tools/bin/../lib/gcc/arm-none-eabi/13.3.1/../../../../arm-none-eabi/lib/thumb/v7e-m+fp/hard\libc_nano.a(libc_a-mprec.o)
                0x08015e78                __multiply
 .text.__pow5mult
                0x08015fbc       0xb4 C:/ST/STM32CubeIDE_1.18.1/STM32CubeIDE/plugins/com.st.stm32cube.ide.mcu.externaltools.gnu-tools-for-stm32.13.3.rel1.win32_1.0.0.202411081344/tools/bin/../lib/gcc/arm-none-eabi/13.3.1/../../../../arm-none-eabi/lib/thumb/v7e-m+fp/hard\libc_nano.a(libc_a-mprec.o)
                0x08015fbc                __pow5mult
 .text.__lshift
                0x08016070       0xd8 C:/ST/STM32CubeIDE_1.18.1/STM32CubeIDE/plugins/com.st.stm32cube.ide.mcu.externaltools.gnu-tools-for-stm32.13.3.rel1.win32_1.0.0.202411081344/tools/bin/../lib/gcc/arm-none-eabi/13.3.1/../../../../arm-none-eabi/lib/thumb/v7e-m+fp/hard\libc_nano.a(libc_a-mprec.o)
                0x08016070                __lshift
 .text.__mcmp   0x08016148       0x36 C:/ST/STM32CubeIDE_1.18.1/STM32CubeIDE/plugins/com.st.stm32cube.ide.mcu.externaltools.gnu-tools-for-stm32.13.3.rel1.win32_1.0.0.202411081344/tools/bin/../lib/gcc/arm-none-eabi/13.3.1/../../../../arm-none-eabi/lib/thumb/v7e-m+fp/hard\libc_nano.a(libc_a-mprec.o)
                0x08016148                __mcmp
 *fill*         0x0801617e        0x2 
 .text.__mdiff  0x08016180      0x128 C:/ST/STM32CubeIDE_1.18.1/STM32CubeIDE/plugins/com.st.stm32cube.ide.mcu.externaltools.gnu-tools-for-stm32.13.3.rel1.win32_1.0.0.202411081344/tools/bin/../lib/gcc/arm-none-eabi/13.3.1/../../../../arm-none-eabi/lib/thumb/v7e-m+fp/hard\libc_nano.a(libc_a-mprec.o)
                0x08016180                __mdiff
 .text.__d2b    0x080162a8       0xb0 C:/ST/STM32CubeIDE_1.18.1/STM32CubeIDE/plugins/com.st.stm32cube.ide.mcu.externaltools.gnu-tools-for-stm32.13.3.rel1.win32_1.0.0.202411081344/tools/bin/../lib/gcc/arm-none-eabi/13.3.1/../../../../arm-none-eabi/lib/thumb/v7e-m+fp/hard\libc_nano.a(libc_a-mprec.o)
                0x080162a8                __d2b
 .text.__ssputs_r
                0x08016358       0xb6 C:/ST/STM32CubeIDE_1.18.1/STM32CubeIDE/plugins/com.st.stm32cube.ide.mcu.externaltools.gnu-tools-for-stm32.13.3.rel1.win32_1.0.0.202411081344/tools/bin/../lib/gcc/arm-none-eabi/13.3.1/../../../../arm-none-eabi/lib/thumb/v7e-m+fp/hard\libc_nano.a(libc_a-nano-svfprintf.o)
                0x08016358                __ssputs_r
 *fill*         0x0801640e        0x2 
 .text._svfprintf_r
                0x08016410      0x1f8 C:/ST/STM32CubeIDE_1.18.1/STM32CubeIDE/plugins/com.st.stm32cube.ide.mcu.externaltools.gnu-tools-for-stm32.13.3.rel1.win32_1.0.0.202411081344/tools/bin/../lib/gcc/arm-none-eabi/13.3.1/../../../../arm-none-eabi/lib/thumb/v7e-m+fp/hard\libc_nano.a(libc_a-nano-svfprintf.o)
                0x08016410                _svfiprintf_r
                0x08016410                _svfprintf_r
 .text.__sflush_r
                0x08016608      0x108 C:/ST/STM32CubeIDE_1.18.1/STM32CubeIDE/plugins/com.st.stm32cube.ide.mcu.externaltools.gnu-tools-for-stm32.13.3.rel1.win32_1.0.0.202411081344/tools/bin/../lib/gcc/arm-none-eabi/13.3.1/../../../../arm-none-eabi/lib/thumb/v7e-m+fp/hard\libc_nano.a(libc_a-fflush.o)
                0x08016608                __sflush_r
 .text._fflush_r
                0x08016710       0x50 C:/ST/STM32CubeIDE_1.18.1/STM32CubeIDE/plugins/com.st.stm32cube.ide.mcu.externaltools.gnu-tools-for-stm32.13.3.rel1.win32_1.0.0.202411081344/tools/bin/../lib/gcc/arm-none-eabi/13.3.1/../../../../arm-none-eabi/lib/thumb/v7e-m+fp/hard\libc_nano.a(libc_a-fflush.o)
                0x08016710                _fflush_r
 .text.memmove  0x08016760       0x34 C:/ST/STM32CubeIDE_1.18.1/STM32CubeIDE/plugins/com.st.stm32cube.ide.mcu.externaltools.gnu-tools-for-stm32.13.3.rel1.win32_1.0.0.202411081344/tools/bin/../lib/gcc/arm-none-eabi/13.3.1/../../../../arm-none-eabi/lib/thumb/v7e-m+fp/hard\libc_nano.a(libc_a-memmove.o)
                0x08016760                memmove
 .text.__assert_func
                0x08016794       0x3c C:/ST/STM32CubeIDE_1.18.1/STM32CubeIDE/plugins/com.st.stm32cube.ide.mcu.externaltools.gnu-tools-for-stm32.13.3.rel1.win32_1.0.0.202411081344/tools/bin/../lib/gcc/arm-none-eabi/13.3.1/../../../../arm-none-eabi/lib/thumb/v7e-m+fp/hard\libc_nano.a(libc_a-assert.o)
                0x08016794                __assert_func
 .text._calloc_r
                0x080167d0       0x28 C:/ST/STM32CubeIDE_1.18.1/STM32CubeIDE/plugins/com.st.stm32cube.ide.mcu.externaltools.gnu-tools-for-stm32.13.3.rel1.win32_1.0.0.202411081344/tools/bin/../lib/gcc/arm-none-eabi/13.3.1/../../../../arm-none-eabi/lib/thumb/v7e-m+fp/hard\libc_nano.a(libc_a-callocr.o)
                0x080167d0                _calloc_r
 .text.__ascii_mbtowc
                0x080167f8       0x24 C:/ST/STM32CubeIDE_1.18.1/STM32CubeIDE/plugins/com.st.stm32cube.ide.mcu.externaltools.gnu-tools-for-stm32.13.3.rel1.win32_1.0.0.202411081344/tools/bin/../lib/gcc/arm-none-eabi/13.3.1/../../../../arm-none-eabi/lib/thumb/v7e-m+fp/hard\libc_nano.a(libc_a-mbtowc_r.o)
                0x080167f8                __ascii_mbtowc
 .text._realloc_r
                0x0801681c       0x5c C:/ST/STM32CubeIDE_1.18.1/STM32CubeIDE/plugins/com.st.stm32cube.ide.mcu.externaltools.gnu-tools-for-stm32.13.3.rel1.win32_1.0.0.202411081344/tools/bin/../lib/gcc/arm-none-eabi/13.3.1/../../../../arm-none-eabi/lib/thumb/v7e-m+fp/hard\libc_nano.a(libc_a-reallocr.o)
                0x0801681c                _realloc_r
 .text.__ascii_wctomb
                0x08016878       0x1a C:/ST/STM32CubeIDE_1.18.1/STM32CubeIDE/plugins/com.st.stm32cube.ide.mcu.externaltools.gnu-tools-for-stm32.13.3.rel1.win32_1.0.0.202411081344/tools/bin/../lib/gcc/arm-none-eabi/13.3.1/../../../../arm-none-eabi/lib/thumb/v7e-m+fp/hard\libc_nano.a(libc_a-wctomb_r.o)
                0x08016878                __ascii_wctomb
 *fill*         0x08016892        0x2 
 .text.fprintf  0x08016894       0x24 C:/ST/STM32CubeIDE_1.18.1/STM32CubeIDE/plugins/com.st.stm32cube.ide.mcu.externaltools.gnu-tools-for-stm32.13.3.rel1.win32_1.0.0.202411081344/tools/bin/../lib/gcc/arm-none-eabi/13.3.1/../../../../arm-none-eabi/lib/thumb/v7e-m+fp/hard\libc_nano.a(libc_a-fprintf.o)
                0x08016894                fiprintf
                0x08016894                fprintf
 .text.abort    0x080168b8        0xe C:/ST/STM32CubeIDE_1.18.1/STM32CubeIDE/plugins/com.st.stm32cube.ide.mcu.externaltools.gnu-tools-for-stm32.13.3.rel1.win32_1.0.0.202411081344/tools/bin/../lib/gcc/arm-none-eabi/13.3.1/../../../../arm-none-eabi/lib/thumb/v7e-m+fp/hard\libc_nano.a(libc_a-abort.o)
                0x080168b8                abort
 .text._malloc_usable_size_r
                0x080168c6       0x10 C:/ST/STM32CubeIDE_1.18.1/STM32CubeIDE/plugins/com.st.stm32cube.ide.mcu.externaltools.gnu-tools-for-stm32.13.3.rel1.win32_1.0.0.202411081344/tools/bin/../lib/gcc/arm-none-eabi/13.3.1/../../../../arm-none-eabi/lib/thumb/v7e-m+fp/hard\libc_nano.a(libc_a-msizer.o)
                0x080168c6                _malloc_usable_size_r
 .text.__sfputc_r