../Core/Src/adBms_Application.c:131:9:Balancing_GetPhase	4	static
../Core/Src/adBms_Application.c:137:20:adbms_main	24	static
../Core/Src/adBms_Application.c:143:27:adbms_main_impl	168	static
../Core/Src/adBms_Application.c:662:6:run_command	24	static
../Core/Src/adBms_Application.c:788:6:adBms6830_init_config	40	static
../Core/Src/adBms_Application.c:816:6:adBms6830_write_read_config	24	static
../Core/Src/adBms_Application.c:831:6:adBms6830_write_config	24	static
../Core/Src/adBms_Application.c:843:6:adBms6830_read_config	24	static
../Core/Src/adBms_Application.c:855:6:adBms6830_start_adc_cell_voltage_measurment	32	static
../Core/Src/adBms_Application.c:872:6:adBms6830_idle_readings	24	static
../Core/Src/adBms_Application.c:919:6:adBms6830_read_cell_voltages	24	static
../Core/Src/adBms_Application.c:935:6:adBms6830_start_adc_s_voltage_measurment	16	static
../Core/Src/adBms_Application.c:952:6:adBms6830_read_s_voltages	24	static
../Core/Src/adBms_Application.c:968:6:adBms6830_start_avgcell_voltage_measurment	24	static
../Core/Src/adBms_Application.c:985:6:adBms6830_read_avgcell_voltages	24	static
../Core/Src/adBms_Application.c:1001:6:adBms6830_start_fcell_voltage_measurment	32	static
../Core/Src/adBms_Application.c:1018:6:adBms6830_read_fcell_voltages	24	static
../Core/Src/adBms_Application.c:1034:6:adBms6830_start_aux_voltage_measurment	32	static
../Core/Src/adBms_Application.c:1057:6:adBms6830_read_aux_voltages	24	static
../Core/Src/adBms_Application.c:1071:6:adBms6830_start_raux_voltage_measurment	32	static
../Core/Src/adBms_Application.c:1094:6:adBms6830_read_raux_voltages	24	static
../Core/Src/adBms_Application.c:1108:6:adBms6830_read_status_registers	32	static
../Core/Src/adBms_Application.c:1131:6:measurement_loop	16	static
../Core/Src/adBms_Application.c:1208:6:adBms6830_clear_cell_measurement	16	static
../Core/Src/adBms_Application.c:1223:6:adBms6830_clear_aux_measurement	16	static
../Core/Src/adBms_Application.c:1238:6:adBms6830_clear_spin_measurement	16	static
../Core/Src/adBms_Application.c:1253:6:adBms6830_clear_fcell_measurement	16	static
../Core/Src/adBms_Application.c:1266:6:adBms6830_evaluate_cell_open_wire	80	static
../Core/Src/adBms_Application.c:1364:6:adBms6830_evaluate_aux_open_wire	48	static
../Core/Src/adBms_Application.c:1394:10:adBms6830_FindMinVoltageGlobally	24	static
../Core/Src/adBms_Application.c:1423:9:adBms6830_daisychain_device_counter	36080	static
