../Core/Src/brain.c:56:6:brain_start	24	static
../Core/Src/brain.c:122:6:brain_loop	16	static
../Core/Src/brain.c:283:6:HAL_ADC_ConvCpltCallback	16	static
../Core/Src/brain.c:290:6:HAL_TIM_PeriodElapsedCallback	16	static
../Core/Src/brain.c:298:6:HAL_GPIO_EXTI_Callback	16	static
../Core/Src/brain.c:311:6:HAL_SYSTICK_Callback	8	static
../Core/Src/brain.c:335:6:heartbeat	4	static
../Core/Src/brain.c:374:10:getRuntimeSeconds	4	static
../Core/Src/brain.c:378:10:getRuntimeMs	8	static
../Core/Src/brain.c:382:10:getRuntimeMsDiff	16	static
../Core/Src/brain.c:386:6:RaiseError	16	static
