../Core/Src/brain.c:70:13:SensorTimeouts_Check	16	static
../Core/Src/brain.c:105:6:brain_start	32	static
../Core/Src/brain.c:186:6:brain_loop	16	static
../Core/Src/brain.c:392:6:HAL_ADC_ConvCpltCallback	16	static
../Core/Src/brain.c:399:6:HAL_TIM_PeriodElapsedCallback	16	static
../Core/Src/brain.c:407:6:HAL_GPIO_EXTI_Callback	16	static
../Core/Src/brain.c:420:6:HAL_SYSTICK_Callback	8	static
../Core/Src/brain.c:444:6:heartbeat	4	static
../Core/Src/brain.c:483:10:getRuntimeSeconds	4	static
../Core/Src/brain.c:487:10:getRuntimeMs	8	static
../Core/Src/brain.c:491:10:getRuntimeMsDiff	16	static
../Core/Src/brain.c:495:6:RaiseError	16	static
