../Core/Src/can.c:30:19:CAN_Init	120	static
../Core/Src/can.c:102:19:CAN_RegisterRxCallback	16	static
../Core/Src/can.c:113:19:CAN2_RegisterRxCallback	16	static
../Core/Src/can.c:125:6:HAL_CAN_RxFifo0MsgPendingCallback	80	static
../Core/Src/can.c:195:9:CanTx_IsEmpty	16	static
../Core/Src/can.c:206:9:CanTx_IsFull	24	static
../Core/Src/can.c:222:6:CanTx_ProcessSelectedQueue	112	static
../Core/Src/can.c:287:26:CAN_TX_Add_To_Queue_Internal	64	static
../Core/Src/can.c:356:19:CAN_TX_Add_To_Queue	32	static
../Core/Src/can.c:362:19:CAN_TX_Add_Extended_To_Queue	32	static
../Core/Src/can.c:368:10:CanTx_GetQueueDepth	24	static
../Core/Src/can.c:390:9:CAN_GetState	16	static
../Core/Src/can.c:397:10:CAN_GetHwError	16	static
../Core/Src/can.c:405:9:CAN_GetTEC	16	static
../Core/Src/can.c:412:9:CAN_GetREC	16	static
../Core/Src/can.c:419:9:CAN_GetLEC	16	static
../Core/Src/can.c:426:9:CAN_GetBusOff	16	static
../Core/Src/can.c:433:9:CAN_IsStarted	16	static
../Core/Src/can.c:446:19:CAN_Restart	16	static
../Core/Src/can.c:534:6:CAN_Service	120	static
../Core/Src/can.c:622:6:CAN_PrintHalError	16	static
../Core/Src/can.c:711:6:CAN_CheckBothBusesDown	16	static
