../Core/Src/charger.c:61:6:Charger_CAN_Init	8	static
../Core/Src/charger.c:72:6:Charger_CAN_Comms_RX	16	static
../Core/Src/charger.c:88:6:Charger_CAN_Requests_RX	24	static
../Core/Src/charger.c:143:6:Charger_Update	24	static
../Core/Src/charger.c:250:6:Charger_Stop	8	static
../Core/Src/charger.c:262:6:Charger_SendRequest	40	static
../Core/Src/charger.c:287:6:Charger_IsRequestedCurrentOK	4	static
../Core/Src/charger.c:292:9:Charger_IsRequested	4	static
../Core/Src/charger.c:296:10:Charger_GetRequestedCurrentRaw	4	static
../Core/Src/charger.c:300:9:Charger_HasStatus	16	static
