../Core/Src/isa_ivt-s.c:64:6:IVT_CAN_Setup	16	static
../Core/Src/isa_ivt-s.c:95:6:IVT_CAN_Config	64	static
../Core/Src/isa_ivt-s.c:125:6:IVT_CAN_OnMessage	288	static
../Core/Src/isa_ivt-s.c:221:6:IVT_FAULT_CHECK	8	static
../Core/Src/isa_ivt-s.c:234:6:IVT_PROCESS_SYSERRORS	24	static
../Core/Src/isa_ivt-s.c:276:6:IVT_PROCESS_MEASURERRORS	24	static
../Core/Src/isa_ivt-s.c:332:6:IVT_SET_BITRATE	16	static
../Core/Src/isa_ivt-s.c:361:9:IVT_GetCurrent_mA	4	static
../Core/Src/isa_ivt-s.c:365:9:IVT_GetPackVoltage_mV	4	static
../Core/Src/isa_ivt-s.c:369:9:IVT_GetTemperature_dC	4	static
../Core/Src/isa_ivt-s.c:373:9:IVT_GetPower_W	4	static
../Core/Src/isa_ivt-s.c:377:9:IVT_GetCoulombs_As	4	static
../Core/Src/isa_ivt-s.c:381:6:Check_PackVoltage_and_Current	120	static
../Core/Src/isa_ivt-s.c:418:6:send_ivt_ui	8	static
