../Core/Src/main.c:100:5:main	8	static
../Core/Src/main.c:179:6:SystemClock_Config	88	static
../Core/Src/main.c:226:13:MX_ADC1_Init	24	static
../Core/Src/main.c:296:13:MX_CAN1_Init	8	static
../Core/Src/main.c:349:13:MX_CAN2_Init	8	static
../Core/Src/main.c:386:13:MX_I2C1_Init	8	static
../Core/Src/main.c:420:13:MX_SPI1_Init	8	static
../Core/Src/main.c:458:13:MX_TIM2_Init	48	static
../Core/Src/main.c:516:13:MX_TIM3_Init	32	static
../Core/Src/main.c:561:13:MX_TIM5_Init	32	static
../Core/Src/main.c:606:13:MX_TIM12_Init	40	static
../Core/Src/main.c:648:13:MX_USART1_UART_Init	8	static
../Core/Src/main.c:681:13:MX_USART2_UART_Init	8	static
../Core/Src/main.c:714:13:MX_WWDG_Init	8	static
../Core/Src/main.c:742:13:MX_DMA_Init	16	static
../Core/Src/main.c:767:13:MX_GPIO_Init	48	static
../Core/Src/main.c:880:6:Error_Handler	8	static,ignoring_inline_asm
