../Core/Src/main.c:100:5:main	8	static
../Core/Src/main.c:179:6:SystemClock_Config	88	static
../Core/Src/main.c:226:13:MX_ADC1_Init	24	static
../Core/Src/main.c:296:13:MX_CAN1_Init	8	static
../Core/Src/main.c:348:13:MX_CAN2_Init	8	static
../Core/Src/main.c:385:13:MX_I2C1_Init	8	static
../Core/Src/main.c:419:13:MX_SPI1_Init	8	static
../Core/Src/main.c:457:13:MX_TIM2_Init	48	static
../Core/Src/main.c:515:13:MX_TIM3_Init	32	static
../Core/Src/main.c:560:13:MX_TIM5_Init	32	static
../Core/Src/main.c:605:13:MX_TIM12_Init	40	static
../Core/Src/main.c:647:13:MX_USART1_UART_Init	8	static
../Core/Src/main.c:680:13:MX_USART2_UART_Init	8	static
../Core/Src/main.c:713:13:MX_WWDG_Init	8	static
../Core/Src/main.c:741:13:MX_DMA_Init	16	static
../Core/Src/main.c:766:13:MX_GPIO_Init	48	static
../Core/Src/main.c:879:6:Error_Handler	8	static,ignoring_inline_asm
