../Core/Src/adBms_Application.c:102:20:adbms_main	112	static
../Core/Src/adBms_Application.c:552:6:run_command	24	static
../Core/Src/adBms_Application.c:678:6:adBms6830_init_config	40	static
../Core/Src/adBms_Application.c:706:6:adBms6830_write_read_config	24	static
../Core/Src/adBms_Application.c:721:6:adBms6830_write_config	24	static
../Core/Src/adBms_Application.c:733:6:adBms6830_read_config	24	static
../Core/Src/adBms_Application.c:745:6:adBms6830_start_adc_cell_voltage_measurment	32	static
../Core/Src/adBms_Application.c:762:6:adBms6830_idle_readings	24	static
../Core/Src/adBms_Application.c:809:6:adBms6830_read_cell_voltages	24	static
../Core/Src/adBms_Application.c:825:6:adBms6830_start_adc_s_voltage_measurment	16	static
../Core/Src/adBms_Application.c:842:6:adBms6830_read_s_voltages	24	static
../Core/Src/adBms_Application.c:858:6:adBms6830_start_avgcell_voltage_measurment	24	static
../Core/Src/adBms_Application.c:875:6:adBms6830_read_avgcell_voltages	24	static
../Core/Src/adBms_Application.c:891:6:adBms6830_start_fcell_voltage_measurment	32	static
../Core/Src/adBms_Application.c:908:6:adBms6830_read_fcell_voltages	24	static
../Core/Src/adBms_Application.c:924:6:adBms6830_start_aux_voltage_measurment	32	static
../Core/Src/adBms_Application.c:947:6:adBms6830_read_aux_voltages	24	static
../Core/Src/adBms_Application.c:961:6:adBms6830_start_raux_voltage_measurment	32	static
../Core/Src/adBms_Application.c:984:6:adBms6830_read_raux_voltages	24	static
../Core/Src/adBms_Application.c:998:6:adBms6830_read_status_registers	32	static
../Core/Src/adBms_Application.c:1021:6:measurement_loop	16	static
../Core/Src/adBms_Application.c:1098:6:adBms6830_clear_cell_measurement	16	static
../Core/Src/adBms_Application.c:1113:6:adBms6830_clear_aux_measurement	16	static
../Core/Src/adBms_Application.c:1128:6:adBms6830_clear_spin_measurement	16	static
../Core/Src/adBms_Application.c:1143:6:adBms6830_clear_fcell_measurement	16	static
../Core/Src/adBms_Application.c:1156:6:adBms6830_evaluate_cell_open_wire	72	static
../Core/Src/adBms_Application.c:1250:6:adBms6830_evaluate_aux_open_wire	48	static
../Core/Src/adBms_Application.c:1278:10:adBms6830_FindMinVoltageGlobally	24	static
