../Core/Src/adBms_Application.c:65:6:adbms_main	8	static
../Core/Src/adBms_Application.c:105:6:run_command	24	static
../Core/Src/adBms_Application.c:228:6:adBms6830_init_config	40	static
../Core/Src/adBms_Application.c:256:6:adBms6830_write_read_config	24	static
../Core/Src/adBms_Application.c:271:6:adBms6830_write_config	24	static
../Core/Src/adBms_Application.c:283:6:adBms6830_read_config	24	static
../Core/Src/adBms_Application.c:295:6:adBms6830_start_adc_cell_voltage_measurment	32	static
../Core/Src/adBms_Application.c:312:6:adBms6830_read_cell_voltages	24	static
../Core/Src/adBms_Application.c:328:6:adBms6830_start_adc_s_voltage_measurment	16	static
../Core/Src/adBms_Application.c:345:6:adBms6830_read_s_voltages	24	static
../Core/Src/adBms_Application.c:361:6:adBms6830_start_avgcell_voltage_measurment	24	static
../Core/Src/adBms_Application.c:378:6:adBms6830_read_avgcell_voltages	24	static
../Core/Src/adBms_Application.c:394:6:adBms6830_start_fcell_voltage_measurment	32	static
../Core/Src/adBms_Application.c:411:6:adBms6830_read_fcell_voltages	24	static
../Core/Src/adBms_Application.c:427:6:adBms6830_start_aux_voltage_measurment	32	static
../Core/Src/adBms_Application.c:450:6:adBms6830_read_aux_voltages	24	static
../Core/Src/adBms_Application.c:464:6:adBms6830_start_raux_voltage_measurment	32	static
../Core/Src/adBms_Application.c:487:6:adBms6830_read_raux_voltages	24	static
../Core/Src/adBms_Application.c:501:6:adBms6830_read_status_registers	32	static
../Core/Src/adBms_Application.c:524:6:measurement_loop	16	static
../Core/Src/adBms_Application.c:601:6:adBms6830_clear_cell_measurement	16	static
../Core/Src/adBms_Application.c:616:6:adBms6830_clear_aux_measurement	16	static
../Core/Src/adBms_Application.c:631:6:adBms6830_clear_spin_measurement	16	static
../Core/Src/adBms_Application.c:646:6:adBms6830_clear_fcell_measurement	16	static
