../Core/Src/adBms_Application.c:66:6:adbms_main	16	static
../Core/Src/adBms_Application.c:97:6:run_command	24	static
../Core/Src/adBms_Application.c:223:6:adBms6830_init_config	40	static
../Core/Src/adBms_Application.c:251:6:adBms6830_write_read_config	24	static
../Core/Src/adBms_Application.c:266:6:adBms6830_write_config	24	static
../Core/Src/adBms_Application.c:278:6:adBms6830_read_config	24	static
../Core/Src/adBms_Application.c:290:6:adBms6830_start_adc_cell_voltage_measurment	32	static
../Core/Src/adBms_Application.c:307:6:adBms6830_idle_readings	24	static
../Core/Src/adBms_Application.c:355:6:adBms6830_read_cell_voltages	24	static
../Core/Src/adBms_Application.c:371:6:adBms6830_start_adc_s_voltage_measurment	16	static
../Core/Src/adBms_Application.c:388:6:adBms6830_read_s_voltages	24	static
../Core/Src/adBms_Application.c:404:6:adBms6830_start_avgcell_voltage_measurment	24	static
../Core/Src/adBms_Application.c:421:6:adBms6830_read_avgcell_voltages	24	static
../Core/Src/adBms_Application.c:437:6:adBms6830_start_fcell_voltage_measurment	32	static
../Core/Src/adBms_Application.c:454:6:adBms6830_read_fcell_voltages	24	static
../Core/Src/adBms_Application.c:470:6:adBms6830_start_aux_voltage_measurment	32	static
../Core/Src/adBms_Application.c:493:6:adBms6830_read_aux_voltages	24	static
../Core/Src/adBms_Application.c:507:6:adBms6830_start_raux_voltage_measurment	32	static
../Core/Src/adBms_Application.c:530:6:adBms6830_read_raux_voltages	24	static
../Core/Src/adBms_Application.c:544:6:adBms6830_read_status_registers	32	static
../Core/Src/adBms_Application.c:567:6:measurement_loop	16	static
../Core/Src/adBms_Application.c:644:6:adBms6830_clear_cell_measurement	16	static
../Core/Src/adBms_Application.c:659:6:adBms6830_clear_aux_measurement	16	static
../Core/Src/adBms_Application.c:674:6:adBms6830_clear_spin_measurement	16	static
../Core/Src/adBms_Application.c:689:6:adBms6830_clear_fcell_measurement	16	static
