../Core/Src/bms_eeprom_config.c:12:6:eeprom_write_uint8	56	static
../Core/Src/bms_eeprom_config.c:25:6:eeprom_read_uint8	56	static
../Core/Src/bms_eeprom_config.c:38:6:eeprom_write_uint16	56	static
../Core/Src/bms_eeprom_config.c:56:6:eeprom_read_uint16	56	static
../Core/Src/bms_eeprom_config.c:67:6:eeprom_write_uint32	56	static
../Core/Src/bms_eeprom_config.c:86:6:eeprom_read_uint32	56	static
../Core/Src/bms_eeprom_config.c:101:6:BmsConfig_LoadDefaults	4	static
../Core/Src/bms_eeprom_config.c:138:6:BmsConfig_IsProgrammed	24	static
../Core/Src/bms_eeprom_config.c:148:6:BmsConfig_Write	16	static
../Core/Src/bms_eeprom_config.c:258:6:BmsConfig_Read	16	static
../Core/Src/bms_eeprom_config.c:343:6:BmsConfig_ToBalanceConfig	16	static
../Core/Src/bms_eeprom_config.c:352:6:BmsConfig_Init	64	static
../Core/Src/bms_eeprom_config.c:397:6:BmsConfig_DumpEEPROM	72	dynamic
../Core/Src/bms_eeprom_config.c:447:6:BmsConfig_DumpUART	8	static
