../Core/Src/bms_libWrapper.c:94:6:bms_resetConfig	40	static
../Core/Src/bms_libWrapper.c:112:6:bms_init	8	static
../Core/Src/bms_libWrapper.c:116:6:bms_writeConfigA	16	static
../Core/Src/bms_libWrapper.c:129:6:bms_writeConfigB	16	static
../Core/Src/bms_libWrapper.c:142:6:bms_writePwmA	16	static
../Core/Src/bms_libWrapper.c:155:6:bms_writePwmB	16	static
../Core/Src/bms_libWrapper.c:168:6:bms68_setGpo45	24	static
../Core/Src/bms_libWrapper.c:178:6:bms_printRawData	24	static
../Core/Src/bms_libWrapper.c:190:6:bms_checkRxFault	40	static
../Core/Src/bms_libWrapper.c:212:6:bms_readSid	8	static
../Core/Src/bms_libWrapper.c:219:6:bms_readConfigA	8	static
../Core/Src/bms_libWrapper.c:226:6:bms_readConfigB	8	static
../Core/Src/bms_libWrapper.c:233:6:bms_startAdcvCont	8	static
../Core/Src/bms_libWrapper.c:252:6:bms_parseVoltage	40	static
../Core/Src/bms_libWrapper.c:266:6:bms_parseAuxVoltage	40	static
../Core/Src/bms_libWrapper.c:359:6:bms_calculateStats	32	static
../Core/Src/bms_libWrapper.c:385:6:bms_printVoltage	32	static
../Core/Src/bms_libWrapper.c:404:6:bms_printTemps	32	static
../Core/Src/bms_libWrapper.c:422:6:bms_readAvgCellVoltage	48	static
../Core/Src/bms_libWrapper.c:455:6:bms_readSVoltage	48	static
../Core/Src/bms_libWrapper.c:472:6:bms_getAuxVoltage	48	static
../Core/Src/bms_libWrapper.c:486:6:bms_openWireCheck	24	static
../Core/Src/bms_libWrapper.c:526:7:convertCellTemp	40	static
../Core/Src/bms_libWrapper.c:568:6:bms_parseTemps	16	static
../Core/Src/bms_libWrapper.c:577:6:bms_getAuxMeasurement	8	static
../Core/Src/bms_libWrapper.c:680:6:bms_setPwm	16	static
../Core/Src/bms_libWrapper.c:740:7:bms_calculateBalancing	32	static
../Core/Src/bms_libWrapper.c:788:6:bms_startDischarge	32	static
../Core/Src/bms_libWrapper.c:829:6:bms_stopDischarge	8	static
../Core/Src/bms_libWrapper.c:844:6:bms_readVB	32	static
../Core/Src/bms_libWrapper.c:853:6:bms_printRthTempsJson	16	static
../Core/Src/bms_libWrapper.c:871:6:send_ad68_ui	48	static
../Core/Src/bms_libWrapper.c:975:6:bms_balancingMeasureVoltage	8	static
../Core/Src/bms_libWrapper.c:994:6:bms_startBalancing	24	static
