../Core/Src/bms_libWrapper.c:98:6:bms_resetConfig	40	static
../Core/Src/bms_libWrapper.c:116:6:bms_init	8	static
../Core/Src/bms_libWrapper.c:120:6:bms_writeConfigA	16	static
../Core/Src/bms_libWrapper.c:133:6:bms_writeConfigB	16	static
../Core/Src/bms_libWrapper.c:146:6:bms_writePwmA	16	static
../Core/Src/bms_libWrapper.c:159:6:bms_writePwmB	16	static
../Core/Src/bms_libWrapper.c:172:6:bms68_setGpo45	24	static
../Core/Src/bms_libWrapper.c:182:6:bms_printRawData	24	static
../Core/Src/bms_libWrapper.c:194:6:bms_checkRxFault	40	static
../Core/Src/bms_libWrapper.c:216:6:bms_readSid	8	static
../Core/Src/bms_libWrapper.c:223:6:bms_readConfigA	8	static
../Core/Src/bms_libWrapper.c:230:6:bms_readConfigB	8	static
../Core/Src/bms_libWrapper.c:237:6:bms_startAdcvCont	8	static
../Core/Src/bms_libWrapper.c:256:6:bms_parseVoltage	40	static
../Core/Src/bms_libWrapper.c:270:6:bms_parseAuxVoltage	40	static
../Core/Src/bms_libWrapper.c:380:6:bms_calculateStats	32	static
../Core/Src/bms_libWrapper.c:406:6:bms_printVoltage	32	static
../Core/Src/bms_libWrapper.c:425:6:bms_printTemps	32	static
../Core/Src/bms_libWrapper.c:443:6:bms_readAvgCellVoltage	48	static
../Core/Src/bms_libWrapper.c:476:6:bms_readSVoltage	48	static
../Core/Src/bms_libWrapper.c:490:6:bms_getAuxVoltage	48	static
../Core/Src/bms_libWrapper.c:578:7:convertCellTemp	40	static
../Core/Src/bms_libWrapper.c:620:6:bms_parseTemps	16	static
../Core/Src/bms_libWrapper.c:629:6:bms_getAuxMeasurement	8	static
../Core/Src/bms_libWrapper.c:732:6:bms_setPwm	16	static
../Core/Src/bms_libWrapper.c:791:7:bms_calculateBalancing	32	static
../Core/Src/bms_libWrapper.c:839:6:bms_startDischarge	32	static
../Core/Src/bms_libWrapper.c:873:6:bms_stopDischarge	8	static
../Core/Src/bms_libWrapper.c:888:6:bms_readVB	32	static
../Core/Src/bms_libWrapper.c:897:6:bms_printRthTempsJson	16	static
../Core/Src/bms_libWrapper.c:915:6:send_ad68_ui	48	static
../Core/Src/bms_libWrapper.c:1019:6:bms_balancingMeasureVoltage	8	static
../Core/Src/bms_libWrapper.c:1036:6:bms_startBalancing	24	static
../Core/Src/bms_libWrapper.c:1044:6:ad68_dump_csv_bt	24	static
../Core/Src/bms_libWrapper.c:1116:6:bms_openWireCheck	400	static
../Core/Src/bms_libWrapper.c:1269:19:Slaves_CAN_SendMessage	24	static
../Core/Src/bms_libWrapper.c:1284:10:conv_voltage	24	static
../Core/Src/bms_libWrapper.c:1293:19:CAN_Send_AD68_Voltages_Module	328	static
../Core/Src/bms_libWrapper.c:1744:10:conv_temp	24	static
../Core/Src/bms_libWrapper.c:1751:19:CAN_Send_AD68_Temperatures_Module	328	static
../Core/Src/bms_libWrapper.c:2202:6:CAN_Send_AD68_All	24	static
