../Core/Src/bms_libWrapper.c:95:6:bms_resetConfig	40	static
../Core/Src/bms_libWrapper.c:113:6:bms_init	8	static
../Core/Src/bms_libWrapper.c:117:6:bms_writeConfigA	16	static
../Core/Src/bms_libWrapper.c:130:6:bms_writeConfigB	16	static
../Core/Src/bms_libWrapper.c:143:6:bms_writePwmA	16	static
../Core/Src/bms_libWrapper.c:156:6:bms_writePwmB	16	static
../Core/Src/bms_libWrapper.c:169:6:bms68_setGpo45	24	static
../Core/Src/bms_libWrapper.c:179:6:bms_printRawData	24	static
../Core/Src/bms_libWrapper.c:191:6:bms_checkRxFault	40	static
../Core/Src/bms_libWrapper.c:213:6:bms_readSid	8	static
../Core/Src/bms_libWrapper.c:220:6:bms_readConfigA	8	static
../Core/Src/bms_libWrapper.c:227:6:bms_readConfigB	8	static
../Core/Src/bms_libWrapper.c:234:6:bms_startAdcvCont	8	static
../Core/Src/bms_libWrapper.c:253:6:bms_parseVoltage	40	static
../Core/Src/bms_libWrapper.c:267:6:bms_parseAuxVoltage	40	static
../Core/Src/bms_libWrapper.c:360:6:bms_calculateStats	32	static
../Core/Src/bms_libWrapper.c:386:6:bms_printVoltage	32	static
../Core/Src/bms_libWrapper.c:405:6:bms_printTemps	32	static
../Core/Src/bms_libWrapper.c:423:6:bms_readAvgCellVoltage	48	static
../Core/Src/bms_libWrapper.c:456:6:bms_readSVoltage	48	static
../Core/Src/bms_libWrapper.c:473:6:bms_getAuxVoltage	48	static
../Core/Src/bms_libWrapper.c:561:7:convertCellTemp	40	static
../Core/Src/bms_libWrapper.c:603:6:bms_parseTemps	16	static
../Core/Src/bms_libWrapper.c:612:6:bms_getAuxMeasurement	8	static
../Core/Src/bms_libWrapper.c:715:6:bms_setPwm	16	static
../Core/Src/bms_libWrapper.c:775:7:bms_calculateBalancing	32	static
../Core/Src/bms_libWrapper.c:823:6:bms_startDischarge	32	static
../Core/Src/bms_libWrapper.c:864:6:bms_stopDischarge	8	static
../Core/Src/bms_libWrapper.c:879:6:bms_readVB	32	static
../Core/Src/bms_libWrapper.c:888:6:bms_printRthTempsJson	16	static
../Core/Src/bms_libWrapper.c:906:6:send_ad68_ui	48	static
../Core/Src/bms_libWrapper.c:1010:6:bms_balancingMeasureVoltage	8	static
../Core/Src/bms_libWrapper.c:1029:6:bms_startBalancing	24	static
../Core/Src/bms_libWrapper.c:1039:6:ad68_dump_csv_bt	24	static
../Core/Src/bms_libWrapper.c:1094:6:bms_openWireCheck	16	static
