../Core/Src/brain.c:55:6:brain_start	24	static
../Core/Src/brain.c:120:6:brain_loop	16	static
../Core/Src/brain.c:272:6:HAL_ADC_ConvCpltCallback	16	static
../Core/Src/brain.c:279:6:HAL_TIM_PeriodElapsedCallback	16	static
../Core/Src/brain.c:287:6:HAL_GPIO_EXTI_Callback	16	static
../Core/Src/brain.c:300:6:HAL_SYSTICK_Callback	8	static
../Core/Src/brain.c:324:6:heartbeat	4	static
../Core/Src/brain.c:363:10:getRuntimeSeconds	4	static
../Core/Src/brain.c:367:10:getRuntimeMs	8	static
../Core/Src/brain.c:371:10:getRuntimeMsDiff	16	static
../Core/Src/brain.c:375:6:RaiseError	16	static
