../Core/Src/brain.c:51:6:brain_start	8	static
../Core/Src/brain.c:109:6:brain_loop	8	static
../Core/Src/brain.c:242:6:HAL_ADC_ConvCpltCallback	16	static
../Core/Src/brain.c:249:6:HAL_TIM_PeriodElapsedCallback	16	static
../Core/Src/brain.c:257:6:HAL_GPIO_EXTI_Callback	16	static
../Core/Src/brain.c:270:6:HAL_SYSTICK_Callback	8	static
../Core/Src/brain.c:294:6:heartbeat	4	static
../Core/Src/brain.c:333:10:getRuntimeSeconds	4	static
../Core/Src/brain.c:337:10:getRuntimeMs	8	static
../Core/Src/brain.c:341:10:getRuntimeMsDiff	16	static
../Core/Src/brain.c:345:6:RaiseError	16	static
