../Core/Src/main.c:105:5:main	8	static
../Core/Src/main.c:170:6:SystemClock_Config	88	static
../Core/Src/main.c:219:13:MX_ADC1_Init	24	static
../Core/Src/main.c:271:13:MX_CAN1_Init	8	static
../Core/Src/main.c:324:13:MX_CAN2_Init	8	static
../Core/Src/main.c:361:13:MX_I2C1_Init	8	static
../Core/Src/main.c:395:13:MX_I2C3_Init	8	static
../Core/Src/main.c:429:13:MX_RTC_Init	8	static
../Core/Src/main.c:464:13:MX_SPI1_Init	8	static
../Core/Src/main.c:502:13:MX_TIM2_Init	32	static
../Core/Src/main.c:547:13:MX_TIM5_Init	32	static
../Core/Src/main.c:592:13:MX_TIM8_Init	32	static
../Core/Src/main.c:638:13:MX_TIM10_Init	8	static
../Core/Src/main.c:669:13:MX_TIM11_Init	8	static
../Core/Src/main.c:700:13:MX_USART1_UART_Init	8	static
../Core/Src/main.c:733:13:MX_USART2_UART_Init	8	static
../Core/Src/main.c:764:13:MX_DMA_Init	16	static
../Core/Src/main.c:789:13:MX_GPIO_Init	48	static
../Core/Src/main.c:863:1:__io_putchar	24	static
../Core/Src/main.c:878:6:Error_Handler	4	static,ignoring_inline_asm
