../Core/Src/main.c:105:5:main	8	static
../Core/Src/main.c:169:6:SystemClock_Config	88	static
../Core/Src/main.c:218:13:MX_ADC1_Init	24	static
../Core/Src/main.c:270:13:MX_CAN1_Init	16	static
../Core/Src/main.c:323:13:MX_CAN2_Init	8	static
../Core/Src/main.c:360:13:MX_I2C1_Init	8	static
../Core/Src/main.c:394:13:MX_I2C3_Init	8	static
../Core/Src/main.c:428:13:MX_RTC_Init	8	static
../Core/Src/main.c:463:13:MX_SPI1_Init	8	static
../Core/Src/main.c:501:13:MX_TIM2_Init	32	static
../Core/Src/main.c:546:13:MX_TIM5_Init	32	static
../Core/Src/main.c:591:13:MX_TIM8_Init	32	static
../Core/Src/main.c:637:13:MX_TIM10_Init	8	static
../Core/Src/main.c:668:13:MX_TIM11_Init	8	static
../Core/Src/main.c:699:13:MX_USART1_UART_Init	8	static
../Core/Src/main.c:732:13:MX_USART2_UART_Init	8	static
../Core/Src/main.c:763:13:MX_DMA_Init	16	static
../Core/Src/main.c:788:13:MX_GPIO_Init	48	static
../Core/Src/main.c:857:1:__io_putchar	24	static
../Core/Src/main.c:872:6:Error_Handler	4	static,ignoring_inline_asm
