../Core/Src/main.c:152:5:main	40	static
../Core/Src/main.c:395:6:SystemClock_Config	88	static
../Core/Src/main.c:444:13:MX_ADC1_Init	24	static
../Core/Src/main.c:496:13:MX_CAN1_Init	16	static
../Core/Src/main.c:549:13:MX_CAN2_Init	8	static
../Core/Src/main.c:586:13:MX_I2C1_Init	8	static
../Core/Src/main.c:620:13:MX_I2C3_Init	8	static
../Core/Src/main.c:654:13:MX_RTC_Init	8	static
../Core/Src/main.c:689:13:MX_SPI1_Init	8	static
../Core/Src/main.c:727:13:MX_TIM2_Init	32	static
../Core/Src/main.c:772:13:MX_TIM5_Init	32	static
../Core/Src/main.c:817:13:MX_TIM6_Init	16	static
../Core/Src/main.c:855:13:MX_TIM8_Init	32	static
../Core/Src/main.c:901:13:MX_TIM10_Init	8	static
../Core/Src/main.c:932:13:MX_TIM11_Init	8	static
../Core/Src/main.c:963:13:MX_USART1_UART_Init	8	static
../Core/Src/main.c:996:13:MX_USART2_UART_Init	8	static
../Core/Src/main.c:1027:13:MX_DMA_Init	16	static
../Core/Src/main.c:1049:13:MX_GPIO_Init	48	static
../Core/Src/main.c:1118:1:__io_putchar	24	static
../Core/Src/main.c:1129:6:HAL_TIM_PeriodElapsedCallback	16	static
../Core/Src/main.c:1160:6:HAL_SYSTICK_Callback	8	static
../Core/Src/main.c:1181:10:getRuntimeMs	8	static
../Core/Src/main.c:1185:10:getRuntimeMsDiff	16	static
../Core/Src/main.c:1189:6:HAL_GPIO_EXTI_Callback	16	static
../Core/Src/main.c:1206:6:Error_Handler	4	static,ignoring_inline_asm
