../Core/Src/main.c:99:5:main	8	static
../Core/Src/main.c:162:6:SystemClock_Config	88	static
../Core/Src/main.c:209:13:MX_ADC1_Init	24	static
../Core/Src/main.c:279:13:MX_CAN1_Init	8	static
../Core/Src/main.c:332:13:MX_CAN2_Init	8	static
../Core/Src/main.c:369:13:MX_I2C1_Init	8	static
../Core/Src/main.c:403:13:MX_I2C3_Init	8	static
../Core/Src/main.c:437:13:MX_SPI1_Init	8	static
../Core/Src/main.c:475:13:MX_TIM2_Init	48	static
../Core/Src/main.c:533:13:MX_TIM3_Init	32	static
../Core/Src/main.c:578:13:MX_TIM5_Init	32	static
../Core/Src/main.c:623:13:MX_TIM12_Init	40	static
../Core/Src/main.c:665:13:MX_USART1_UART_Init	8	static
../Core/Src/main.c:698:13:MX_USART2_UART_Init	8	static
../Core/Src/main.c:729:13:MX_DMA_Init	16	static
../Core/Src/main.c:754:13:MX_GPIO_Init	48	static
../Core/Src/main.c:884:6:Error_Handler	4	static,ignoring_inline_asm
