../Core/Src/main.c:130:5:main	32	static
../Core/Src/main.c:358:6:SystemClock_Config	88	static
../Core/Src/main.c:407:13:MX_ADC1_Init	24	static
../Core/Src/main.c:459:13:MX_CAN1_Init	8	static
../Core/Src/main.c:496:13:MX_CAN2_Init	8	static
../Core/Src/main.c:533:13:MX_I2C1_Init	8	static
../Core/Src/main.c:567:13:MX_RTC_Init	8	static
../Core/Src/main.c:602:13:MX_SPI1_Init	8	static
../Core/Src/main.c:640:13:MX_TIM2_Init	32	static
../Core/Src/main.c:685:13:MX_TIM5_Init	32	static
../Core/Src/main.c:730:13:MX_TIM8_Init	32	static
../Core/Src/main.c:776:13:MX_TIM10_Init	8	static
../Core/Src/main.c:807:13:MX_TIM11_Init	8	static
../Core/Src/main.c:838:13:MX_USART1_UART_Init	8	static
../Core/Src/main.c:869:13:MX_DMA_Init	16	static
../Core/Src/main.c:887:13:MX_GPIO_Init	48	static
../Core/Src/main.c:943:1:__io_putchar	24	static
../Core/Src/main.c:954:6:HAL_TIM_PeriodElapsedCallback	16	static
../Core/Src/main.c:976:10:getRuntimeMs	8	static
../Core/Src/main.c:980:10:getRuntimeMsDiff	16	static
../Core/Src/main.c:984:6:HAL_GPIO_EXTI_Callback	16	static
../Core/Src/main.c:1003:6:Error_Handler	4	static,ignoring_inline_asm
