../Core/Src/main.c:123:5:main	16	static
../Core/Src/main.c:347:6:SystemClock_Config	88	static
../Core/Src/main.c:394:13:MX_ADC1_Init	24	static
../Core/Src/main.c:446:13:MX_CAN1_Init	8	static
../Core/Src/main.c:483:13:MX_CAN2_Init	8	static
../Core/Src/main.c:520:13:MX_I2C1_Init	8	static
../Core/Src/main.c:554:13:MX_SPI1_Init	8	static
../Core/Src/main.c:592:13:MX_TIM2_Init	32	static
../Core/Src/main.c:637:13:MX_TIM5_Init	32	static
../Core/Src/main.c:682:13:MX_TIM8_Init	32	static
../Core/Src/main.c:728:13:MX_TIM10_Init	8	static
../Core/Src/main.c:759:13:MX_TIM11_Init	8	static
../Core/Src/main.c:790:13:MX_USART1_UART_Init	8	static
../Core/Src/main.c:821:13:MX_DMA_Init	16	static
../Core/Src/main.c:839:13:MX_GPIO_Init	48	static
../Core/Src/main.c:895:1:__io_putchar	24	static
../Core/Src/main.c:906:6:HAL_TIM_PeriodElapsedCallback	16	static
../Core/Src/main.c:928:10:getRuntimeMs	8	static
../Core/Src/main.c:932:10:getRuntimeMsDiff	16	static
../Core/Src/main.c:936:6:HAL_GPIO_EXTI_Callback	16	static
../Core/Src/main.c:955:6:Error_Handler	4	static,ignoring_inline_asm
