../Core/Src/main.c:97:5:main	8	static
../Core/Src/main.c:159:6:SystemClock_Config	88	static
../Core/Src/main.c:206:13:MX_ADC1_Init	24	static
../Core/Src/main.c:276:13:MX_CAN1_Init	8	static
../Core/Src/main.c:329:13:MX_CAN2_Init	8	static
../Core/Src/main.c:366:13:MX_I2C1_Init	8	static
../Core/Src/main.c:400:13:MX_I2C3_Init	8	static
../Core/Src/main.c:434:13:MX_SPI1_Init	8	static
../Core/Src/main.c:472:13:MX_TIM2_Init	48	static
../Core/Src/main.c:530:13:MX_TIM5_Init	32	static
../Core/Src/main.c:575:13:MX_TIM12_Init	40	static
../Core/Src/main.c:617:13:MX_USART1_UART_Init	8	static
../Core/Src/main.c:650:13:MX_USART2_UART_Init	8	static
../Core/Src/main.c:681:13:MX_DMA_Init	16	static
../Core/Src/main.c:706:13:MX_GPIO_Init	48	static
../Core/Src/main.c:836:6:Error_Handler	4	static,ignoring_inline_asm
