../Core/Src/main.c:97:5:main	1
../Core/Src/main.c:159:6:SystemClock_Config	3
../Core/Src/main.c:206:13:MX_ADC1_Init	5
../Core/Src/main.c:277:13:MX_CAN1_Init	2
../Core/Src/main.c:330:13:MX_CAN2_Init	2
../Core/Src/main.c:367:13:MX_I2C1_Init	2
../Core/Src/main.c:401:13:MX_I2C3_Init	2
../Core/Src/main.c:435:13:MX_SPI1_Init	2
../Core/Src/main.c:473:13:MX_TIM2_Init	6
../Core/Src/main.c:531:13:MX_TIM5_Init	4
../Core/Src/main.c:576:13:MX_TIM12_Init	3
../Core/Src/main.c:618:13:MX_USART1_UART_Init	2
../Core/Src/main.c:651:13:MX_USART2_UART_Init	2
../Core/Src/main.c:682:13:MX_DMA_Init	1
../Core/Src/main.c:707:13:MX_GPIO_Init	1
../Core/Src/main.c:837:6:Error_Handler	1
