../Core/Src/main.c:121:5:main	24	static
../Core/Src/main.c:344:6:SystemClock_Config	88	static
../Core/Src/main.c:391:13:MX_ADC1_Init	24	static
../Core/Src/main.c:443:13:MX_CAN1_Init	8	static
../Core/Src/main.c:480:13:MX_CAN2_Init	8	static
../Core/Src/main.c:517:13:MX_I2C1_Init	8	static
../Core/Src/main.c:551:13:MX_SPI1_Init	8	static
../Core/Src/main.c:589:13:MX_TIM2_Init	32	static
../Core/Src/main.c:634:13:MX_TIM5_Init	32	static
../Core/Src/main.c:679:13:MX_TIM8_Init	32	static
../Core/Src/main.c:725:13:MX_TIM10_Init	8	static
../Core/Src/main.c:756:13:MX_TIM11_Init	8	static
../Core/Src/main.c:787:13:MX_USART1_UART_Init	8	static
../Core/Src/main.c:818:13:MX_DMA_Init	16	static
../Core/Src/main.c:836:13:MX_GPIO_Init	48	static
../Core/Src/main.c:902:1:__io_putchar	24	static
../Core/Src/main.c:913:6:HAL_TIM_PeriodElapsedCallback	16	static
../Core/Src/main.c:935:10:getRuntimeMs	8	static
../Core/Src/main.c:939:10:getRuntimeMsDiff	16	static
../Core/Src/main.c:943:6:HAL_GPIO_EXTI_Callback	16	static
../Core/Src/main.c:962:6:Error_Handler	4	static,ignoring_inline_asm
