../Core/Src/main.c:107:5:main	8	static
../Core/Src/main.c:173:6:SystemClock_Config	88	static
../Core/Src/main.c:222:13:MX_ADC1_Init	24	static
../Core/Src/main.c:274:13:MX_CAN1_Init	8	static
../Core/Src/main.c:327:13:MX_CAN2_Init	8	static
../Core/Src/main.c:364:13:MX_I2C1_Init	8	static
../Core/Src/main.c:398:13:MX_I2C3_Init	8	static
../Core/Src/main.c:432:13:MX_RTC_Init	8	static
../Core/Src/main.c:467:13:MX_SPI1_Init	8	static
../Core/Src/main.c:505:13:MX_TIM2_Init	32	static
../Core/Src/main.c:550:13:MX_TIM5_Init	32	static
../Core/Src/main.c:595:13:MX_TIM8_Init	32	static
../Core/Src/main.c:641:13:MX_TIM10_Init	8	static
../Core/Src/main.c:672:13:MX_TIM11_Init	8	static
../Core/Src/main.c:703:13:MX_TIM12_Init	40	static
../Core/Src/main.c:745:13:MX_USART1_UART_Init	8	static
../Core/Src/main.c:778:13:MX_USART2_UART_Init	8	static
../Core/Src/main.c:809:13:MX_DMA_Init	16	static
../Core/Src/main.c:834:13:MX_GPIO_Init	48	static
../Core/Src/main.c:955:1:__io_putchar	24	static
../Core/Src/main.c:970:6:Error_Handler	4	static,ignoring_inline_asm
