../Core/Src/serialPrintResult.c:43:6:printWriteConfig	24	static
../Core/Src/serialPrintResult.c:106:6:printReadConfig	24	static
../Core/Src/serialPrintResult.c:197:6:printVoltages	40	static
../Core/Src/serialPrintResult.c:293:6:printStatus	24	static
../Core/Src/serialPrintResult.c:500:6:printDeviceSID	24	static
../Core/Src/serialPrintResult.c:539:6:printWritePwmDutyCycle	24	static
../Core/Src/serialPrintResult.c:592:6:printReadPwmDutyCycle	24	static
../Core/Src/serialPrintResult.c:665:6:printWriteCommData	24	static
../Core/Src/serialPrintResult.c:700:6:printReadCommData	24	static
../Core/Src/serialPrintResult.c:740:6:printDiagnosticTestResult	24	static
../Core/Src/serialPrintResult.c:812:6:diagnosticTestResultPrint	16	static
../Core/Src/serialPrintResult.c:838:6:printOpenWireTestResult	24	static
../Core/Src/serialPrintResult.c:888:6:openWireResultPrint	16	static
../Core/Src/serialPrintResult.c:907:6:printPollAdcConvTime	16	static
../Core/Src/serialPrintResult.c:922:6:printMenu	8	static
../Core/Src/serialPrintResult.c:966:7:getVoltage	24	static
