../Core/Src/serialPrintResult.c:44:6:printWriteConfig	24	static
../Core/Src/serialPrintResult.c:107:6:printReadConfig	24	static
../Core/Src/serialPrintResult.c:198:6:printVoltages	40	static
../Core/Src/serialPrintResult.c:298:6:printStatus	24	static
../Core/Src/serialPrintResult.c:505:6:printDeviceSID	24	static
../Core/Src/serialPrintResult.c:544:6:printWritePwmDutyCycle	24	static
../Core/Src/serialPrintResult.c:597:6:printReadPwmDutyCycle	24	static
../Core/Src/serialPrintResult.c:670:6:printWriteCommData	24	static
../Core/Src/serialPrintResult.c:705:6:printReadCommData	24	static
../Core/Src/serialPrintResult.c:745:6:printDiagnosticTestResult	24	static
../Core/Src/serialPrintResult.c:817:6:diagnosticTestResultPrint	16	static
../Core/Src/serialPrintResult.c:843:6:printOpenWireTestResult	24	static
../Core/Src/serialPrintResult.c:893:6:openWireResultPrint	16	static
../Core/Src/serialPrintResult.c:912:6:printPollAdcConvTime	16	static
../Core/Src/serialPrintResult.c:927:6:printMenu	8	static
../Core/Src/serialPrintResult.c:971:7:getVoltage	24	static
../Core/Src/serialPrintResult.c:991:7:getTemperature	56	static
