../Core/Src/dbc/eveurope_charger.c:36:23:pack_left_shift_u8	16	static
../Core/Src/dbc/eveurope_charger.c:44:23:pack_left_shift_u16	16	static
../Core/Src/dbc/eveurope_charger.c:52:23:pack_right_shift_u16	16	static
../Core/Src/dbc/eveurope_charger.c:60:24:unpack_left_shift_u16	16	static
../Core/Src/dbc/eveurope_charger.c:68:23:unpack_right_shift_u8	16	static
../Core/Src/dbc/eveurope_charger.c:76:24:unpack_right_shift_u16	16	static
../Core/Src/dbc/eveurope_charger.c:84:5:eveurope_charger_bms_charging_request_pack	24	static
../Core/Src/dbc/eveurope_charger.c:104:5:eveurope_charger_bms_charging_request_unpack	24	static
../Core/Src/dbc/eveurope_charger.c:122:5:eveurope_charger_bms_charging_request_init	16	static
../Core/Src/dbc/eveurope_charger.c:131:10:eveurope_charger_bms_charging_request_max_charging_voltage_encode	16	static
../Core/Src/dbc/eveurope_charger.c:136:8:eveurope_charger_bms_charging_request_max_charging_voltage_decode	16	static
../Core/Src/dbc/eveurope_charger.c:141:6:eveurope_charger_bms_charging_request_max_charging_voltage_is_in_range	16	static
../Core/Src/dbc/eveurope_charger.c:148:6:eveurope_charger_bms_charging_request_max_charging_voltage_is_in_phys_range	16	static
../Core/Src/dbc/eveurope_charger.c:153:10:eveurope_charger_bms_charging_request_max_charging_current_encode	16	static
../Core/Src/dbc/eveurope_charger.c:158:8:eveurope_charger_bms_charging_request_max_charging_current_decode	16	static
../Core/Src/dbc/eveurope_charger.c:163:6:eveurope_charger_bms_charging_request_max_charging_current_is_in_range	16	static
../Core/Src/dbc/eveurope_charger.c:170:6:eveurope_charger_bms_charging_request_max_charging_current_is_in_phys_range	16	static
../Core/Src/dbc/eveurope_charger.c:175:9:eveurope_charger_bms_charging_request_control_encode	16	static
../Core/Src/dbc/eveurope_charger.c:180:8:eveurope_charger_bms_charging_request_control_decode	16	static
../Core/Src/dbc/eveurope_charger.c:185:6:eveurope_charger_bms_charging_request_control_is_in_range	16	static
../Core/Src/dbc/eveurope_charger.c:192:6:eveurope_charger_bms_charging_request_control_is_in_phys_range	16	static
../Core/Src/dbc/eveurope_charger.c:197:5:eveurope_charger_charger_status_pack	24	static
../Core/Src/dbc/eveurope_charger.c:222:5:eveurope_charger_charger_status_unpack	24	static
../Core/Src/dbc/eveurope_charger.c:245:5:eveurope_charger_charger_status_init	16	static
../Core/Src/dbc/eveurope_charger.c:254:10:eveurope_charger_charger_status_output_voltage_encode	16	static
../Core/Src/dbc/eveurope_charger.c:259:8:eveurope_charger_charger_status_output_voltage_decode	16	static
../Core/Src/dbc/eveurope_charger.c:264:6:eveurope_charger_charger_status_output_voltage_is_in_range	16	static
../Core/Src/dbc/eveurope_charger.c:271:6:eveurope_charger_charger_status_output_voltage_is_in_phys_range	16	static
../Core/Src/dbc/eveurope_charger.c:276:10:eveurope_charger_charger_status_output_current_encode	16	static
../Core/Src/dbc/eveurope_charger.c:281:8:eveurope_charger_charger_status_output_current_decode	16	static
../Core/Src/dbc/eveurope_charger.c:286:6:eveurope_charger_charger_status_output_current_is_in_range	16	static
../Core/Src/dbc/eveurope_charger.c:293:6:eveurope_charger_charger_status_output_current_is_in_phys_range	16	static
../Core/Src/dbc/eveurope_charger.c:298:9:eveurope_charger_charger_status_hw_failure_encode	16	static
../Core/Src/dbc/eveurope_charger.c:303:8:eveurope_charger_charger_status_hw_failure_decode	16	static
../Core/Src/dbc/eveurope_charger.c:308:6:eveurope_charger_charger_status_hw_failure_is_in_range	16	static
../Core/Src/dbc/eveurope_charger.c:313:6:eveurope_charger_charger_status_hw_failure_is_in_phys_range	16	static
../Core/Src/dbc/eveurope_charger.c:318:9:eveurope_charger_charger_status_temp_otp_encode	16	static
../Core/Src/dbc/eveurope_charger.c:323:8:eveurope_charger_charger_status_temp_otp_decode	16	static
../Core/Src/dbc/eveurope_charger.c:328:6:eveurope_charger_charger_status_temp_otp_is_in_range	16	static
../Core/Src/dbc/eveurope_charger.c:333:6:eveurope_charger_charger_status_temp_otp_is_in_phys_range	16	static
../Core/Src/dbc/eveurope_charger.c:338:9:eveurope_charger_charger_status_input_voltage_fault_encode	16	static
../Core/Src/dbc/eveurope_charger.c:343:8:eveurope_charger_charger_status_input_voltage_fault_decode	16	static
../Core/Src/dbc/eveurope_charger.c:348:6:eveurope_charger_charger_status_input_voltage_fault_is_in_range	16	static
../Core/Src/dbc/eveurope_charger.c:353:6:eveurope_charger_charger_status_input_voltage_fault_is_in_phys_range	16	static
../Core/Src/dbc/eveurope_charger.c:358:9:eveurope_charger_charger_status_starting_state_fault_encode	16	static
../Core/Src/dbc/eveurope_charger.c:363:8:eveurope_charger_charger_status_starting_state_fault_decode	16	static
../Core/Src/dbc/eveurope_charger.c:368:6:eveurope_charger_charger_status_starting_state_fault_is_in_range	16	static
../Core/Src/dbc/eveurope_charger.c:373:6:eveurope_charger_charger_status_starting_state_fault_is_in_phys_range	16	static
../Core/Src/dbc/eveurope_charger.c:378:9:eveurope_charger_charger_status_comm_timeout_encode	16	static
../Core/Src/dbc/eveurope_charger.c:383:8:eveurope_charger_charger_status_comm_timeout_decode	16	static
../Core/Src/dbc/eveurope_charger.c:388:6:eveurope_charger_charger_status_comm_timeout_is_in_range	16	static
../Core/Src/dbc/eveurope_charger.c:393:6:eveurope_charger_charger_status_comm_timeout_is_in_phys_range	16	static
../Core/Src/dbc/eveurope_charger.c:398:9:eveurope_charger_charger_status_charger_temperature_encode	16	static
../Core/Src/dbc/eveurope_charger.c:403:8:eveurope_charger_charger_status_charger_temperature_decode	16	static
../Core/Src/dbc/eveurope_charger.c:408:6:eveurope_charger_charger_status_charger_temperature_is_in_range	16	static
../Core/Src/dbc/eveurope_charger.c:415:6:eveurope_charger_charger_status_charger_temperature_is_in_phys_range	16	static
../Core/Src/dbc/eveurope_charger.c:420:5:eveurope_charger_bms_charging_request_p998_pack	24	static
../Core/Src/dbc/eveurope_charger.c:440:5:eveurope_charger_bms_charging_request_p998_unpack	24	static
../Core/Src/dbc/eveurope_charger.c:458:5:eveurope_charger_bms_charging_request_p998_init	16	static
../Core/Src/dbc/eveurope_charger.c:467:10:eveurope_charger_bms_charging_request_p998_max_charging_voltage_encode	16	static
../Core/Src/dbc/eveurope_charger.c:472:8:eveurope_charger_bms_charging_request_p998_max_charging_voltage_decode	16	static
../Core/Src/dbc/eveurope_charger.c:477:6:eveurope_charger_bms_charging_request_p998_max_charging_voltage_is_in_range	16	static
../Core/Src/dbc/eveurope_charger.c:484:6:eveurope_charger_bms_charging_request_p998_max_charging_voltage_is_in_phys_range	16	static
../Core/Src/dbc/eveurope_charger.c:489:10:eveurope_charger_bms_charging_request_p998_max_charging_current_encode	16	static
../Core/Src/dbc/eveurope_charger.c:494:8:eveurope_charger_bms_charging_request_p998_max_charging_current_decode	16	static
../Core/Src/dbc/eveurope_charger.c:499:6:eveurope_charger_bms_charging_request_p998_max_charging_current_is_in_range	16	static
../Core/Src/dbc/eveurope_charger.c:506:6:eveurope_charger_bms_charging_request_p998_max_charging_current_is_in_phys_range	16	static
../Core/Src/dbc/eveurope_charger.c:511:9:eveurope_charger_bms_charging_request_p998_control_encode	16	static
../Core/Src/dbc/eveurope_charger.c:516:8:eveurope_charger_bms_charging_request_p998_control_decode	16	static
../Core/Src/dbc/eveurope_charger.c:521:6:eveurope_charger_bms_charging_request_p998_control_is_in_range	16	static
../Core/Src/dbc/eveurope_charger.c:528:6:eveurope_charger_bms_charging_request_p998_control_is_in_phys_range	16	static
../Core/Src/dbc/eveurope_charger.c:533:5:eveurope_charger_charger_status_p998_pack	24	static
../Core/Src/dbc/eveurope_charger.c:558:5:eveurope_charger_charger_status_p998_unpack	24	static
../Core/Src/dbc/eveurope_charger.c:581:5:eveurope_charger_charger_status_p998_init	16	static
../Core/Src/dbc/eveurope_charger.c:590:10:eveurope_charger_charger_status_p998_output_voltage_encode	16	static
../Core/Src/dbc/eveurope_charger.c:595:8:eveurope_charger_charger_status_p998_output_voltage_decode	16	static
../Core/Src/dbc/eveurope_charger.c:600:6:eveurope_charger_charger_status_p998_output_voltage_is_in_range	16	static
../Core/Src/dbc/eveurope_charger.c:607:6:eveurope_charger_charger_status_p998_output_voltage_is_in_phys_range	16	static
../Core/Src/dbc/eveurope_charger.c:612:10:eveurope_charger_charger_status_p998_output_current_encode	16	static
../Core/Src/dbc/eveurope_charger.c:617:8:eveurope_charger_charger_status_p998_output_current_decode	16	static
../Core/Src/dbc/eveurope_charger.c:622:6:eveurope_charger_charger_status_p998_output_current_is_in_range	16	static
../Core/Src/dbc/eveurope_charger.c:629:6:eveurope_charger_charger_status_p998_output_current_is_in_phys_range	16	static
../Core/Src/dbc/eveurope_charger.c:634:9:eveurope_charger_charger_status_p998_hw_failure_encode	16	static
../Core/Src/dbc/eveurope_charger.c:639:8:eveurope_charger_charger_status_p998_hw_failure_decode	16	static
../Core/Src/dbc/eveurope_charger.c:644:6:eveurope_charger_charger_status_p998_hw_failure_is_in_range	16	static
../Core/Src/dbc/eveurope_charger.c:649:6:eveurope_charger_charger_status_p998_hw_failure_is_in_phys_range	16	static
../Core/Src/dbc/eveurope_charger.c:654:9:eveurope_charger_charger_status_p998_temp_otp_encode	16	static
../Core/Src/dbc/eveurope_charger.c:659:8:eveurope_charger_charger_status_p998_temp_otp_decode	16	static
../Core/Src/dbc/eveurope_charger.c:664:6:eveurope_charger_charger_status_p998_temp_otp_is_in_range	16	static
../Core/Src/dbc/eveurope_charger.c:669:6:eveurope_charger_charger_status_p998_temp_otp_is_in_phys_range	16	static
../Core/Src/dbc/eveurope_charger.c:674:9:eveurope_charger_charger_status_p998_input_voltage_fault_encode	16	static
../Core/Src/dbc/eveurope_charger.c:679:8:eveurope_charger_charger_status_p998_input_voltage_fault_decode	16	static
../Core/Src/dbc/eveurope_charger.c:684:6:eveurope_charger_charger_status_p998_input_voltage_fault_is_in_range	16	static
../Core/Src/dbc/eveurope_charger.c:689:6:eveurope_charger_charger_status_p998_input_voltage_fault_is_in_phys_range	16	static
../Core/Src/dbc/eveurope_charger.c:694:9:eveurope_charger_charger_status_p998_starting_state_fault_encode	16	static
../Core/Src/dbc/eveurope_charger.c:699:8:eveurope_charger_charger_status_p998_starting_state_fault_decode	16	static
../Core/Src/dbc/eveurope_charger.c:704:6:eveurope_charger_charger_status_p998_starting_state_fault_is_in_range	16	static
../Core/Src/dbc/eveurope_charger.c:709:6:eveurope_charger_charger_status_p998_starting_state_fault_is_in_phys_range	16	static
../Core/Src/dbc/eveurope_charger.c:714:9:eveurope_charger_charger_status_p998_comm_timeout_encode	16	static
../Core/Src/dbc/eveurope_charger.c:719:8:eveurope_charger_charger_status_p998_comm_timeout_decode	16	static
../Core/Src/dbc/eveurope_charger.c:724:6:eveurope_charger_charger_status_p998_comm_timeout_is_in_range	16	static
../Core/Src/dbc/eveurope_charger.c:729:6:eveurope_charger_charger_status_p998_comm_timeout_is_in_phys_range	16	static
../Core/Src/dbc/eveurope_charger.c:734:9:eveurope_charger_charger_status_p998_charger_temperature_encode	16	static
../Core/Src/dbc/eveurope_charger.c:739:8:eveurope_charger_charger_status_p998_charger_temperature_decode	16	static
../Core/Src/dbc/eveurope_charger.c:744:6:eveurope_charger_charger_status_p998_charger_temperature_is_in_range	16	static
../Core/Src/dbc/eveurope_charger.c:751:6:eveurope_charger_charger_status_p998_charger_temperature_is_in_phys_range	16	static
../Core/Src/dbc/eveurope_charger.c:756:5:eveurope_charger_bms_charging_request_p1000_pack	24	static
../Core/Src/dbc/eveurope_charger.c:776:5:eveurope_charger_bms_charging_request_p1000_unpack	24	static
../Core/Src/dbc/eveurope_charger.c:794:5:eveurope_charger_bms_charging_request_p1000_init	16	static
../Core/Src/dbc/eveurope_charger.c:803:10:eveurope_charger_bms_charging_request_p1000_max_charging_voltage_encode	16	static
../Core/Src/dbc/eveurope_charger.c:808:8:eveurope_charger_bms_charging_request_p1000_max_charging_voltage_decode	16	static
../Core/Src/dbc/eveurope_charger.c:813:6:eveurope_charger_bms_charging_request_p1000_max_charging_voltage_is_in_range	16	static
../Core/Src/dbc/eveurope_charger.c:820:6:eveurope_charger_bms_charging_request_p1000_max_charging_voltage_is_in_phys_range	16	static
../Core/Src/dbc/eveurope_charger.c:825:10:eveurope_charger_bms_charging_request_p1000_max_charging_current_encode	16	static
../Core/Src/dbc/eveurope_charger.c:830:8:eveurope_charger_bms_charging_request_p1000_max_charging_current_decode	16	static
../Core/Src/dbc/eveurope_charger.c:835:6:eveurope_charger_bms_charging_request_p1000_max_charging_current_is_in_range	16	static
../Core/Src/dbc/eveurope_charger.c:842:6:eveurope_charger_bms_charging_request_p1000_max_charging_current_is_in_phys_range	16	static
../Core/Src/dbc/eveurope_charger.c:847:9:eveurope_charger_bms_charging_request_p1000_control_encode	16	static
../Core/Src/dbc/eveurope_charger.c:852:8:eveurope_charger_bms_charging_request_p1000_control_decode	16	static
../Core/Src/dbc/eveurope_charger.c:857:6:eveurope_charger_bms_charging_request_p1000_control_is_in_range	16	static
../Core/Src/dbc/eveurope_charger.c:864:6:eveurope_charger_bms_charging_request_p1000_control_is_in_phys_range	16	static
../Core/Src/dbc/eveurope_charger.c:869:5:eveurope_charger_charger_status_p1000_pack	24	static
../Core/Src/dbc/eveurope_charger.c:894:5:eveurope_charger_charger_status_p1000_unpack	24	static
../Core/Src/dbc/eveurope_charger.c:917:5:eveurope_charger_charger_status_p1000_init	16	static
../Core/Src/dbc/eveurope_charger.c:926:10:eveurope_charger_charger_status_p1000_output_voltage_encode	16	static
../Core/Src/dbc/eveurope_charger.c:931:8:eveurope_charger_charger_status_p1000_output_voltage_decode	16	static
../Core/Src/dbc/eveurope_charger.c:936:6:eveurope_charger_charger_status_p1000_output_voltage_is_in_range	16	static
../Core/Src/dbc/eveurope_charger.c:943:6:eveurope_charger_charger_status_p1000_output_voltage_is_in_phys_range	16	static
../Core/Src/dbc/eveurope_charger.c:948:10:eveurope_charger_charger_status_p1000_output_current_encode	16	static
../Core/Src/dbc/eveurope_charger.c:953:8:eveurope_charger_charger_status_p1000_output_current_decode	16	static
../Core/Src/dbc/eveurope_charger.c:958:6:eveurope_charger_charger_status_p1000_output_current_is_in_range	16	static
../Core/Src/dbc/eveurope_charger.c:965:6:eveurope_charger_charger_status_p1000_output_current_is_in_phys_range	16	static
../Core/Src/dbc/eveurope_charger.c:970:9:eveurope_charger_charger_status_p1000_hw_failure_encode	16	static
../Core/Src/dbc/eveurope_charger.c:975:8:eveurope_charger_charger_status_p1000_hw_failure_decode	16	static
../Core/Src/dbc/eveurope_charger.c:980:6:eveurope_charger_charger_status_p1000_hw_failure_is_in_range	16	static
../Core/Src/dbc/eveurope_charger.c:985:6:eveurope_charger_charger_status_p1000_hw_failure_is_in_phys_range	16	static
../Core/Src/dbc/eveurope_charger.c:990:9:eveurope_charger_charger_status_p1000_temp_otp_encode	16	static
../Core/Src/dbc/eveurope_charger.c:995:8:eveurope_charger_charger_status_p1000_temp_otp_decode	16	static
../Core/Src/dbc/eveurope_charger.c:1000:6:eveurope_charger_charger_status_p1000_temp_otp_is_in_range	16	static
../Core/Src/dbc/eveurope_charger.c:1005:6:eveurope_charger_charger_status_p1000_temp_otp_is_in_phys_range	16	static
../Core/Src/dbc/eveurope_charger.c:1010:9:eveurope_charger_charger_status_p1000_input_voltage_fault_encode	16	static
../Core/Src/dbc/eveurope_charger.c:1015:8:eveurope_charger_charger_status_p1000_input_voltage_fault_decode	16	static
../Core/Src/dbc/eveurope_charger.c:1020:6:eveurope_charger_charger_status_p1000_input_voltage_fault_is_in_range	16	static
../Core/Src/dbc/eveurope_charger.c:1025:6:eveurope_charger_charger_status_p1000_input_voltage_fault_is_in_phys_range	16	static
../Core/Src/dbc/eveurope_charger.c:1030:9:eveurope_charger_charger_status_p1000_starting_state_fault_encode	16	static
../Core/Src/dbc/eveurope_charger.c:1035:8:eveurope_charger_charger_status_p1000_starting_state_fault_decode	16	static
../Core/Src/dbc/eveurope_charger.c:1040:6:eveurope_charger_charger_status_p1000_starting_state_fault_is_in_range	16	static
../Core/Src/dbc/eveurope_charger.c:1045:6:eveurope_charger_charger_status_p1000_starting_state_fault_is_in_phys_range	16	static
../Core/Src/dbc/eveurope_charger.c:1050:9:eveurope_charger_charger_status_p1000_comm_timeout_encode	16	static
../Core/Src/dbc/eveurope_charger.c:1055:8:eveurope_charger_charger_status_p1000_comm_timeout_decode	16	static
../Core/Src/dbc/eveurope_charger.c:1060:6:eveurope_charger_charger_status_p1000_comm_timeout_is_in_range	16	static
../Core/Src/dbc/eveurope_charger.c:1065:6:eveurope_charger_charger_status_p1000_comm_timeout_is_in_phys_range	16	static
../Core/Src/dbc/eveurope_charger.c:1070:9:eveurope_charger_charger_status_p1000_charger_temperature_encode	16	static
../Core/Src/dbc/eveurope_charger.c:1075:8:eveurope_charger_charger_status_p1000_charger_temperature_decode	16	static
../Core/Src/dbc/eveurope_charger.c:1080:6:eveurope_charger_charger_status_p1000_charger_temperature_is_in_range	16	static
../Core/Src/dbc/eveurope_charger.c:1087:6:eveurope_charger_charger_status_p1000_charger_temperature_is_in_phys_range	16	static
